Archive member included to satisfy reference by file (symbol)

/Applications/SEGGER Embedded Studio for ARM 5.68/lib/libc_v7em_fpv4_sp_d16_hard_t_le_eabi.a(libc2.o)
                              Output/Release/Obj/fatfs_pca10040/nrf_log_str_formatter.o (isprint)
/Applications/SEGGER Embedded Studio for ARM 5.68/lib/libc_v7em_fpv4_sp_d16_hard_t_le_eabi.a(libc2_asm.o)
                              Output/Release/Obj/fatfs_pca10040/nrf_log_frontend.o (memcpy)
/Applications/SEGGER Embedded Studio for ARM 5.68/lib/libc_v7em_fpv4_sp_d16_hard_t_le_eabi.a(libvfprintf.o)
                              (__vfprintf_long)
/Applications/SEGGER Embedded Studio for ARM 5.68/lib/libc_v7em_fpv4_sp_d16_hard_t_le_eabi.a(libvfscanf.o)
                              (__vfscanf_long)
/Applications/SEGGER Embedded Studio for ARM 5.68/lib/libc_v7em_fpv4_sp_d16_hard_t_le_eabi.a(libc.o)
                              /Applications/SEGGER Embedded Studio for ARM 5.68/lib/libc_v7em_fpv4_sp_d16_hard_t_le_eabi.a(libc2.o) (__heap_lock)
/Applications/SEGGER Embedded Studio for ARM 5.68/lib/libc_v7em_fpv4_sp_d16_hard_t_le_eabi.a(libc_asm.o)
                              /Applications/SEGGER Embedded Studio for ARM 5.68/lib/libc_v7em_fpv4_sp_d16_hard_t_le_eabi.a(libc2.o) (__aeabi_uldivmod)
/Applications/SEGGER Embedded Studio for ARM 5.68/lib/libdebugio_v7em_fpv4_sp_d16_hard_t_le_eabi.a(libdebugio.o)
                              Output/Release/Obj/fatfs_pca10040/thumb_crt0.o (debug_fopen)
/Applications/SEGGER Embedded Studio for ARM 5.68/lib/libdebugio_v7em_fpv4_sp_d16_hard_t_le_eabi.a(do_nv_debug_operation.o)
                              /Applications/SEGGER Embedded Studio for ARM 5.68/lib/libdebugio_v7em_fpv4_sp_d16_hard_t_le_eabi.a(libdebugio.o) (__do_nvdebug_operation)
/Applications/SEGGER Embedded Studio for ARM 5.68/lib/libdebugio_v7em_fpv4_sp_d16_hard_t_le_eabi.a(mempoll_debug_operations.o)
                              (__do_debug_operation_mempoll)
/Applications/SEGGER Embedded Studio for ARM 5.68/lib/libm_v7em_fpv4_sp_d16_hard_t_le_eabi.a(libm_asm.o)
                              /Applications/SEGGER Embedded Studio for ARM 5.68/lib/libc_v7em_fpv4_sp_d16_hard_t_le_eabi.a(libc2.o) (__aeabi_dadd)
/Applications/SEGGER Embedded Studio for ARM 5.68/lib/libm_v7em_fpv4_sp_d16_hard_t_le_eabi.a(libm2.o)
                              /Applications/SEGGER Embedded Studio for ARM 5.68/lib/libc_v7em_fpv4_sp_d16_hard_t_le_eabi.a(libvfprintf.o) (frexp)

Discarded input sections

 .text          0x0000000000000000        0x0 Output/Release/Obj/fatfs_pca10040/thumb_crt0.o
 .data          0x0000000000000000        0x0 Output/Release/Obj/fatfs_pca10040/thumb_crt0.o
 .bss           0x0000000000000000        0x0 Output/Release/Obj/fatfs_pca10040/thumb_crt0.o
 .text.__aeabi_read_tp
                0x0000000000000000        0x8 Output/Release/Obj/fatfs_pca10040/thumb_crt0.o
 .text.abort    0x0000000000000000        0x2 Output/Release/Obj/fatfs_pca10040/thumb_crt0.o
 .text.__assert
                0x0000000000000000        0x2 Output/Release/Obj/fatfs_pca10040/thumb_crt0.o
 .text.__assert_func
                0x0000000000000000        0x2 Output/Release/Obj/fatfs_pca10040/thumb_crt0.o
 .text.__aeabi_assert
                0x0000000000000000        0x2 Output/Release/Obj/fatfs_pca10040/thumb_crt0.o
 .text.__sync_synchronize
                0x0000000000000000        0x2 Output/Release/Obj/fatfs_pca10040/thumb_crt0.o
 .text.__getchar
                0x0000000000000000        0x4 Output/Release/Obj/fatfs_pca10040/thumb_crt0.o
 .text.__putchar
                0x0000000000000000        0x4 Output/Release/Obj/fatfs_pca10040/thumb_crt0.o
 .text.__open   0x0000000000000000        0x4 Output/Release/Obj/fatfs_pca10040/thumb_crt0.o
 .text.__close  0x0000000000000000        0x4 Output/Release/Obj/fatfs_pca10040/thumb_crt0.o
 .text.__write  0x0000000000000000        0xa Output/Release/Obj/fatfs_pca10040/thumb_crt0.o
 .text.__read   0x0000000000000000        0xa Output/Release/Obj/fatfs_pca10040/thumb_crt0.o
 .text.__seek   0x0000000000000000       0x1a Output/Release/Obj/fatfs_pca10040/thumb_crt0.o
 .text.remove   0x0000000000000000        0x4 Output/Release/Obj/fatfs_pca10040/thumb_crt0.o
 .text.rename   0x0000000000000000        0x4 Output/Release/Obj/fatfs_pca10040/thumb_crt0.o
 .bss.__user_locale_name_buffer
                0x0000000000000000        0x4 Output/Release/Obj/fatfs_pca10040/thumb_crt0.o
 .stack         0x0000000000000000        0x0 Output/Release/Obj/fatfs_pca10040/thumb_crt0.o
 .stack_process
                0x0000000000000000        0x0 Output/Release/Obj/fatfs_pca10040/thumb_crt0.o
 .heap          0x0000000000000000        0x0 Output/Release/Obj/fatfs_pca10040/thumb_crt0.o
 .group         0x0000000000000000        0xc Output/Release/Obj/fatfs_pca10040/nrf_log_backend_rtt.o
 .group         0x0000000000000000        0xc Output/Release/Obj/fatfs_pca10040/nrf_log_backend_rtt.o
[...]
Memory Configuration

Name             Origin             Length             Attributes
UNPLACED_SECTIONS 0x0000000100000000 0x0000000000000000 xw
RAM1             0x0000000020000000 0x0000000000010000 xw
FLASH            0x0000000000000000 0x0000000000080000 xw
*default*        0x0000000000000000 0xffffffffffffffff

Linker script and memory map

                0x0000000000000000                __do_debug_operation = __do_debug_operation_mempoll
                0x0000000000004f58                __vfprintf = __vfprintf_long
                0x0000000000000000                __vfscanf = __vfscanf_long
                0x0000000020000000                __RAM1_segment_start__ = 0x20000000
                0x0000000020010000                __RAM1_segment_end__ = 0x20010000
                0x0000000000010000                __RAM1_segment_size__ = 0x10000
                0x0000000000000000                __FLASH_segment_start__ = 0x0
                0x0000000000080000                __FLASH_segment_end__ = 0x80000
                0x0000000000080000                __FLASH_segment_size__ = 0x80000
                0x0000000000002000                __HEAPSIZE__ = 0x2000
                0x0000000000000000                __STACKSIZE_PROCESS__ = 0x0
                0x0000000000002000                __STACKSIZE__ = 0x2000
                0x0000000020000000                __vectors_ram_load_start__ = 0x20000000

.vectors_ram    0x0000000020000000        0x0
                0x0000000020000000                __vectors_ram_start__ = .
                0x0000000020000000                __app_ram_start__ = __vectors_ram_start__
 *(.vectors_ram .vectors_ram.*)
                0x0000000020000000                __vectors_ram_end__ = (__vectors_ram_start__ + SIZEOF (.vectors_ram))
                0x0000000000000000                __vectors_ram_size__ = SIZEOF (.vectors_ram)
                0x0000000020000000                __vectors_ram_load_end__ = __vectors_ram_end__
                0x0000000000000001                . = ASSERT (((__vectors_ram_start__ == __vectors_ram_end__) || ((__vectors_ram_end__ - __RAM1_segment_start__) <= __RAM1_segment_size__)), error: .vectors_ram is too large to fit in RAM1 memory segment)
                0x0000000020000000                __nrf_sections_run_load_start__ = ALIGN (__vectors_ram_end__, 0x4)

.nrf_sections_run
                0x0000000020000000        0x0
                0x0000000020000000                __nrf_sections_run_start__ = .
                0x0000000020000000                __start_nrf_sections_run = __nrf_sections_run_start__
 *(.nrf_sections_run .nrf_sections_run.*)
                0x0000000020000000                __nrf_sections_run_end__ = (__nrf_sections_run_start__ + SIZEOF (.nrf_sections_run))
                0x0000000000000000                __nrf_sections_run_size__ = SIZEOF (.nrf_sections_run)
                0x0000000020000000                __nrf_sections_run_load_end__ = __nrf_sections_run_end__
                0x0000000000000001                . = ASSERT (((__nrf_sections_run_start__ == __nrf_sections_run_end__) || ((__nrf_sections_run_end__ - __RAM1_segment_start__) <= __RAM1_segment_size__)), error: .nrf_sections_run is too large to fit in RAM1 memory segment)
                0x0000000000000000                __vectors_load_start__ = 0x0

.vectors        0x0000000000000000      0x200
                0x0000000000000000                __vectors_start__ = .
 *(.vectors .vectors.*)
 .vectors       0x0000000000000000      0x200 Output/Release/Obj/fatfs_pca10040/ses_startup_nrf52.o
                0x0000000000000000                _vectors
                0x0000000000000200                __vectors_end__ = (__vectors_start__ + SIZEOF (.vectors))
                0x0000000000000200                __vectors_size__ = SIZEOF (.vectors)
                0x0000000000000200                __vectors_load_end__ = __vectors_end__
                0x0000000000000001                . = ASSERT (((__vectors_start__ == __vectors_end__) || ((__vectors_end__ - __FLASH_segment_start__) <= __FLASH_segment_size__)), error: .vectors is too large to fit in FLASH memory segment)
                0x0000000000000200                __init_load_start__ = ALIGN (__vectors_end__, 0x4)

.init           0x0000000000000200      0x1d0
                0x0000000000000200                __init_start__ = .
 *(.init .init.*)
 .init          0x0000000000000200      0x15c Output/Release/Obj/fatfs_pca10040/thumb_crt0.o
                0x0000000000000200                _start
                0x00000000000002b4                exit
 .init          0x000000000000035c       0x18 Output/Release/Obj/fatfs_pca10040/ses_startup_nrf52.o
                0x000000000000035c                NMI_Handler
                0x000000000000035e                HardFault_Handler
                0x0000000000000360                MemoryManagement_Handler
                0x0000000000000362                BusFault_Handler
                0x0000000000000364                UsageFault_Handler
                0x0000000000000366                SVC_Handler
                0x0000000000000368                DebugMon_Handler
                0x000000000000036a                PendSV_Handler
                0x000000000000036c                SysTick_Handler
                0x000000000000036e                TEMP_IRQHandler
                0x000000000000036e                QDEC_IRQHandler
                0x000000000000036e                TIMER3_IRQHandler
                0x000000000000036e                FPU_IRQHandler
                0x000000000000036e                TIMER4_IRQHandler
                0x000000000000036e                I2S_IRQHandler
                0x000000000000036e                SWI4_EGU4_IRQHandler
                0x000000000000036e                TIMER0_IRQHandler
                0x000000000000036e                Dummy_Handler
                0x000000000000036e                TIMER1_IRQHandler
                0x000000000000036e                PWM2_IRQHandler
                0x000000000000036e                ECB_IRQHandler
                0x000000000000036e                SPIM1_SPIS1_TWIM1_TWIS1_SPI1_TWI1_IRQHandler
                0x000000000000036e                SAADC_IRQHandler
                0x000000000000036e                CCM_AAR_IRQHandler
                0x000000000000036e                WDT_IRQHandler
                0x000000000000036e                SWI5_EGU5_IRQHandler
                0x000000000000036e                RNG_IRQHandler
                0x000000000000036e                RTC2_IRQHandler
                0x000000000000036e                PWM0_IRQHandler
                0x000000000000036e                SWI3_EGU3_IRQHandler
                0x000000000000036e                RTC1_IRQHandler
                0x000000000000036e                SWI1_EGU1_IRQHandler
                0x000000000000036e                SPIM2_SPIS2_SPI2_IRQHandler
                0x000000000000036e                NFCT_IRQHandler
                0x000000000000036e                MWU_IRQHandler
                0x000000000000036e                COMP_LPCOMP_IRQHandler
                0x000000000000036e                RTC0_IRQHandler
                0x000000000000036e                SWI0_EGU0_IRQHandler
                0x000000000000036e                SWI2_EGU2_IRQHandler
                0x000000000000036e                GPIOTE_IRQHandler
                0x000000000000036e                PWM1_IRQHandler
                0x000000000000036e                POWER_CLOCK_IRQHandler
                0x000000000000036e                RADIO_IRQHandler
                0x000000000000036e                PDM_IRQHandler
                0x000000000000036e                TIMER2_IRQHandler
                0x0000000000000370                nRFInitialize
 .init          0x0000000000000374       0x5c Output/Release/Obj/fatfs_pca10040/ses_startup_nrf_common.o
                0x0000000000000374                Reset_Handler
                0x0000000000000378                afterInitialize
                0x000000000000039c                InitializeUserMemorySections
                0x00000000000003d0                __init_end__ = (__init_start__ + SIZEOF (.init))
                0x00000000000001d0                __init_size__ = SIZEOF (.init)
                0x00000000000003d0                __init_load_end__ = __init_end__
                0x0000000000000001                . = ASSERT (((__init_start__ == __init_end__) || ((__init_end__ - __FLASH_segment_start__) <= __FLASH_segment_size__)), error: .init is too large to fit in FLASH memory segment)
                0x00000000000003d0                __init_rodata_load_start__ = ALIGN (__init_end__, 0x4)

.init_rodata    0x00000000000003d0        0x0
                0x00000000000003d0                __init_rodata_start__ = .
 *(.init_rodata .init_rodata.*)
                0x00000000000003d0                __init_rodata_end__ = (__init_rodata_start__ + SIZEOF (.init_rodata))
                0x0000000000000000                __init_rodata_size__ = SIZEOF (.init_rodata)
                0x00000000000003d0                __init_rodata_load_end__ = __init_rodata_end__
                0x0000000000000001                . = ASSERT (((__init_rodata_start__ == __init_rodata_end__) || ((__init_rodata_end__ - __FLASH_segment_start__) <= __FLASH_segment_size__)), error: .init_rodata is too large to fit in FLASH memory segment)
                0x00000000000003d0                __text_load_start__ = ALIGN (__init_rodata_end__, 0x4)

.text           0x00000000000003d0     0x5184
                0x00000000000003d0                __text_start__ = .
 *(.text .text.* .glue_7t .glue_7 .gnu.linkonce.t.* .gcc_except_table .ARM.extab* .gnu.linkonce.armextab.*)
 .glue_7        0x00000000000003d0        0x0 linker stubs
 .glue_7t       0x00000000000003d0        0x0 linker stubs
 .text.nrf_log_backend_serial_put
                0x00000000000003d0       0xc2 Output/Release/Obj/fatfs_pca10040/nrf_log_backend_serial.o
                0x00000000000003d0                nrf_log_backend_serial_put
 .text.nrf_log_backend_uart_flush
                0x0000000000000492        0x2 Output/Release/Obj/fatfs_pca10040/nrf_log_backend_uart.o
 .text.nrf_log_backend_uart_put
                0x0000000000000494       0x1c Output/Release/Obj/fatfs_pca10040/nrf_log_backend_uart.o
 .text.uart_init.constprop.0
                0x00000000000004b0       0x40 Output/Release/Obj/fatfs_pca10040/nrf_log_backend_uart.o
 .text.serial_tx
                0x00000000000004f0       0x48 Output/Release/Obj/fatfs_pca10040/nrf_log_backend_uart.o
 .text.nrf_log_backend_uart_panic_set
                0x0000000000000538       0x2c Output/Release/Obj/fatfs_pca10040/nrf_log_backend_uart.o
 .text.nrf_log_backend_uart_init
                0x0000000000000564        0x4 Output/Release/Obj/fatfs_pca10040/nrf_log_backend_uart.o
                0x0000000000000564                nrf_log_backend_uart_init
 .text.nrf_log_default_backends_init
                0x0000000000000568       0x20 Output/Release/Obj/fatfs_pca10040/nrf_log_default_backends.o
                0x0000000000000568                nrf_log_default_backends_init
 .text.invalid_packets_omit
                0x0000000000000588       0x3a Output/Release/Obj/fatfs_pca10040/nrf_log_frontend.o
 *fill*         0x00000000000005c2        0x2 
 .text.buf_prealloc
                0x00000000000005c4      0x11c Output/Release/Obj/fatfs_pca10040/nrf_log_frontend.o
 .text.nrf_log_init
                0x00000000000006e0       0x28 Output/Release/Obj/fatfs_pca10040/nrf_log_frontend.o
                0x00000000000006e0                nrf_log_init
 .text.nrf_log_module_name_get
                0x0000000000000708       0x38 Output/Release/Obj/fatfs_pca10040/nrf_log_frontend.o
                0x0000000000000708                nrf_log_module_name_get
 .text.nrf_log_color_id_get
                0x0000000000000740       0x2c Output/Release/Obj/fatfs_pca10040/nrf_log_frontend.o
                0x0000000000000740                nrf_log_color_id_get
 .text.buffer_is_empty
                0x000000000000076c       0x14 Output/Release/Obj/fatfs_pca10040/nrf_log_frontend.o
                0x000000000000076c                buffer_is_empty
 .text.nrf_log_frontend_dequeue
                0x0000000000000780      0x200 Output/Release/Obj/fatfs_pca10040/nrf_log_frontend.o
                0x0000000000000780                nrf_log_frontend_dequeue
 .text.std_n    0x0000000000000980       0x8c Output/Release/Obj/fatfs_pca10040/nrf_log_frontend.o
 .text.nrf_log_frontend_std_0
                0x0000000000000a0c        0x8 Output/Release/Obj/fatfs_pca10040/nrf_log_frontend.o
                0x0000000000000a0c                nrf_log_frontend_std_0
 .text.nrf_log_frontend_std_1
                0x0000000000000a14       0x12 Output/Release/Obj/fatfs_pca10040/nrf_log_frontend.o
                0x0000000000000a14                nrf_log_frontend_std_1
 .text.nrf_log_frontend_std_2
                0x0000000000000a26       0x14 Output/Release/Obj/fatfs_pca10040/nrf_log_frontend.o
                0x0000000000000a26                nrf_log_frontend_std_2
 *fill*         0x0000000000000a3a        0x2 
 .text.nrf_log_backend_add
                0x0000000000000a3c       0x44 Output/Release/Obj/fatfs_pca10040/nrf_log_frontend.o
                0x0000000000000a3c                nrf_log_backend_add
 .text.nrf_log_panic
                0x0000000000000a80       0x28 Output/Release/Obj/fatfs_pca10040/nrf_log_frontend.o
                0x0000000000000a80                nrf_log_panic
 .text.prefix_process
                0x0000000000000aa8       0x7c Output/Release/Obj/fatfs_pca10040/nrf_log_str_formatter.o
 .text.postfix_process
                0x0000000000000b24       0x44 Output/Release/Obj/fatfs_pca10040/nrf_log_str_formatter.o
 .text.nrf_log_std_entry_process
                0x0000000000000b68       0xc8 Output/Release/Obj/fatfs_pca10040/nrf_log_str_formatter.o
                0x0000000000000b68                nrf_log_std_entry_process
 .text.nrf_log_hexdump_entry_process
                0x0000000000000c30       0xc0 Output/Release/Obj/fatfs_pca10040/nrf_log_str_formatter.o
                0x0000000000000c30                nrf_log_hexdump_entry_process
 .text.bsp_board_led_off
                0x0000000000000cf0       0x18 Output/Release/Obj/fatfs_pca10040/boards.o
                0x0000000000000cf0                bsp_board_led_off
 .text.bsp_board_leds_off
                0x0000000000000d08       0x1e Output/Release/Obj/fatfs_pca10040/boards.o
                0x0000000000000d08                bsp_board_leds_off
 .text.bsp_board_init
                0x0000000000000d26       0x3e Output/Release/Obj/fatfs_pca10040/boards.o
                0x0000000000000d26                bsp_board_init
 .text.app_error_handler_bare
                0x0000000000000d64       0x1a Output/Release/Obj/fatfs_pca10040/app_error.o
                0x0000000000000d64                app_error_handler_bare
 *fill*         0x0000000000000d7e        0x2 
 .text.app_error_fault_handler
                0x0000000000000d80       0x6c Output/Release/Obj/fatfs_pca10040/app_error_weak.o
                0x0000000000000d80                app_error_fault_handler
 .text.sdc_spi_transfer
                0x0000000000000dec       0x40 Output/Release/Obj/fatfs_pca10040/app_sdcard.o
 .text.sdc_cmd  0x0000000000000e2c       0xbc Output/Release/Obj/fatfs_pca10040/app_sdcard.o
 .text.sdc_pt_sub_data_read
                0x0000000000000ee8      0x15c Output/Release/Obj/fatfs_pca10040/app_sdcard.o
 .text.app_sdc_block_read
                0x0000000000001044       0x60 Output/Release/Obj/fatfs_pca10040/app_sdcard.o
                0x0000000000001044                app_sdc_block_read
 .text.app_sdc_block_write
                0x00000000000010a4       0x68 Output/Release/Obj/fatfs_pca10040/app_sdcard.o
                0x00000000000010a4                app_sdc_block_write
 .text.app_sdc_init
                0x000000000000110c       0xe0 Output/Release/Obj/fatfs_pca10040/app_sdcard.o
                0x000000000000110c                app_sdc_init
 .text.app_sdc_uninit
                0x00000000000011ec       0x44 Output/Release/Obj/fatfs_pca10040/app_sdcard.o
                0x00000000000011ec                app_sdc_uninit
 .text.spi_handler
                0x0000000000001230      0x6c0 Output/Release/Obj/fatfs_pca10040/app_sdcard.o
 .text.app_sdc_busy_check
                0x00000000000018f0       0x20 Output/Release/Obj/fatfs_pca10040/app_sdcard.o
                0x00000000000018f0                app_sdc_busy_check
 .text.app_sdc_info_get
                0x0000000000001910       0x18 Output/Release/Obj/fatfs_pca10040/app_sdcard.o
                0x0000000000001910                app_sdc_info_get
 .text.app_util_disable_irq
                0x0000000000001928       0x10 Output/Release/Obj/fatfs_pca10040/app_util_platform.o
                0x0000000000001928                app_util_disable_irq
 .text.app_util_enable_irq
                0x0000000000001938       0x14 Output/Release/Obj/fatfs_pca10040/app_util_platform.o
                0x0000000000001938                app_util_enable_irq
 .text.app_util_critical_region_enter
                0x000000000000194c        0x4 Output/Release/Obj/fatfs_pca10040/app_util_platform.o
                0x000000000000194c                app_util_critical_region_enter
 .text.app_util_critical_region_exit
                0x0000000000001950        0x4 Output/Release/Obj/fatfs_pca10040/app_util_platform.o
                0x0000000000001950                app_util_critical_region_exit
 .text.nrf_atomic_u32_fetch_store
                0x0000000000001954       0x16 Output/Release/Obj/fatfs_pca10040/nrf_atomic.o
                0x0000000000001954                nrf_atomic_u32_fetch_store
 .text.nrf_atomic_u32_or
                0x000000000000196a       0x18 Output/Release/Obj/fatfs_pca10040/nrf_atomic.o
                0x000000000000196a                nrf_atomic_u32_or
 .text.nrf_atomic_u32_fetch_and
                0x0000000000001982       0x18 Output/Release/Obj/fatfs_pca10040/nrf_atomic.o
                0x0000000000001982                nrf_atomic_u32_fetch_and
 .text.nrf_atomic_u32_add
                0x000000000000199a       0x18 Output/Release/Obj/fatfs_pca10040/nrf_atomic.o
                0x000000000000199a                nrf_atomic_u32_add
 .text.nrf_atomic_u32_sub
                0x00000000000019b2       0x18 Output/Release/Obj/fatfs_pca10040/nrf_atomic.o
                0x00000000000019b2                nrf_atomic_u32_sub
 .text.nrf_atomic_flag_set
                0x00000000000019ca        0x6 Output/Release/Obj/fatfs_pca10040/nrf_atomic.o
                0x00000000000019ca                nrf_atomic_flag_set
 .text.nrf_atomic_flag_clear_fetch
                0x00000000000019d0        0x6 Output/Release/Obj/fatfs_pca10040/nrf_atomic.o
                0x00000000000019d0                nrf_atomic_flag_clear_fetch
 .text.nrf_balloc_init
                0x00000000000019d6       0x2e Output/Release/Obj/fatfs_pca10040/nrf_balloc.o
                0x00000000000019d6                nrf_balloc_init
 .text.nrf_balloc_alloc
                0x0000000000001a04       0x40 Output/Release/Obj/fatfs_pca10040/nrf_balloc.o
                0x0000000000001a04                nrf_balloc_alloc
 .text.nrf_balloc_free
                0x0000000000001a44       0x2a Output/Release/Obj/fatfs_pca10040/nrf_balloc.o
                0x0000000000001a44                nrf_balloc_free
 .text.block_dev_sdc_ioctl
                0x0000000000001a6e       0x1e Output/Release/Obj/fatfs_pca10040/nrf_block_dev_sdc.o
 .text.block_dev_sdc_geometry
                0x0000000000001a8c        0x4 Output/Release/Obj/fatfs_pca10040/nrf_block_dev_sdc.o
 .text.sdc_wait
                0x0000000000001a90        0xc Output/Release/Obj/fatfs_pca10040/nrf_block_dev_sdc.o
 .text.block_dev_sdc_write_req
                0x0000000000001a9c       0x78 Output/Release/Obj/fatfs_pca10040/nrf_block_dev_sdc.o
 .text.block_dev_sdc_read_req
                0x0000000000001b14       0x78 Output/Release/Obj/fatfs_pca10040/nrf_block_dev_sdc.o
 .text.block_dev_sdc_uninit
                0x0000000000001b8c       0x54 Output/Release/Obj/fatfs_pca10040/nrf_block_dev_sdc.o
 .text.block_dev_sdc_init
                0x0000000000001be0       0x78 Output/Release/Obj/fatfs_pca10040/nrf_block_dev_sdc.o
 .text.sdc_handler
                0x0000000000001c58       0xb0 Output/Release/Obj/fatfs_pca10040/nrf_block_dev_sdc.o
 .text.nrf_fprintf_buffer_flush
                0x0000000000001d08       0x16 Output/Release/Obj/fatfs_pca10040/nrf_fprintf.o
                0x0000000000001d08                nrf_fprintf_buffer_flush
 .text.nrf_fprintf
                0x0000000000001d1e       0x1c Output/Release/Obj/fatfs_pca10040/nrf_fprintf.o
                0x0000000000001d1e                nrf_fprintf
 .text.buffer_add
                0x0000000000001d3a       0x2e Output/Release/Obj/fatfs_pca10040/nrf_fprintf_format.o
 .text.unsigned_print
                0x0000000000001d68       0xb4 Output/Release/Obj/fatfs_pca10040/nrf_fprintf_format.o
 .text.nrf_fprintf_fmt
                0x0000000000001e1c      0x294 Output/Release/Obj/fatfs_pca10040/nrf_fprintf_format.o
                0x0000000000001e1c                nrf_fprintf_fmt
 .text.memobj_op
                0x00000000000020b0       0x86 Output/Release/Obj/fatfs_pca10040/nrf_memobj.o
 .text.nrf_memobj_pool_init
                0x0000000000002136        0x4 Output/Release/Obj/fatfs_pca10040/nrf_memobj.o
                0x0000000000002136                nrf_memobj_pool_init
 .text.nrf_memobj_free
                0x000000000000213a       0x2c Output/Release/Obj/fatfs_pca10040/nrf_memobj.o
                0x000000000000213a                nrf_memobj_free
 .text.nrf_memobj_alloc
                0x0000000000002166       0x5e Output/Release/Obj/fatfs_pca10040/nrf_memobj.o
                0x0000000000002166                nrf_memobj_alloc
 .text.nrf_memobj_get
                0x00000000000021c4        0x8 Output/Release/Obj/fatfs_pca10040/nrf_memobj.o
                0x00000000000021c4                nrf_memobj_get
 .text.nrf_memobj_put
                0x00000000000021cc       0x1c Output/Release/Obj/fatfs_pca10040/nrf_memobj.o
                0x00000000000021cc                nrf_memobj_put
 .text.nrf_memobj_write
                0x00000000000021e8       0x14 Output/Release/Obj/fatfs_pca10040/nrf_memobj.o
                0x00000000000021e8                nrf_memobj_write
 .text.nrf_memobj_read
                0x00000000000021fc       0x14 Output/Release/Obj/fatfs_pca10040/nrf_memobj.o
                0x00000000000021fc                nrf_memobj_read
 .text.nrf_ringbuf_init
                0x0000000000002210       0x12 Output/Release/Obj/fatfs_pca10040/nrf_ringbuf.o
                0x0000000000002210                nrf_ringbuf_init
 *fill*         0x0000000000002222        0x2 
 .text.spim_evt_handler
                0x0000000000002224       0x3c Output/Release/Obj/fatfs_pca10040/nrf_drv_spi.o
 .text.nrf_drv_spi_init
                0x0000000000002260       0x64 Output/Release/Obj/fatfs_pca10040/nrf_drv_spi.o
                0x0000000000002260                nrf_drv_spi_init
 .text.uarte_evt_handler
                0x00000000000022c4       0x34 Output/Release/Obj/fatfs_pca10040/nrf_drv_uart.o
 .text.uart_evt_handler
                0x00000000000022f8       0x34 Output/Release/Obj/fatfs_pca10040/nrf_drv_uart.o
 .text.nrf_drv_uart_init
                0x000000000000232c       0x7c Output/Release/Obj/fatfs_pca10040/nrf_drv_uart.o
                0x000000000000232c                nrf_drv_uart_init
 .text.UARTE0_UART0_IRQHandler
                0x00000000000023a8        0xc Output/Release/Obj/fatfs_pca10040/nrfx_prs.o
                0x00000000000023a8                UARTE0_UART0_IRQHandler
 .text.nrfx_prs_acquire
                0x00000000000023b4       0x38 Output/Release/Obj/fatfs_pca10040/nrfx_prs.o
                0x00000000000023b4                nrfx_prs_acquire
 .text.nrfx_prs_release
                0x00000000000023ec       0x18 Output/Release/Obj/fatfs_pca10040/nrfx_prs.o
                0x00000000000023ec                nrfx_prs_release
 .text.SPIM0_SPIS0_TWIM0_TWIS0_SPI0_TWI0_IRQHandler
                0x0000000000002404       0x58 Output/Release/Obj/fatfs_pca10040/nrfx_spim.o
                0x0000000000002404                SPIM0_SPIS0_TWIM0_TWIS0_SPI0_TWI0_IRQHandler
 .text.nrfx_spim_init
                0x000000000000245c      0x1ac Output/Release/Obj/fatfs_pca10040/nrfx_spim.o
                0x000000000000245c                nrfx_spim_init
 .text.nrfx_spim_uninit
                0x0000000000002608       0x9c Output/Release/Obj/fatfs_pca10040/nrfx_spim.o
                0x0000000000002608                nrfx_spim_uninit
 .text.nrfx_spim_xfer
                0x00000000000026a4      0x128 Output/Release/Obj/fatfs_pca10040/nrfx_spim.o
                0x00000000000026a4                nrfx_spim_xfer
 .text.nrf_uart_event_clear
                0x00000000000027cc       0x10 Output/Release/Obj/fatfs_pca10040/nrfx_uart.o
 .text.tx_byte  0x00000000000027dc       0x1e Output/Release/Obj/fatfs_pca10040/nrfx_uart.o
 .text.rx_byte  0x00000000000027fa       0x2c Output/Release/Obj/fatfs_pca10040/nrfx_uart.o
 *fill*         0x0000000000002826        0x2 
 .text.rx_done_event.constprop.0
                0x0000000000002828       0x20 Output/Release/Obj/fatfs_pca10040/nrfx_uart.o
 .text.nrfx_uart_0_irq_handler
                0x0000000000002848      0x140 Output/Release/Obj/fatfs_pca10040/nrfx_uart.o
                0x0000000000002848                nrfx_uart_0_irq_handler
 .text.nrfx_uart_init
                0x0000000000002988      0x168 Output/Release/Obj/fatfs_pca10040/nrfx_uart.o
                0x0000000000002988                nrfx_uart_init
 .text.nrfx_uart_uninit
                0x0000000000002af0       0xd4 Output/Release/Obj/fatfs_pca10040/nrfx_uart.o
                0x0000000000002af0                nrfx_uart_uninit
 .text.nrfx_uart_tx_in_progress
                0x0000000000002bc4       0x18 Output/Release/Obj/fatfs_pca10040/nrfx_uart.o
                0x0000000000002bc4                nrfx_uart_tx_in_progress
 .text.nrfx_uart_tx
                0x0000000000002bdc       0xa0 Output/Release/Obj/fatfs_pca10040/nrfx_uart.o
                0x0000000000002bdc                nrfx_uart_tx
 .text.nrf_uarte_event_clear
                0x0000000000002c7c       0x10 Output/Release/Obj/fatfs_pca10040/nrfx_uarte.o
 .text.rx_done_event.constprop.0
                0x0000000000002c8c       0x20 Output/Release/Obj/fatfs_pca10040/nrfx_uarte.o
 .text.nrfx_uarte_0_irq_handler
                0x0000000000002cac      0x118 Output/Release/Obj/fatfs_pca10040/nrfx_uarte.o
                0x0000000000002cac                nrfx_uarte_0_irq_handler
 .text.nrfx_uarte_init
                0x0000000000002dc4      0x184 Output/Release/Obj/fatfs_pca10040/nrfx_uarte.o
                0x0000000000002dc4                nrfx_uarte_init
 .text.nrfx_uarte_uninit
                0x0000000000002f48      0x120 Output/Release/Obj/fatfs_pca10040/nrfx_uarte.o
                0x0000000000002f48                nrfx_uarte_uninit
 .text.nrfx_uarte_tx_in_progress
                0x0000000000003068       0x18 Output/Release/Obj/fatfs_pca10040/nrfx_uarte.o
                0x0000000000003068                nrfx_uarte_tx_in_progress
 .text.nrfx_uarte_tx
                0x0000000000003080       0x9c Output/Release/Obj/fatfs_pca10040/nrfx_uarte.o
                0x0000000000003080                nrfx_uarte_tx
 .text.startup.main
                0x000000000000311c      0x230 Output/Release/Obj/fatfs_pca10040/main.o
                0x000000000000311c                main
 .text._GetAvailWriteSpace
                0x000000000000334c       0x12 Output/Release/Obj/fatfs_pca10040/SEGGER_RTT.o
 .text._WriteNoCheck
                0x000000000000335e       0x38 Output/Release/Obj/fatfs_pca10040/SEGGER_RTT.o
 .text._WriteBlocking
                0x0000000000003396       0x52 Output/Release/Obj/fatfs_pca10040/SEGGER_RTT.o
 .text._DoInit  0x00000000000033e8       0x60 Output/Release/Obj/fatfs_pca10040/SEGGER_RTT.o
 .text.SEGGER_RTT_WriteNoLock
                0x0000000000003448       0x60 Output/Release/Obj/fatfs_pca10040/SEGGER_RTT.o
                0x0000000000003448                SEGGER_RTT_WriteNoLock
 .text.SEGGER_RTT_Write
                0x00000000000034a8       0x34 Output/Release/Obj/fatfs_pca10040/SEGGER_RTT.o
                0x00000000000034a8                SEGGER_RTT_Write
 .text.printf   0x00000000000034dc       0x3a Output/Release/Obj/fatfs_pca10040/SEGGER_RTT_Syscalls_SES.o
                0x00000000000034dc                printf
 *fill*         0x0000000000003516        0x2 
 .text.block_dev_handler
                0x0000000000003518       0x20 Output/Release/Obj/fatfs_pca10040/diskio_blkdev.o
 .text.default_wait_func
                0x0000000000003538        0x4 Output/Release/Obj/fatfs_pca10040/diskio_blkdev.o
 .text.disk_initialize
                0x000000000000353c       0x78 Output/Release/Obj/fatfs_pca10040/diskio_blkdev.o
                0x000000000000353c                disk_initialize
 .text.disk_status
                0x00000000000035b4       0x28 Output/Release/Obj/fatfs_pca10040/diskio_blkdev.o
                0x00000000000035b4                disk_status
 .text.disk_read
                0x00000000000035dc       0x80 Output/Release/Obj/fatfs_pca10040/diskio_blkdev.o
                0x00000000000035dc                disk_read
 .text.disk_write
                0x000000000000365c       0x8c Output/Release/Obj/fatfs_pca10040/diskio_blkdev.o
                0x000000000000365c                disk_write
 .text.disk_ioctl
                0x00000000000036e8       0x98 Output/Release/Obj/fatfs_pca10040/diskio_blkdev.o
                0x00000000000036e8                disk_ioctl
 .text.diskio_blockdev_register
                0x0000000000003780       0x14 Output/Release/Obj/fatfs_pca10040/diskio_blkdev.o
                0x0000000000003780                diskio_blockdev_register
 .text.ld_dword
                0x0000000000003794        0x4 Output/Release/Obj/fatfs_pca10040/ff.o
 .text.st_dword
                0x0000000000003798       0x10 Output/Release/Obj/fatfs_pca10040/ff.o
 .text.mem_set  0x00000000000037a8        0xc Output/Release/Obj/fatfs_pca10040/ff.o
 .text.clust2sect
                0x00000000000037b4       0x16 Output/Release/Obj/fatfs_pca10040/ff.o
 .text.st_clust
                0x00000000000037ca       0x18 Output/Release/Obj/fatfs_pca10040/ff.o
 .text.get_ldnumber
                0x00000000000037e2       0x30 Output/Release/Obj/fatfs_pca10040/ff.o
 .text.validate
                0x0000000000003812       0x34 Output/Release/Obj/fatfs_pca10040/ff.o
 .text.mem_cpy.part.0
                0x0000000000003846       0x12 Output/Release/Obj/fatfs_pca10040/ff.o
 .text.sync_window.part.0
                0x0000000000003858       0x4c Output/Release/Obj/fatfs_pca10040/ff.o
 .text.sync_window
                0x00000000000038a4        0xc Output/Release/Obj/fatfs_pca10040/ff.o
 .text.move_window
                0x00000000000038b0       0x32 Output/Release/Obj/fatfs_pca10040/ff.o
 *fill*         0x00000000000038e2        0x2 
 .text.check_fs
                0x00000000000038e4       0x74 Output/Release/Obj/fatfs_pca10040/ff.o
 .text.find_volume
                0x0000000000003958      0x250 Output/Release/Obj/fatfs_pca10040/ff.o
 .text.put_fat  0x0000000000003ba8       0xfa Output/Release/Obj/fatfs_pca10040/ff.o
 .text.sync_fs  0x0000000000003ca2       0x96 Output/Release/Obj/fatfs_pca10040/ff.o
 .text.get_fileinfo.part.0.isra.0
                0x0000000000003d38       0x56 Output/Release/Obj/fatfs_pca10040/ff.o
 .text.ld_clust.isra.0
                0x0000000000003d8e       0x10 Output/Release/Obj/fatfs_pca10040/ff.o
 .text.get_fat.isra.0
                0x0000000000003d9e       0xac Output/Release/Obj/fatfs_pca10040/ff.o
 .text.dir_sdi.constprop.0
                0x0000000000003e4a       0x64 Output/Release/Obj/fatfs_pca10040/ff.o
 .text.remove_chain
                0x0000000000003eae       0x70 Output/Release/Obj/fatfs_pca10040/ff.o
 .text.create_chain
                0x0000000000003f1e       0xb0 Output/Release/Obj/fatfs_pca10040/ff.o
 .text.dir_next
                0x0000000000003fce       0xea Output/Release/Obj/fatfs_pca10040/ff.o
 .text.follow_path
                0x00000000000040b8      0x1b0 Output/Release/Obj/fatfs_pca10040/ff.o
 .text.dir_read.constprop.0
                0x0000000000004268       0x54 Output/Release/Obj/fatfs_pca10040/ff.o
 .text.dir_register
                0x00000000000042bc       0x62 Output/Release/Obj/fatfs_pca10040/ff.o
 *fill*         0x000000000000431e        0x2 
 .text.f_mount  0x0000000000004320       0x4c Output/Release/Obj/fatfs_pca10040/ff.o
                0x0000000000004320                f_mount
 .text.f_open   0x000000000000436c      0x1c2 Output/Release/Obj/fatfs_pca10040/ff.o
                0x000000000000436c                f_open
 .text.f_read   0x000000000000452e      0x158 Output/Release/Obj/fatfs_pca10040/ff.o
                0x000000000000452e                f_read
 .text.f_write  0x0000000000004686      0x182 Output/Release/Obj/fatfs_pca10040/ff.o
                0x0000000000004686                f_write
 .text.f_sync   0x0000000000004808       0x8e Output/Release/Obj/fatfs_pca10040/ff.o
                0x0000000000004808                f_sync
 .text.f_close  0x0000000000004896       0x1a Output/Release/Obj/fatfs_pca10040/ff.o
                0x0000000000004896                f_close
 .text.f_opendir
                0x00000000000048b0       0x66 Output/Release/Obj/fatfs_pca10040/ff.o
                0x00000000000048b0                f_opendir
 .text.f_readdir
                0x0000000000004916       0x42 Output/Release/Obj/fatfs_pca10040/ff.o
                0x0000000000004916                f_readdir
 .text.nrf52_errata_12
                0x0000000000004958       0x1c Output/Release/Obj/fatfs_pca10040/system_nrf52.o
 .text.nrf52_errata_16
                0x0000000000004974       0x28 Output/Release/Obj/fatfs_pca10040/system_nrf52.o
 .text.SystemInit
                0x000000000000499c      0x280 Output/Release/Obj/fatfs_pca10040/system_nrf52.o
                0x000000000000499c                SystemInit
 .text.libc.__RAL_ascii_isctype
                0x0000000000004c1c       0x1c /Applications/SEGGER Embedded Studio for ARM 5.68/lib/libc_v7em_fpv4_sp_d16_hard_t_le_eabi.a(libc2.o)
 .text.libc.__RAL_ascii_toupper
                0x0000000000004c38        0xc /Applications/SEGGER Embedded Studio for ARM 5.68/lib/libc_v7em_fpv4_sp_d16_hard_t_le_eabi.a(libc2.o)
 .text.libc.__RAL_ascii_tolower
                0x0000000000004c44        0xc /Applications/SEGGER Embedded Studio for ARM 5.68/lib/libc_v7em_fpv4_sp_d16_hard_t_le_eabi.a(libc2.o)
 .text.libc.__RAL_ascii_wctomb
                0x0000000000004c50       0x10 /Applications/SEGGER Embedded Studio for ARM 5.68/lib/libc_v7em_fpv4_sp_d16_hard_t_le_eabi.a(libc2.o)
                0x0000000000004c50                __RAL_ascii_wctomb
 .text.libc.__RAL_ascii_mbtowc
                0x0000000000004c60       0x24 /Applications/SEGGER Embedded Studio for ARM 5.68/lib/libc_v7em_fpv4_sp_d16_hard_t_le_eabi.a(libc2.o)
                0x0000000000004c60                __RAL_ascii_mbtowc
 .text.libc.__RAL_ascii_towupper
                0x0000000000004c84        0xc /Applications/SEGGER Embedded Studio for ARM 5.68/lib/libc_v7em_fpv4_sp_d16_hard_t_le_eabi.a(libc2.o)
 .text.libc.__RAL_ascii_towlower
                0x0000000000004c90        0xc /Applications/SEGGER Embedded Studio for ARM 5.68/lib/libc_v7em_fpv4_sp_d16_hard_t_le_eabi.a(libc2.o)
 .text.libc.__RAL_ascii_iswctype
                0x0000000000004c9c       0x1c /Applications/SEGGER Embedded Studio for ARM 5.68/lib/libc_v7em_fpv4_sp_d16_hard_t_le_eabi.a(libc2.o)
 .text.libc.__putc
                0x0000000000004cb8       0x34 /Applications/SEGGER Embedded Studio for ARM 5.68/lib/libc_v7em_fpv4_sp_d16_hard_t_le_eabi.a(libc2.o)
                0x0000000000004cb8                __putc
 .text.libc.__RAL_print_padding
                0x0000000000004cec       0x54 /Applications/SEGGER Embedded Studio for ARM 5.68/lib/libc_v7em_fpv4_sp_d16_hard_t_le_eabi.a(libc2.o)
                0x0000000000004cec                __RAL_print_padding
 .text.libc.__RAL_pre_padding
                0x0000000000004d40       0x64 /Applications/SEGGER Embedded Studio for ARM 5.68/lib/libc_v7em_fpv4_sp_d16_hard_t_le_eabi.a(libc2.o)
                0x0000000000004d40                __RAL_pre_padding
 .text.libc.isprint
                0x0000000000004da4       0x10 /Applications/SEGGER Embedded Studio for ARM 5.68/lib/libc_v7em_fpv4_sp_d16_hard_t_le_eabi.a(libc2.o)
                0x0000000000004da4                isprint
 .text.libc.strnlen
                0x0000000000004db4       0x28 /Applications/SEGGER Embedded Studio for ARM 5.68/lib/libc_v7em_fpv4_sp_d16_hard_t_le_eabi.a(libc2.o)
                0x0000000000004db4                strnlen
 .text.libc.vsnprintf
                0x0000000000004ddc       0x20 /Applications/SEGGER Embedded Studio for ARM 5.68/lib/libc_v7em_fpv4_sp_d16_hard_t_le_eabi.a(libc2.o)
                0x0000000000004ddc                vsnprintf
 .text.libc.memcpy
                0x0000000000004dfc       0x52 /Applications/SEGGER Embedded Studio for ARM 5.68/lib/libc_v7em_fpv4_sp_d16_hard_t_le_eabi.a(libc2_asm.o)
                0x0000000000004dfc                memcpy
                0x0000000000004dfc                __aeabi_memcpy
                0x0000000000004e08                __aeabi_memcpy4
                0x0000000000004e08                __aeabi_memcpy8
 .text.libc.memset
                0x0000000000004e4e       0x66 /Applications/SEGGER Embedded Studio for ARM 5.68/lib/libc_v7em_fpv4_sp_d16_hard_t_le_eabi.a(libc2_asm.o)
                0x0000000000004e4e                memset
 .text.libc.strcpy
                0x0000000000004eb4       0x44 /Applications/SEGGER Embedded Studio for ARM 5.68/lib/libc_v7em_fpv4_sp_d16_hard_t_le_eabi.a(libc2_asm.o)
                0x0000000000004eb4                strcpy
 .text.libc.strlen
                0x0000000000004ef8       0x60 /Applications/SEGGER Embedded Studio for ARM 5.68/lib/libc_v7em_fpv4_sp_d16_hard_t_le_eabi.a(libc2_asm.o)
                0x0000000000004ef8                strlen
 .text.libc.__vfprintf_long
                0x0000000000004f58      0x5fc /Applications/SEGGER Embedded Studio for ARM 5.68/lib/libc_v7em_fpv4_sp_d16_hard_t_le_eabi.a(libvfprintf.o)
                0x0000000000004f58                __vfprintf_long
                0x0000000000005554                __text_end__ = (__text_start__ + SIZEOF (.text))
                0x0000000000005184                __text_size__ = SIZEOF (.text)
                0x0000000000005554                __text_load_end__ = __text_end__

.vfp11_veneer   0x0000000100000000        0x0
 .vfp11_veneer  0x0000000100000000        0x0 linker stubs

.v4_bx          0x0000000100000000        0x0
 .v4_bx         0x0000000100000000        0x0 linker stubs

.iplt           0x0000000100000000        0x0
 .iplt          0x0000000100000000        0x0 Output/Release/Obj/fatfs_pca10040/thumb_crt0.o
                0x0000000000000001                . = ASSERT (((__text_start__ == __text_end__) || ((__text_end__ - __FLASH_segment_start__) <= __FLASH_segment_size__)), error: .text is too large to fit in FLASH memory segment)
                0x0000000000005554                __log_const_data_load_start__ = ALIGN (__text_end__, 0x4)

.log_const_data
                0x0000000000005554       0x28
                0x0000000000005554                __log_const_data_start__ = .
                0x0000000000005554                __start_log_const_data = __log_const_data_start__
 *(SORT_BY_NAME(.log_const_data*))
 .log_const_data_PRS
                0x0000000000005554        0x8 Output/Release/Obj/fatfs_pca10040/nrfx_prs.o
                0x0000000000005554                m_nrf_log_PRS_logs_data_const
 .log_const_data_SPIM
                0x000000000000555c        0x8 Output/Release/Obj/fatfs_pca10040/nrfx_spim.o
                0x000000000000555c                m_nrf_log_SPIM_logs_data_const
 .log_const_data_UART
                0x0000000000005564        0x8 Output/Release/Obj/fatfs_pca10040/nrfx_uart.o
                0x0000000000005564                m_nrf_log_UART_logs_data_const
 .log_const_data_UARTE
                0x000000000000556c        0x8 Output/Release/Obj/fatfs_pca10040/nrfx_uarte.o
                0x000000000000556c                m_nrf_log_UARTE_logs_data_const
 .log_const_data_app
                0x0000000000005574        0x8 Output/Release/Obj/fatfs_pca10040/nrf_log_frontend.o
                0x0000000000005574                m_nrf_log_app_logs_data_const
                0x000000000000557c                __log_const_data_end__ = (__log_const_data_start__ + SIZEOF (.log_const_data))
                0x0000000000000028                __log_const_data_size__ = SIZEOF (.log_const_data)
                0x000000000000557c                __stop_log_const_data = __log_const_data_end__
                0x000000000000557c                __log_const_data_load_end__ = __log_const_data_end__
                0x0000000000000001                . = ASSERT (((__log_const_data_start__ == __log_const_data_end__) || ((__log_const_data_end__ - __FLASH_segment_start__) <= __FLASH_segment_size__)), error: .log_const_data is too large to fit in FLASH memory segment)
                0x000000000000557c                __log_backends_load_start__ = ALIGN (__log_const_data_end__, 0x4)

.log_backends   0x000000000000557c       0x10
                0x000000000000557c                __log_backends_start__ = .
                0x000000000000557c                __start_log_backends = __log_backends_start__
 *(SORT_BY_NAME(.log_backends*))
 .log_backends  0x000000000000557c       0x10 Output/Release/Obj/fatfs_pca10040/nrf_log_default_backends.o
                0x000000000000558c                __log_backends_end__ = (__log_backends_start__ + SIZEOF (.log_backends))
                0x0000000000000010                __log_backends_size__ = SIZEOF (.log_backends)
                0x000000000000558c                __stop_log_backends = __log_backends_end__
                0x000000000000558c                __log_backends_load_end__ = __log_backends_end__
                0x0000000000000001                . = ASSERT (((__log_backends_start__ == __log_backends_end__) || ((__log_backends_end__ - __FLASH_segment_start__) <= __FLASH_segment_size__)), error: .log_backends is too large to fit in FLASH memory segment)
                0x000000000000558c                __nrf_balloc_load_start__ = ALIGN (__log_backends_end__, 0x4)

.nrf_balloc     0x000000000000558c       0x14
                0x000000000000558c                __nrf_balloc_start__ = .
                0x000000000000558c                __start_nrf_balloc = __nrf_balloc_start__
 *(.nrf_balloc*)
 .nrf_balloc    0x000000000000558c       0x14 Output/Release/Obj/fatfs_pca10040/nrf_log_frontend.o
                0x000000000000558c                log_mempool
                0x00000000000055a0                __nrf_balloc_end__ = (__nrf_balloc_start__ + SIZEOF (.nrf_balloc))
                0x0000000000000014                __nrf_balloc_size__ = SIZEOF (.nrf_balloc)
                0x00000000000055a0                __stop_nrf_balloc = __nrf_balloc_end__
                0x00000000000055a0                __nrf_balloc_load_end__ = __nrf_balloc_end__
                0x0000000000000001                . = ASSERT (((__nrf_balloc_start__ == __nrf_balloc_end__) || ((__nrf_balloc_end__ - __FLASH_segment_start__) <= __FLASH_segment_size__)), error: .nrf_balloc is too large to fit in FLASH memory segment)
                0x00000000000055a0                __nrf_sections_load_start__ = ALIGN (__nrf_balloc_end__, 0x4)

.nrf_sections   0x00000000000055a0        0x0
                0x00000000000055a0                __nrf_sections_start__ = .
                0x00000000000055a0                __start_nrf_sections = __nrf_sections_start__
 *(.nrf_sections .nrf_sections.*)
                0x00000000000055a0                __nrf_sections_end__ = (__nrf_sections_start__ + SIZEOF (.nrf_sections))
                0x0000000000000000                __nrf_sections_size__ = SIZEOF (.nrf_sections)
                0x00000000000055a0                __nrf_sections_load_end__ = __nrf_sections_end__
                0x0000000000000001                . = ASSERT (((__nrf_sections_start__ == __nrf_sections_end__) || ((__nrf_sections_end__ - __FLASH_segment_start__) <= __FLASH_segment_size__)), error: .nrf_sections is too large to fit in FLASH memory segment)
                0x00000000000055a0                __log_dynamic_data_load_start__ = ALIGN (__nrf_sections_end__, 0x4)

.log_dynamic_data
                0x0000000020000000        0x0 load address 0x00000000000055a0
                0x0000000020000000                __log_dynamic_data_start__ = .
 *(SORT_BY_NAME(.log_dynamic_data*))
                0x0000000020000000                __log_dynamic_data_end__ = (__log_dynamic_data_start__ + SIZEOF (.log_dynamic_data))
                0x0000000000000000                __log_dynamic_data_size__ = SIZEOF (.log_dynamic_data)
                0x00000000000055a0                __log_dynamic_data_load_end__ = (__log_dynamic_data_load_start__ + SIZEOF (.log_dynamic_data))
                0x0000000000000001                . = ASSERT (((__log_dynamic_data_load_start__ == __log_dynamic_data_load_end__) || ((__log_dynamic_data_load_end__ - __FLASH_segment_start__) <= __FLASH_segment_size__)), error: .log_dynamic_data is too large to fit in FLASH memory segment)

.log_dynamic_data_run
                0x0000000020000000        0x0
                0x0000000020000000                __log_dynamic_data_run_start__ = .
                0x0000000020000000                __start_log_dynamic_data = __log_dynamic_data_run_start__
                0x0000000020000000                __log_dynamic_data_run_end__ = (__log_dynamic_data_run_start__ + SIZEOF (.log_dynamic_data))
                0x0000000000000000                __log_dynamic_data_run_size__ = (__log_dynamic_data_run_end__ - __log_dynamic_data_run_start__)
                0x0000000020000000                __stop_log_dynamic_data = __log_dynamic_data_run_end__
                0x0000000020000000                __log_dynamic_data_run_load_end__ = __log_dynamic_data_run_end__
                0x0000000000000001                . = ASSERT (((__log_dynamic_data_run_start__ == __log_dynamic_data_run_end__) || ((__log_dynamic_data_run_end__ - __RAM1_segment_start__) <= __RAM1_segment_size__)), error: .log_dynamic_data_run is too large to fit in RAM1 memory segment)
                0x00000000000055a0                __log_filter_data_load_start__ = ALIGN ((__log_dynamic_data_load_start__ + SIZEOF (.log_dynamic_data)), 0x4)

.log_filter_data
                0x0000000020000000        0x0 load address 0x00000000000055a0
                0x0000000020000000                __log_filter_data_start__ = .
 *(SORT_BY_NAME(.log_filter_data*))
                0x0000000020000000                __log_filter_data_end__ = (__log_filter_data_start__ + SIZEOF (.log_filter_data))
                0x0000000000000000                __log_filter_data_size__ = SIZEOF (.log_filter_data)
                0x00000000000055a0                __log_filter_data_load_end__ = (__log_filter_data_load_start__ + SIZEOF (.log_filter_data))
                0x0000000000000001                . = ASSERT (((__log_filter_data_load_start__ == __log_filter_data_load_end__) || ((__log_filter_data_load_end__ - __FLASH_segment_start__) <= __FLASH_segment_size__)), error: .log_filter_data is too large to fit in FLASH memory segment)

.log_filter_data_run
                0x0000000020000000        0x0
                0x0000000020000000                __log_filter_data_run_start__ = .
                0x0000000020000000                __start_log_filter_data = __log_filter_data_run_start__
                0x0000000020000000                __log_filter_data_run_end__ = (__log_filter_data_run_start__ + SIZEOF (.log_filter_data))
                0x0000000000000000                __log_filter_data_run_size__ = (__log_filter_data_run_end__ - __log_filter_data_run_start__)
                0x0000000020000000                __stop_log_filter_data = __log_filter_data_run_end__
                0x0000000020000000                __log_filter_data_run_load_end__ = __log_filter_data_run_end__
                0x0000000000000001                . = ASSERT (((__log_filter_data_run_start__ == __log_filter_data_run_end__) || ((__log_filter_data_run_end__ - __RAM1_segment_start__) <= __RAM1_segment_size__)), error: .log_filter_data_run is too large to fit in RAM1 memory segment)
                0x0000000020000000                __nrf_sections_run_end_load_start__ = ALIGN (__log_filter_data_run_end__, 0x4)

.nrf_sections_run_end
                0x0000000020000000        0x0
                0x0000000020000000                __nrf_sections_run_end_start__ = .
                0x0000000020000000                __end_nrf_sections_run = __nrf_sections_run_end_start__
 *(.nrf_sections_run_end .nrf_sections_run_end.*)
                0x0000000020000000                __nrf_sections_run_end_end__ = (__nrf_sections_run_end_start__ + SIZEOF (.nrf_sections_run_end))
                0x0000000000000000                __nrf_sections_run_end_size__ = SIZEOF (.nrf_sections_run_end)
                0x0000000020000000                __nrf_sections_run_end_load_end__ = __nrf_sections_run_end_end__
                0x0000000000000001                . = ASSERT (((__nrf_sections_run_end_start__ == __nrf_sections_run_end_end__) || ((__nrf_sections_run_end_end__ - __RAM1_segment_start__) <= __RAM1_segment_size__)), error: .nrf_sections_run_end is too large to fit in RAM1 memory segment)
                0x00000000000055a0                __dtors_load_start__ = ALIGN ((__log_filter_data_load_start__ + SIZEOF (.log_filter_data)), 0x4)

.dtors          0x00000000000055a0        0x0
                0x00000000000055a0                __dtors_start__ = .
 *(SORT_BY_NAME(.dtors.*))
 *(.dtors)
 *(.fini_array)
 *(SORT_BY_NAME(.fini_array.*))
                0x00000000000055a0                __dtors_end__ = (__dtors_start__ + SIZEOF (.dtors))
                0x0000000000000000                __dtors_size__ = SIZEOF (.dtors)
                0x00000000000055a0                __dtors_load_end__ = __dtors_end__
                0x0000000000000001                . = ASSERT (((__dtors_start__ == __dtors_end__) || ((__dtors_end__ - __FLASH_segment_start__) <= __FLASH_segment_size__)), error: .dtors is too large to fit in FLASH memory segment)
                0x00000000000055a0                __ctors_load_start__ = ALIGN (__dtors_end__, 0x4)

.ctors          0x00000000000055a0        0x0
                0x00000000000055a0                __ctors_start__ = .
 *(SORT_BY_NAME(.ctors.*))
 *(.ctors)
 *(.init_array)
 *(SORT_BY_NAME(.init_array.*))
                0x00000000000055a0                __ctors_end__ = (__ctors_start__ + SIZEOF (.ctors))
                0x0000000000000000                __ctors_size__ = SIZEOF (.ctors)
                0x00000000000055a0                __ctors_load_end__ = __ctors_end__
                0x0000000000000001                . = ASSERT (((__ctors_start__ == __ctors_end__) || ((__ctors_end__ - __FLASH_segment_start__) <= __FLASH_segment_size__)), error: .ctors is too large to fit in FLASH memory segment)
                0x00000000000055a0                __rodata_load_start__ = ALIGN (__ctors_end__, 0x4)

.rodata         0x00000000000055a0      0x6a3
                0x00000000000055a0                __rodata_start__ = .
 *(.rodata .rodata.* .gnu.linkonce.r.*)
 .rodata        0x00000000000055a0       0x20 Output/Release/Obj/fatfs_pca10040/nrf_log_backend_uart.o
 .rodata.nrf_log_backend_uart_api
                0x00000000000055c0        0xc Output/Release/Obj/fatfs_pca10040/nrf_log_backend_uart.o
                0x00000000000055c0                nrf_log_backend_uart_api
 .rodata.str1.1
                0x00000000000055cc       0x11 Output/Release/Obj/fatfs_pca10040/nrf_log_default_backends.o
 .rodata.nrf_log_frontend_dequeue.str1.1
                0x00000000000055dd       0x11 Output/Release/Obj/fatfs_pca10040/nrf_log_frontend.o
 .rodata.str1.1
                0x00000000000055ee        0x4 Output/Release/Obj/fatfs_pca10040/nrf_log_frontend.o
 *fill*         0x00000000000055f2        0x2 
 .rodata.m_log_push_ringbuf
                0x00000000000055f4        0xc Output/Release/Obj/fatfs_pca10040/nrf_log_frontend.o
 .rodata.prefix_process.str1.1
                0x0000000000005600       0x2f Output/Release/Obj/fatfs_pca10040/nrf_log_str_formatter.o
                                         0x32 (size before relaxing)
 .rodata.postfix_process.str1.1
                0x000000000000562f       0x2f Output/Release/Obj/fatfs_pca10040/nrf_log_str_formatter.o
                                          0x3 (size before relaxing)
 .rodata.nrf_log_hexdump_entry_process.str1.1
                0x000000000000562f        0xf Output/Release/Obj/fatfs_pca10040/nrf_log_str_formatter.o
                                         0x11 (size before relaxing)
 .rodata.str1.1
                0x000000000000563e       0x4b Output/Release/Obj/fatfs_pca10040/nrf_log_str_formatter.o
                                         0x51 (size before relaxing)
 *fill*         0x0000000000005689        0x3 
 .rodata.m_colors
                0x000000000000568c       0x24 Output/Release/Obj/fatfs_pca10040/nrf_log_str_formatter.o
 .rodata.severity_names
                0x00000000000056b0       0x14 Output/Release/Obj/fatfs_pca10040/nrf_log_str_formatter.o
 .rodata.m_board_led_list
                0x00000000000056c4        0x4 Output/Release/Obj/fatfs_pca10040/boards.o
 .rodata.app_error_fault_handler.str1.1
                0x00000000000056c8       0x19 Output/Release/Obj/fatfs_pca10040/app_error_weak.o
 *fill*         0x00000000000056e1        0x3 
 .rodata.m_spi  0x00000000000056e4       0x10 Output/Release/Obj/fatfs_pca10040/app_sdcard.o
 .rodata.nrf_block_device_sdc_ops
                0x00000000000056f4       0x18 Output/Release/Obj/fatfs_pca10040/nrf_block_dev_sdc.o
                0x00000000000056f4                nrf_block_device_sdc_ops
 .rodata._aV2C.0
                0x000000000000570c       0x10 Output/Release/Obj/fatfs_pca10040/nrf_fprintf_format.o
 .rodata        0x000000000000571c       0x10 Output/Release/Obj/fatfs_pca10040/nrf_drv_spi.o
 .rodata.str1.1
                0x000000000000572c        0x4 Output/Release/Obj/fatfs_pca10040/nrfx_prs.o
 .rodata.str1.1
                0x0000000000005730        0x5 Output/Release/Obj/fatfs_pca10040/nrfx_spim.o
 .rodata.str1.1
                0x0000000000005735        0x5 Output/Release/Obj/fatfs_pca10040/nrfx_uart.o
 .rodata.str1.1
                0x000000000000573a        0x6 Output/Release/Obj/fatfs_pca10040/nrfx_uarte.o
 .rodata.main.str1.1
                0x0000000000005740      0x23e Output/Release/Obj/fatfs_pca10040/main.o
                                        0x244 (size before relaxing)
 .rodata.str1.1
                0x000000000000597e       0x10 Output/Release/Obj/fatfs_pca10040/main.o
 *fill*         0x000000000000598e        0x2 
 .rodata.m_block_dev_sdc
                0x0000000000005990       0x1c Output/Release/Obj/fatfs_pca10040/main.o
 .rodata._DoInit.str1.1
                0x00000000000059ac       0x14 Output/Release/Obj/fatfs_pca10040/SEGGER_RTT.o
 .rodata.follow_path.str1.1
                0x00000000000059c0        0xf Output/Release/Obj/fatfs_pca10040/ff.o
 .rodata.CSWTCH.15
                0x00000000000059cf        0x4 Output/Release/Obj/fatfs_pca10040/system_nrf52.o
 .rodata.CSWTCH.19
                0x00000000000059d3        0x4 Output/Release/Obj/fatfs_pca10040/system_nrf52.o
 .rodata.CSWTCH.5
                0x00000000000059d7        0x4 Output/Release/Obj/fatfs_pca10040/system_nrf52.o
 *fill*         0x00000000000059db        0x1 
 .rodata.libc.__RAL_find_locale.str1.4
                0x00000000000059dc        0xa /Applications/SEGGER Embedded Studio for ARM 5.68/lib/libc_v7em_fpv4_sp_d16_hard_t_le_eabi.a(libc2.o)
 *fill*         0x00000000000059e6        0x2 
 .rodata.libc.__RAL_ascii_ctype_map
                0x00000000000059e8       0x80 /Applications/SEGGER Embedded Studio for ARM 5.68/lib/libc_v7em_fpv4_sp_d16_hard_t_le_eabi.a(libc2.o)
                0x00000000000059e8                __RAL_ascii_ctype_map
 .rodata.libc.__RAL_ascii_ctype_mask
                0x0000000000005a68        0xd /Applications/SEGGER Embedded Studio for ARM 5.68/lib/libc_v7em_fpv4_sp_d16_hard_t_le_eabi.a(libc2.o)
 *fill*         0x0000000000005a75        0x3 
 .rodata.libc.__RAL_c_locale
                0x0000000000005a78        0xc /Applications/SEGGER Embedded Studio for ARM 5.68/lib/libc_v7em_fpv4_sp_d16_hard_t_le_eabi.a(libc2.o)
                0x0000000000005a78                __RAL_c_locale
 .rodata.libc.__RAL_c_locale_abbrev_day_names
                0x0000000000005a84       0x1d /Applications/SEGGER Embedded Studio for ARM 5.68/lib/libc_v7em_fpv4_sp_d16_hard_t_le_eabi.a(libc2.o)
                0x0000000000005a84                __RAL_c_locale_abbrev_day_names
 *fill*         0x0000000000005aa1        0x3 
 .rodata.libc.__RAL_c_locale_abbrev_month_names
                0x0000000000005aa4       0x31 /Applications/SEGGER Embedded Studio for ARM 5.68/lib/libc_v7em_fpv4_sp_d16_hard_t_le_eabi.a(libc2.o)
                0x0000000000005aa4                __RAL_c_locale_abbrev_month_names
 *fill*         0x0000000000005ad5        0x3 
 .rodata.libc.__RAL_c_locale_am_pm_indicator
                0x0000000000005ad8        0x7 /Applications/SEGGER Embedded Studio for ARM 5.68/lib/libc_v7em_fpv4_sp_d16_hard_t_le_eabi.a(libc2.o)
                0x0000000000005ad8                __RAL_c_locale_am_pm_indicator
 *fill*         0x0000000000005adf        0x1 
 .rodata.libc.__RAL_c_locale_data
                0x0000000000005ae0       0x58 /Applications/SEGGER Embedded Studio for ARM 5.68/lib/libc_v7em_fpv4_sp_d16_hard_t_le_eabi.a(libc2.o)
                0x0000000000005ae0                __RAL_c_locale_data
 .rodata.libc.__RAL_c_locale_date_format
                0x0000000000005b38        0x9 /Applications/SEGGER Embedded Studio for ARM 5.68/lib/libc_v7em_fpv4_sp_d16_hard_t_le_eabi.a(libc2.o)
                0x0000000000005b38                __RAL_c_locale_date_format
 *fill*         0x0000000000005b41        0x3 
 .rodata.libc.__RAL_c_locale_date_time_format
                0x0000000000005b44        0xf /Applications/SEGGER Embedded Studio for ARM 5.68/lib/libc_v7em_fpv4_sp_d16_hard_t_le_eabi.a(libc2.o)
                0x0000000000005b44                __RAL_c_locale_date_time_format
 *fill*         0x0000000000005b53        0x1 
 .rodata.libc.__RAL_c_locale_day_names
                0x0000000000005b54       0x3a /Applications/SEGGER Embedded Studio for ARM 5.68/lib/libc_v7em_fpv4_sp_d16_hard_t_le_eabi.a(libc2.o)
                0x0000000000005b54                __RAL_c_locale_day_names
 *fill*         0x0000000000005b8e        0x2 
 .rodata.libc.__RAL_c_locale_month_names
                0x0000000000005b90       0x57 /Applications/SEGGER Embedded Studio for ARM 5.68/lib/libc_v7em_fpv4_sp_d16_hard_t_le_eabi.a(libc2.o)
                0x0000000000005b90                __RAL_c_locale_month_names
 *fill*         0x0000000000005be7        0x1 
 .rodata.libc.__RAL_c_locale_time_format
                0x0000000000005be8        0x9 /Applications/SEGGER Embedded Studio for ARM 5.68/lib/libc_v7em_fpv4_sp_d16_hard_t_le_eabi.a(libc2.o)
                0x0000000000005be8                __RAL_c_locale_time_format
 *fill*         0x0000000000005bf1        0x3 
 .rodata.libc.__RAL_codeset_ascii
                0x0000000000005bf4       0x20 /Applications/SEGGER Embedded Studio for ARM 5.68/lib/libc_v7em_fpv4_sp_d16_hard_t_le_eabi.a(libc2.o)
                0x0000000000005bf4                __RAL_codeset_ascii
 .rodata.libc.__RAL_data_empty_string
                0x0000000000005c14        0x1 /Applications/SEGGER Embedded Studio for ARM 5.68/lib/libc_v7em_fpv4_sp_d16_hard_t_le_eabi.a(libc2.o)
                0x0000000000005c14                __RAL_data_empty_string
 *fill*         0x0000000000005c15        0x3 
 .rodata.libc.__RAL_data_utf8_period
                0x0000000000005c18        0x2 /Applications/SEGGER Embedded Studio for ARM 5.68/lib/libc_v7em_fpv4_sp_d16_hard_t_le_eabi.a(libc2.o)
                0x0000000000005c18                __RAL_data_utf8_period
 *fill*         0x0000000000005c1a        0x2 
 .rodata.libc.__RAL_hex_lc
                0x0000000000005c1c       0x10 /Applications/SEGGER Embedded Studio for ARM 5.68/lib/libc_v7em_fpv4_sp_d16_hard_t_le_eabi.a(libc2.o)
                0x0000000000005c1c                __RAL_hex_lc
 .rodata.libc.__RAL_hex_uc
                0x0000000000005c2c       0x10 /Applications/SEGGER Embedded Studio for ARM 5.68/lib/libc_v7em_fpv4_sp_d16_hard_t_le_eabi.a(libc2.o)
                0x0000000000005c2c                __RAL_hex_uc
 .rodata.libc.__vfprintf_int.str1.4
                0x0000000000005c3c        0x7 /Applications/SEGGER Embedded Studio for ARM 5.68/lib/libc_v7em_fpv4_sp_d16_hard_t_le_eabi.a(libvfprintf.o)
                0x0000000000005c43                __rodata_end__ = (__rodata_start__ + SIZEOF (.rodata))
                0x00000000000006a3                __rodata_size__ = SIZEOF (.rodata)
                0x0000000000005c43                __rodata_load_end__ = __rodata_end__

.rel.dyn        0x0000000000005c44        0x0
 .rel.iplt      0x0000000000005c44        0x0 Output/Release/Obj/fatfs_pca10040/thumb_crt0.o
                0x0000000000000001                . = ASSERT (((__rodata_start__ == __rodata_end__) || ((__rodata_end__ - __FLASH_segment_start__) <= __FLASH_segment_size__)), error: .rodata is too large to fit in FLASH memory segment)
                0x0000000000005c44                __ARM.exidx_load_start__ = ALIGN (__rodata_end__, 0x4)

.ARM.exidx      0x0000000000005c44        0x0
                0x0000000000005c44                __ARM.exidx_start__ = .
                0x0000000000005c44                __exidx_start = __ARM.exidx_start__
 *(.ARM.exidx .ARM.exidx.*)
                0x0000000000005c44                __ARM.exidx_end__ = (__ARM.exidx_start__ + SIZEOF (.ARM.exidx))
                0x0000000000000000                __ARM.exidx_size__ = SIZEOF (.ARM.exidx)
                0x0000000000005c44                __exidx_end = __ARM.exidx_end__
                0x0000000000005c44                __ARM.exidx_load_end__ = __ARM.exidx_end__
                0x0000000000000001                . = ASSERT (((__ARM.exidx_start__ == __ARM.exidx_end__) || ((__ARM.exidx_end__ - __FLASH_segment_start__) <= __FLASH_segment_size__)), error: .ARM.exidx is too large to fit in FLASH memory segment)
                0x0000000000005c44                __fast_load_start__ = ALIGN (__ARM.exidx_end__, 0x4)

.fast           0x0000000020000000        0x0 load address 0x0000000000005c44
                0x0000000020000000                __fast_start__ = .
 *(.fast .fast.*)
                0x0000000020000000                __fast_end__ = (__fast_start__ + SIZEOF (.fast))
                0x0000000000000000                __fast_size__ = SIZEOF (.fast)
                0x0000000000005c44                __fast_load_end__ = (__fast_load_start__ + SIZEOF (.fast))
                0x0000000000000001                . = ASSERT (((__fast_load_start__ == __fast_load_end__) || ((__fast_load_end__ - __FLASH_segment_start__) <= __FLASH_segment_size__)), error: .fast is too large to fit in FLASH memory segment)

.fast_run       0x0000000020000000        0x0
                0x0000000020000000                __fast_run_start__ = .
                0x0000000020000000                __fast_run_end__ = (__fast_run_start__ + SIZEOF (.fast))
                0x0000000000000000                __fast_run_size__ = (__fast_run_end__ - __fast_run_start__)
                0x0000000020000000                __fast_run_load_end__ = __fast_run_end__
                0x0000000000000001                . = ASSERT (((__fast_run_start__ == __fast_run_end__) || ((__fast_run_end__ - __RAM1_segment_start__) <= __RAM1_segment_size__)), error: .fast_run is too large to fit in RAM1 memory segment)
                0x0000000000005c44                __data_load_start__ = ALIGN ((__fast_load_start__ + SIZEOF (.fast)), 0x4)

.data           0x0000000020000000       0x40 load address 0x0000000000005c44
                0x0000000020000000                __data_start__ = .
 *(.data .data.* .gnu.linkonce.d.*)
 .data.m_uart   0x0000000020000000       0x14 Output/Release/Obj/fatfs_pca10040/nrf_log_backend_uart.o
                0x0000000020000000                m_uart
 .data.log_backend_cb_uart_log_backend
                0x0000000020000014        0x8 Output/Release/Obj/fatfs_pca10040/nrf_log_default_backends.o
 .data.drives.4
                0x000000002000001c        0xc Output/Release/Obj/fatfs_pca10040/main.o
 .data.SystemCoreClock
                0x0000000020000028        0x4 Output/Release/Obj/fatfs_pca10040/system_nrf52.o
                0x0000000020000028                SystemCoreClock
 .data.libc.__RAL_global_locale
                0x000000002000002c       0x14 /Applications/SEGGER Embedded Studio for ARM 5.68/lib/libc_v7em_fpv4_sp_d16_hard_t_le_eabi.a(libc2.o)
                0x000000002000002c                __RAL_global_locale
                0x0000000020000040                __data_end__ = (__data_start__ + SIZEOF (.data))
                0x0000000000000040                __data_size__ = SIZEOF (.data)
                0x0000000000005c84                __data_load_end__ = (__data_load_start__ + SIZEOF (.data))

.igot.plt       0x0000000100000000        0x0
 .igot.plt      0x0000000100000000        0x0 Output/Release/Obj/fatfs_pca10040/thumb_crt0.o
                0x0000000000000001                . = ASSERT (((__data_load_start__ == __data_load_end__) || ((__data_load_end__ - __FLASH_segment_start__) <= __FLASH_segment_size__)), error: .data is too large to fit in FLASH memory segment)

.data_run       0x0000000020000000        0x0
                0x0000000020000000                __data_run_start__ = .
                0x0000000020000040                __data_run_end__ = (__data_run_start__ + SIZEOF (.data))
                0x0000000000000040                __data_run_size__ = (__data_run_end__ - __data_run_start__)
                0x0000000020000040                __data_run_load_end__ = __data_run_end__
                0x0000000000000001                . = ASSERT (((__data_run_start__ == __data_run_end__) || ((__data_run_end__ - __RAM1_segment_start__) <= __RAM1_segment_size__)), error: .data_run is too large to fit in RAM1 memory segment)
                0x0000000000005c84                __tdata_load_start__ = ALIGN ((__data_load_start__ + SIZEOF (.data)), 0x4)

.tdata          0x0000000020000040        0x0 load address 0x0000000000005c84
                0x0000000020000040                __tdata_start__ = .
 *(.tdata .tdata.*)
                0x0000000020000040                __tdata_end__ = (__tdata_start__ + SIZEOF (.tdata))
                0x0000000000000000                __tdata_size__ = SIZEOF (.tdata)
                0x0000000000005c84                __tdata_load_end__ = (__tdata_load_start__ + SIZEOF (.tdata))
                0x0000000000005c84                __FLASH_segment_used_end__ = (ALIGN ((__data_load_start__ + SIZEOF (.data)), 0x4) + SIZEOF (.tdata))
                0x0000000000005c84                __FLASH_segment_used_size__ = (__FLASH_segment_used_end__ - __FLASH_segment_start__)
                0x0000000000000001                . = ASSERT (((__tdata_load_start__ == __tdata_load_end__) || ((__tdata_load_end__ - __FLASH_segment_start__) <= __FLASH_segment_size__)), error: .tdata is too large to fit in FLASH memory segment)

.tdata_run      0x0000000020000040        0x0
                0x0000000020000040                __tdata_run_start__ = .
                0x0000000020000040                __tdata_run_end__ = (__tdata_run_start__ + SIZEOF (.tdata))
                0x0000000000000000                __tdata_run_size__ = (__tdata_run_end__ - __tdata_run_start__)
                0x0000000020000040                __tdata_run_load_end__ = __tdata_run_end__
                0x0000000000000001                . = ASSERT (((__tdata_run_start__ == __tdata_run_end__) || ((__tdata_run_end__ - __RAM1_segment_start__) <= __RAM1_segment_size__)), error: .tdata_run is too large to fit in RAM1 memory segment)
                0x0000000020000040                __bss_load_start__ = ALIGN (__tdata_run_end__, 0x4)

.bss            0x0000000020000040      0xe28
                0x0000000020000040                __bss_start__ = .
 *(.bss .bss.* .gnu.linkonce.b.*)
 .bss.m_async_mode
                0x0000000020000040        0x1 Output/Release/Obj/fatfs_pca10040/nrf_log_backend_uart.o
 .bss.m_string_buff
                0x0000000020000041       0x40 Output/Release/Obj/fatfs_pca10040/nrf_log_backend_uart.o
 .bss.m_xfer_done
                0x0000000020000081        0x1 Output/Release/Obj/fatfs_pca10040/nrf_log_backend_uart.o
 *fill*         0x0000000020000082        0x2 
 .bss.log_mempool_nrf_balloc_cb
                0x0000000020000084        0x8 Output/Release/Obj/fatfs_pca10040/nrf_log_frontend.o
 .bss.log_mempool_nrf_balloc_pool_mem
                0x000000002000008c       0xc0 Output/Release/Obj/fatfs_pca10040/nrf_log_frontend.o
 .bss.log_mempool_nrf_balloc_pool_stack
                0x000000002000014c        0x8 Output/Release/Obj/fatfs_pca10040/nrf_log_frontend.o
 .bss.m_log_data
                0x0000000020000154      0x420 Output/Release/Obj/fatfs_pca10040/nrf_log_frontend.o
 .bss.m_log_push_ringbuf_buf
                0x0000000020000574       0x80 Output/Release/Obj/fatfs_pca10040/nrf_log_frontend.o
 .bss.m_log_push_ringbuf_cb
                0x00000000200005f4       0x18 Output/Release/Obj/fatfs_pca10040/nrf_log_frontend.o
 .bss.m_cb      0x000000002000060c       0x5c Output/Release/Obj/fatfs_pca10040/app_sdcard.o
 .bss.m_in_critical_region
                0x0000000020000668        0x4 Output/Release/Obj/fatfs_pca10040/app_util_platform.o
 .bss.m_active_sdc_dev
                0x000000002000066c        0x4 Output/Release/Obj/fatfs_pca10040/nrf_block_dev_sdc.o
 .bss.m_last_result
                0x0000000020000670        0x1 Output/Release/Obj/fatfs_pca10040/nrf_block_dev_sdc.o
 *fill*         0x0000000020000671        0x3 
 .bss.m_contexts
                0x0000000020000674        0xc Output/Release/Obj/fatfs_pca10040/nrf_drv_spi.o
 .bss.m_handlers
                0x0000000020000680        0xc Output/Release/Obj/fatfs_pca10040/nrf_drv_spi.o
 .bss.m_contexts
                0x000000002000068c        0x4 Output/Release/Obj/fatfs_pca10040/nrf_drv_uart.o
 .bss.m_handlers
                0x0000000020000690        0x4 Output/Release/Obj/fatfs_pca10040/nrf_drv_uart.o
 .bss.nrf_drv_uart_use_easy_dma
                0x0000000020000694        0x1 Output/Release/Obj/fatfs_pca10040/nrf_drv_uart.o
                0x0000000020000694                nrf_drv_uart_use_easy_dma
 *fill*         0x0000000020000695        0x3 
 .bss.m_prs_box_4
                0x0000000020000698        0x8 Output/Release/Obj/fatfs_pca10040/nrfx_prs.o
 .bss.m_cb      0x00000000200006a0       0x24 Output/Release/Obj/fatfs_pca10040/nrfx_spim.o
 .bss.m_cb      0x00000000200006c4       0x2c Output/Release/Obj/fatfs_pca10040/nrfx_uart.o
 .bss.m_cb      0x00000000200006f0       0x24 Output/Release/Obj/fatfs_pca10040/nrfx_uarte.o
 .bss.dir.2     0x0000000020000714       0x2c Output/Release/Obj/fatfs_pca10040/main.o
 .bss.file.0    0x0000000020000740      0x228 Output/Release/Obj/fatfs_pca10040/main.o
 .bss.fno.1     0x0000000020000968       0x18 Output/Release/Obj/fatfs_pca10040/main.o
 .bss.fs.3      0x0000000020000980      0x230 Output/Release/Obj/fatfs_pca10040/main.o
 .bss.m_block_dev_sdc_work
                0x0000000020000bb0       0x1c Output/Release/Obj/fatfs_pca10040/main.o
 .bss._SEGGER_RTT
                0x0000000020000bcc       0x78 Output/Release/Obj/fatfs_pca10040/SEGGER_RTT.o
                0x0000000020000bcc                _SEGGER_RTT
 .bss._acDownBuffer
                0x0000000020000c44       0x10 Output/Release/Obj/fatfs_pca10040/SEGGER_RTT.o
 .bss._acUpBuffer
                0x0000000020000c54      0x200 Output/Release/Obj/fatfs_pca10040/SEGGER_RTT.o
 .bss.m_drives  0x0000000020000e54        0x4 Output/Release/Obj/fatfs_pca10040/diskio_blkdev.o
 .bss.m_drives_count
                0x0000000020000e58        0x1 Output/Release/Obj/fatfs_pca10040/diskio_blkdev.o
 *fill*         0x0000000020000e59        0x3 
 .bss.FatFs     0x0000000020000e5c        0x4 Output/Release/Obj/fatfs_pca10040/ff.o
 .bss.Fsid      0x0000000020000e60        0x2 Output/Release/Obj/fatfs_pca10040/ff.o
 *fill*         0x0000000020000e62        0x2 
 .bss.libc.__user_format_extender
                0x0000000020000e64        0x4 /Applications/SEGGER Embedded Studio for ARM 5.68/lib/libc_v7em_fpv4_sp_d16_hard_t_le_eabi.a(libc2.o)
                0x0000000020000e64                __user_format_extender
 *(COMMON)
                0x0000000020000e68                __bss_end__ = (__bss_start__ + SIZEOF (.bss))
                0x0000000000000e28                __bss_size__ = SIZEOF (.bss)
                0x0000000020000e68                __bss_load_end__ = __bss_end__
                0x0000000000000001                . = ASSERT (((__bss_start__ == __bss_end__) || ((__bss_end__ - __RAM1_segment_start__) <= __RAM1_segment_size__)), error: .bss is too large to fit in RAM1 memory segment)
                0x0000000020000e68                __tbss_load_start__ = ALIGN (__bss_end__, 0x4)

.tbss           0x0000000020000e68        0x0
                0x0000000020000e68                __tbss_start__ = .
 *(.tbss .tbss.*)
                0x0000000020000e68                __tbss_end__ = (__tbss_start__ + SIZEOF (.tbss))
                0x0000000000000000                __tbss_size__ = SIZEOF (.tbss)
                0x0000000020000e68                __tbss_load_end__ = __tbss_end__
                0x0000000000000001                . = ASSERT (((__tbss_start__ == __tbss_end__) || ((__tbss_end__ - __RAM1_segment_start__) <= __RAM1_segment_size__)), error: .tbss is too large to fit in RAM1 memory segment)
                0x0000000020000e68                __non_init_load_start__ = ALIGN (__tbss_end__, 0x4)

.non_init       0x0000000020000e68        0x0
                0x0000000020000e68                __non_init_start__ = .
 *(.non_init .non_init.*)
                0x0000000020000e68                __non_init_end__ = (__non_init_start__ + SIZEOF (.non_init))
                0x0000000000000000                __non_init_size__ = SIZEOF (.non_init)
                0x0000000020000e68                __non_init_load_end__ = __non_init_end__
                0x0000000000000001                . = ASSERT (((__non_init_start__ == __non_init_end__) || ((__non_init_end__ - __RAM1_segment_start__) <= __RAM1_segment_size__)), error: .non_init is too large to fit in RAM1 memory segment)
                0x0000000020000e68                __heap_load_start__ = ALIGN (__non_init_end__, 0x4)

.heap           0x0000000020000e68     0x2000
                0x0000000020000e68                __heap_start__ = .
 *(.heap .heap.*)
                0x0000000020002e68                . = ALIGN (MAX ((__heap_start__ + __HEAPSIZE__), .), 0x4)
 *fill*         0x0000000020000e68     0x2000 
                0x0000000020002e68                __heap_end__ = (__heap_start__ + SIZEOF (.heap))
                0x0000000000002000                __heap_size__ = SIZEOF (.heap)
                0x0000000020002e68                __heap_load_end__ = __heap_end__
                0x0000000000000001                . = ASSERT (((__heap_start__ == __heap_end__) || ((__heap_end__ - __RAM1_segment_start__) <= __RAM1_segment_size__)), error: .heap is too large to fit in RAM1 memory segment)
                0x000000002000e000                __stack_load_start__ = (__RAM1_segment_start__ + (__RAM1_segment_size__ - 0x2000))

.stack          0x000000002000e000     0x2000
                0x000000002000e000                __stack_start__ = .
                0x000000002000e000                __StackLimit = __stack_start__
 *(.stack .stack.*)
                0x0000000020010000                . = ALIGN (MAX ((__stack_start__ + __STACKSIZE__), .), 0x8)
 *fill*         0x000000002000e000     0x2000 
                0x0000000020010000                __stack_end__ = (__stack_start__ + SIZEOF (.stack))
                0x0000000000002000                __stack_size__ = SIZEOF (.stack)
                0x0000000020010000                __StackTop = __stack_end__
                0x0000000020010000                __stack_load_end__ = __stack_end__
                0x0000000000000001                . = ASSERT (((__stack_start__ == __stack_end__) || ((__stack_end__ - __RAM1_segment_start__) <= __RAM1_segment_size__)), error: .stack is too large to fit in RAM1 memory segment)
                0x0000000000000001                . = ASSERT ((__heap_end__ <= __stack_start__), error: section .heap overlaps absolute placed section .stack)
                0x0000000020010000                __stack_process_load_start__ = ALIGN (__stack_end__, 0x8)

.stack_process  0x0000000020010000        0x0
                0x0000000020010000                __stack_process_start__ = .
 *(.stack_process .stack_process.*)
                0x0000000020010000                . = ALIGN (MAX ((__stack_process_start__ + __STACKSIZE_PROCESS__), .), 0x8)
                0x0000000020010000                __stack_process_end__ = (__stack_process_start__ + SIZEOF (.stack_process))
                0x0000000000000000                __stack_process_size__ = SIZEOF (.stack_process)
                0x0000000020010000                __stack_process_load_end__ = __stack_process_end__
                0x0000000020010000                __RAM1_segment_used_end__ = (ALIGN (__stack_end__, 0x8) + SIZEOF (.stack_process))
                0x0000000000010000                __RAM1_segment_used_size__ = (__RAM1_segment_used_end__ - __RAM1_segment_start__)
                0x0000000000000001                . = ASSERT (((__stack_process_start__ == __stack_process_end__) || ((__stack_process_end__ - __RAM1_segment_start__) <= __RAM1_segment_size__)), error: .stack_process is too large to fit in RAM1 memory segment)
START GROUP
LOAD Output/Release/Obj/fatfs_pca10040/thumb_crt0.o
LOAD Output/Release/Obj/fatfs_pca10040/nrf_log_backend_rtt.o
LOAD Output/Release/Obj/fatfs_pca10040/nrf_log_backend_serial.o
LOAD Output/Release/Obj/fatfs_pca10040/nrf_log_backend_uart.o
LOAD Output/Release/Obj/fatfs_pca10040/nrf_log_default_backends.o
LOAD Output/Release/Obj/fatfs_pca10040/nrf_log_frontend.o
LOAD Output/Release/Obj/fatfs_pca10040/nrf_log_str_formatter.o
LOAD Output/Release/Obj/fatfs_pca10040/boards.o
LOAD Output/Release/Obj/fatfs_pca10040/app_error.o
LOAD Output/Release/Obj/fatfs_pca10040/app_error_handler_gcc.o
LOAD Output/Release/Obj/fatfs_pca10040/app_error_weak.o
LOAD Output/Release/Obj/fatfs_pca10040/app_fifo.o
LOAD Output/Release/Obj/fatfs_pca10040/app_sdcard.o
LOAD Output/Release/Obj/fatfs_pca10040/app_uart_fifo.o
LOAD Output/Release/Obj/fatfs_pca10040/app_util_platform.o
LOAD Output/Release/Obj/fatfs_pca10040/nrf_assert.o
LOAD Output/Release/Obj/fatfs_pca10040/nrf_atomic.o
LOAD Output/Release/Obj/fatfs_pca10040/nrf_balloc.o
LOAD Output/Release/Obj/fatfs_pca10040/nrf_block_dev_sdc.o
LOAD Output/Release/Obj/fatfs_pca10040/nrf_fprintf.o
LOAD Output/Release/Obj/fatfs_pca10040/nrf_fprintf_format.o
LOAD Output/Release/Obj/fatfs_pca10040/nrf_memobj.o
LOAD Output/Release/Obj/fatfs_pca10040/nrf_ringbuf.o
LOAD Output/Release/Obj/fatfs_pca10040/nrf_strerror.o
LOAD Output/Release/Obj/fatfs_pca10040/nrf_drv_spi.o
LOAD Output/Release/Obj/fatfs_pca10040/nrf_drv_uart.o
LOAD Output/Release/Obj/fatfs_pca10040/nrfx_atomic.o
LOAD Output/Release/Obj/fatfs_pca10040/nrfx_prs.o
LOAD Output/Release/Obj/fatfs_pca10040/nrfx_spi.o
LOAD Output/Release/Obj/fatfs_pca10040/nrfx_spim.o
LOAD Output/Release/Obj/fatfs_pca10040/nrfx_uart.o
LOAD Output/Release/Obj/fatfs_pca10040/nrfx_uarte.o
LOAD Output/Release/Obj/fatfs_pca10040/main.o
LOAD Output/Release/Obj/fatfs_pca10040/SEGGER_RTT.o
LOAD Output/Release/Obj/fatfs_pca10040/SEGGER_RTT_Syscalls_SES.o
LOAD Output/Release/Obj/fatfs_pca10040/SEGGER_RTT_printf.o
LOAD Output/Release/Obj/fatfs_pca10040/diskio_blkdev.o
LOAD Output/Release/Obj/fatfs_pca10040/ff.o
LOAD Output/Release/Obj/fatfs_pca10040/ses_startup_nrf52.o
LOAD Output/Release/Obj/fatfs_pca10040/ses_startup_nrf_common.o
LOAD Output/Release/Obj/fatfs_pca10040/system_nrf52.o
LOAD /Users/christinefang/Library/SEGGER/SEGGER Embedded Studio/v3/packages/libraries/libcxx/lib/libcxx_noexcept_v7em_fpv4_sp_d16_hard_t_le_eabi.a
LOAD /Applications/SEGGER Embedded Studio for ARM 5.68/lib/libm_v7em_fpv4_sp_d16_hard_t_le_eabi.a
LOAD /Applications/SEGGER Embedded Studio for ARM 5.68/lib/libc_v7em_fpv4_sp_d16_hard_t_le_eabi.a
LOAD /Applications/SEGGER Embedded Studio for ARM 5.68/lib/libdebugio_v7em_fpv4_sp_d16_hard_t_le_eabi.a
END GROUP
OUTPUT(Output/Release/Exe/fatfs_pca10040.elf elf32-littlearm)
LOAD linker stubs

.ARM.attributes
                0x0000000000000000       0x32
 .ARM.attributes
                0x0000000000000000       0x20 Output/Release/Obj/fatfs_pca10040/thumb_crt0.o
 .ARM.attributes
                0x0000000000000020       0x36 Output/Release/Obj/fatfs_pca10040/nrf_log_backend_serial.o
 .ARM.attributes
                0x0000000000000056       0x36 Output/Release/Obj/fatfs_pca10040/nrf_log_backend_uart.o
 .ARM.attributes
                0x000000000000008c       0x36 Output/Release/Obj/fatfs_pca10040/nrf_log_default_backends.o
 .ARM.attributes
                0x00000000000000c2       0x36 Output/Release/Obj/fatfs_pca10040/nrf_log_frontend.o
 .ARM.attributes
                0x00000000000000f8       0x36 Output/Release/Obj/fatfs_pca10040/nrf_log_str_formatter.o
 .ARM.attributes
                0x000000000000012e       0x36 Output/Release/Obj/fatfs_pca10040/boards.o
 .ARM.attributes
                0x0000000000000164       0x36 Output/Release/Obj/fatfs_pca10040/app_error.o
 .ARM.attributes
                0x000000000000019a       0x36 Output/Release/Obj/fatfs_pca10040/app_error_weak.o
 .ARM.attributes
                0x00000000000001d0       0x36 Output/Release/Obj/fatfs_pca10040/app_sdcard.o
 .ARM.attributes
                0x0000000000000206       0x36 Output/Release/Obj/fatfs_pca10040/app_util_platform.o
 .ARM.attributes
                0x000000000000023c       0x36 Output/Release/Obj/fatfs_pca10040/nrf_atomic.o
 .ARM.attributes
                0x0000000000000272       0x36 Output/Release/Obj/fatfs_pca10040/nrf_balloc.o
 .ARM.attributes
                0x00000000000002a8       0x36 Output/Release/Obj/fatfs_pca10040/nrf_block_dev_sdc.o
 .ARM.attributes
                0x00000000000002de       0x36 Output/Release/Obj/fatfs_pca10040/nrf_fprintf.o
 .ARM.attributes
                0x0000000000000314       0x36 Output/Release/Obj/fatfs_pca10040/nrf_fprintf_format.o
 .ARM.attributes
                0x000000000000034a       0x36 Output/Release/Obj/fatfs_pca10040/nrf_memobj.o
 .ARM.attributes
                0x0000000000000380       0x36 Output/Release/Obj/fatfs_pca10040/nrf_ringbuf.o
 .ARM.attributes
                0x00000000000003b6       0x36 Output/Release/Obj/fatfs_pca10040/nrf_drv_spi.o
 .ARM.attributes
                0x00000000000003ec       0x36 Output/Release/Obj/fatfs_pca10040/nrf_drv_uart.o
 .ARM.attributes
                0x0000000000000422       0x36 Output/Release/Obj/fatfs_pca10040/nrfx_prs.o
 .ARM.attributes
                0x0000000000000458       0x36 Output/Release/Obj/fatfs_pca10040/nrfx_spim.o
 .ARM.attributes
                0x000000000000048e       0x36 Output/Release/Obj/fatfs_pca10040/nrfx_uart.o
 .ARM.attributes
                0x00000000000004c4       0x36 Output/Release/Obj/fatfs_pca10040/nrfx_uarte.o
 .ARM.attributes
                0x00000000000004fa       0x36 Output/Release/Obj/fatfs_pca10040/main.o
 .ARM.attributes
                0x0000000000000530       0x36 Output/Release/Obj/fatfs_pca10040/SEGGER_RTT.o
 .ARM.attributes
                0x0000000000000566       0x36 Output/Release/Obj/fatfs_pca10040/SEGGER_RTT_Syscalls_SES.o
 .ARM.attributes
                0x000000000000059c       0x36 Output/Release/Obj/fatfs_pca10040/diskio_blkdev.o
 .ARM.attributes
                0x00000000000005d2       0x36 Output/Release/Obj/fatfs_pca10040/ff.o
 .ARM.attributes
                0x0000000000000608       0x20 Output/Release/Obj/fatfs_pca10040/ses_startup_nrf52.o
 .ARM.attributes
                0x0000000000000628       0x20 Output/Release/Obj/fatfs_pca10040/ses_startup_nrf_common.o
 .ARM.attributes
                0x0000000000000648       0x36 Output/Release/Obj/fatfs_pca10040/system_nrf52.o
 .ARM.attributes
                0x000000000000067e       0x36 /Applications/SEGGER Embedded Studio for ARM 5.68/lib/libc_v7em_fpv4_sp_d16_hard_t_le_eabi.a(libc2.o)
 .ARM.attributes
                0x00000000000006b4       0x20 /Applications/SEGGER Embedded Studio for ARM 5.68/lib/libc_v7em_fpv4_sp_d16_hard_t_le_eabi.a(libc2_asm.o)
 .ARM.attributes
                0x00000000000006d4       0x36 /Applications/SEGGER Embedded Studio for ARM 5.68/lib/libc_v7em_fpv4_sp_d16_hard_t_le_eabi.a(libvfprintf.o)

.comment        0x0000000000000000       0x3f
 .comment       0x0000000000000000       0x3f Output/Release/Obj/fatfs_pca10040/nrf_log_backend_serial.o
                                         0x40 (size before relaxing)
 .comment       0x000000000000003f       0x40 Output/Release/Obj/fatfs_pca10040/nrf_log_backend_uart.o
 .comment       0x000000000000003f       0x40 Output/Release/Obj/fatfs_pca10040/nrf_log_default_backends.o
 .comment       0x000000000000003f       0x40 Output/Release/Obj/fatfs_pca10040/nrf_log_frontend.o
 .comment       0x000000000000003f       0x40 Output/Release/Obj/fatfs_pca10040/nrf_log_str_formatter.o
 .comment       0x000000000000003f       0x40 Output/Release/Obj/fatfs_pca10040/boards.o
 .comment       0x000000000000003f       0x40 Output/Release/Obj/fatfs_pca10040/app_error.o
 .comment       0x000000000000003f       0x40 Output/Release/Obj/fatfs_pca10040/app_error_weak.o
 .comment       0x000000000000003f       0x40 Output/Release/Obj/fatfs_pca10040/app_sdcard.o
 .comment       0x000000000000003f       0x40 Output/Release/Obj/fatfs_pca10040/app_util_platform.o
 .comment       0x000000000000003f       0x40 Output/Release/Obj/fatfs_pca10040/nrf_atomic.o
 .comment       0x000000000000003f       0x40 Output/Release/Obj/fatfs_pca10040/nrf_balloc.o
 .comment       0x000000000000003f       0x40 Output/Release/Obj/fatfs_pca10040/nrf_block_dev_sdc.o
 .comment       0x000000000000003f       0x40 Output/Release/Obj/fatfs_pca10040/nrf_fprintf.o
 .comment       0x000000000000003f       0x40 Output/Release/Obj/fatfs_pca10040/nrf_fprintf_format.o
 .comment       0x000000000000003f       0x40 Output/Release/Obj/fatfs_pca10040/nrf_memobj.o
 .comment       0x000000000000003f       0x40 Output/Release/Obj/fatfs_pca10040/nrf_ringbuf.o
 .comment       0x000000000000003f       0x40 Output/Release/Obj/fatfs_pca10040/nrf_drv_spi.o
 .comment       0x000000000000003f       0x40 Output/Release/Obj/fatfs_pca10040/nrf_drv_uart.o
 .comment       0x000000000000003f       0x40 Output/Release/Obj/fatfs_pca10040/nrfx_prs.o
 .comment       0x000000000000003f       0x40 Output/Release/Obj/fatfs_pca10040/nrfx_spim.o
 .comment       0x000000000000003f       0x40 Output/Release/Obj/fatfs_pca10040/nrfx_uart.o
 .comment       0x000000000000003f       0x40 Output/Release/Obj/fatfs_pca10040/nrfx_uarte.o
 .comment       0x000000000000003f       0x40 Output/Release/Obj/fatfs_pca10040/main.o
 .comment       0x000000000000003f       0x40 Output/Release/Obj/fatfs_pca10040/SEGGER_RTT.o
 .comment       0x000000000000003f       0x40 Output/Release/Obj/fatfs_pca10040/SEGGER_RTT_Syscalls_SES.o
 .comment       0x000000000000003f       0x40 Output/Release/Obj/fatfs_pca10040/diskio_blkdev.o
 .comment       0x000000000000003f       0x40 Output/Release/Obj/fatfs_pca10040/ff.o
 .comment       0x000000000000003f       0x40 Output/Release/Obj/fatfs_pca10040/system_nrf52.o
 .comment       0x000000000000003f       0x40 /Applications/SEGGER Embedded Studio for ARM 5.68/lib/libc_v7em_fpv4_sp_d16_hard_t_le_eabi.a(libc2.o)
 .comment       0x000000000000003f       0x40 /Applications/SEGGER Embedded Studio for ARM 5.68/lib/libc_v7em_fpv4_sp_d16_hard_t_le_eabi.a(libvfprintf.o)

.debug_line     0x0000000000000000    0x164c0
 .debug_line    0x0000000000000000      0x214 Output/Release/Obj/fatfs_pca10040/thumb_crt0.o
 .debug_line    0x0000000000000214      0x763 Output/Release/Obj/fatfs_pca10040/nrf_log_backend_serial.o
 .debug_line    0x0000000000000977      0x9e7 Output/Release/Obj/fatfs_pca10040/nrf_log_backend_uart.o
 .debug_line    0x000000000000135e      0x65b Output/Release/Obj/fatfs_pca10040/nrf_log_default_backends.o
 .debug_line    0x00000000000019b9     0x12fc Output/Release/Obj/fatfs_pca10040/nrf_log_frontend.o
 .debug_line    0x0000000000002cb5      0x875 Output/Release/Obj/fatfs_pca10040/nrf_log_str_formatter.o
 .debug_line    0x000000000000352a      0xb5f Output/Release/Obj/fatfs_pca10040/boards.o
 .debug_line    0x0000000000004089      0x433 Output/Release/Obj/fatfs_pca10040/app_error.o
 .debug_line    0x00000000000044bc      0x78e Output/Release/Obj/fatfs_pca10040/app_error_weak.o
 .debug_line    0x0000000000004c4a     0x18bc Output/Release/Obj/fatfs_pca10040/app_sdcard.o
 .debug_line    0x0000000000006506      0x4c1 Output/Release/Obj/fatfs_pca10040/app_util_platform.o
 .debug_line    0x00000000000069c7      0x724 Output/Release/Obj/fatfs_pca10040/nrf_atomic.o
 .debug_line    0x00000000000070eb      0x740 Output/Release/Obj/fatfs_pca10040/nrf_balloc.o
 .debug_line    0x000000000000782b      0x8d6 Output/Release/Obj/fatfs_pca10040/nrf_block_dev_sdc.o
 .debug_line    0x0000000000008101      0x460 Output/Release/Obj/fatfs_pca10040/nrf_fprintf.o
 .debug_line    0x0000000000008561      0x8cc Output/Release/Obj/fatfs_pca10040/nrf_fprintf_format.o
 .debug_line    0x0000000000008e2d      0x8a2 Output/Release/Obj/fatfs_pca10040/nrf_memobj.o
 .debug_line    0x00000000000096cf      0x806 Output/Release/Obj/fatfs_pca10040/nrf_ringbuf.o
 .debug_line    0x0000000000009ed5      0x6c8 Output/Release/Obj/fatfs_pca10040/nrf_drv_spi.o
 .debug_line    0x000000000000a59d      0x703 Output/Release/Obj/fatfs_pca10040/nrf_drv_uart.o
 .debug_line    0x000000000000aca0      0x7c6 Output/Release/Obj/fatfs_pca10040/nrfx_prs.o
 .debug_line    0x000000000000b466     0x1380 Output/Release/Obj/fatfs_pca10040/nrfx_spim.o
 .debug_line    0x000000000000c7e6     0x185d Output/Release/Obj/fatfs_pca10040/nrfx_uart.o
 .debug_line    0x000000000000e043     0x17eb Output/Release/Obj/fatfs_pca10040/nrfx_uarte.o
 .debug_line    0x000000000000f82e      0xcf6 Output/Release/Obj/fatfs_pca10040/main.o
 .debug_line    0x0000000000010524     0x12fc Output/Release/Obj/fatfs_pca10040/SEGGER_RTT.o
 .debug_line    0x0000000000011820      0x4d4 Output/Release/Obj/fatfs_pca10040/SEGGER_RTT_Syscalls_SES.o
 .debug_line    0x0000000000011cf4      0x97a Output/Release/Obj/fatfs_pca10040/diskio_blkdev.o
 .debug_line    0x000000000001266e     0x363f Output/Release/Obj/fatfs_pca10040/ff.o
 .debug_line    0x0000000000015cad       0x8b Output/Release/Obj/fatfs_pca10040/ses_startup_nrf52.o
 .debug_line    0x0000000000015d38       0xad Output/Release/Obj/fatfs_pca10040/ses_startup_nrf_common.o
 .debug_line    0x0000000000015de5      0x6db Output/Release/Obj/fatfs_pca10040/system_nrf52.o

.debug_info     0x0000000000000000    0x1fe3f
 .debug_info    0x0000000000000000       0x22 Output/Release/Obj/fatfs_pca10040/thumb_crt0.o
 .debug_info    0x0000000000000022      0x77b Output/Release/Obj/fatfs_pca10040/nrf_log_backend_serial.o
 .debug_info    0x000000000000079d     0x114d Output/Release/Obj/fatfs_pca10040/nrf_log_backend_uart.o
 .debug_info    0x00000000000018ea      0x2df Output/Release/Obj/fatfs_pca10040/nrf_log_default_backends.o
 .debug_info    0x0000000000001bc9     0x2374 Output/Release/Obj/fatfs_pca10040/nrf_log_frontend.o
 .debug_info    0x0000000000003f3d      0x7a5 Output/Release/Obj/fatfs_pca10040/nrf_log_str_formatter.o
 .debug_info    0x00000000000046e2      0xc0e Output/Release/Obj/fatfs_pca10040/boards.o
 .debug_info    0x00000000000052f0      0x2a4 Output/Release/Obj/fatfs_pca10040/app_error.o
 .debug_info    0x0000000000005594      0x4a1 Output/Release/Obj/fatfs_pca10040/app_error_weak.o
 .debug_info    0x0000000000005a35     0x2943 Output/Release/Obj/fatfs_pca10040/app_sdcard.o
 .debug_info    0x0000000000008378      0x785 Output/Release/Obj/fatfs_pca10040/app_util_platform.o
 .debug_info    0x0000000000008afd      0x933 Output/Release/Obj/fatfs_pca10040/nrf_atomic.o
 .debug_info    0x0000000000009430      0x3a6 Output/Release/Obj/fatfs_pca10040/nrf_balloc.o
 .debug_info    0x00000000000097d6      0xbfd Output/Release/Obj/fatfs_pca10040/nrf_block_dev_sdc.o
 .debug_info    0x000000000000a3d3      0x233 Output/Release/Obj/fatfs_pca10040/nrf_fprintf.o
 .debug_info    0x000000000000a606      0x72d Output/Release/Obj/fatfs_pca10040/nrf_fprintf_format.o
 .debug_info    0x000000000000ad33      0x8bb Output/Release/Obj/fatfs_pca10040/nrf_memobj.o
 .debug_info    0x000000000000b5ee      0x622 Output/Release/Obj/fatfs_pca10040/nrf_ringbuf.o
 .debug_info    0x000000000000bc10      0xe1c Output/Release/Obj/fatfs_pca10040/nrf_drv_spi.o
 .debug_info    0x000000000000ca2c     0x1193 Output/Release/Obj/fatfs_pca10040/nrf_drv_uart.o
 .debug_info    0x000000000000dbbf      0x7c9 Output/Release/Obj/fatfs_pca10040/nrfx_prs.o
 .debug_info    0x000000000000e388     0x2918 Output/Release/Obj/fatfs_pca10040/nrfx_spim.o
 .debug_info    0x0000000000010ca0     0x317f Output/Release/Obj/fatfs_pca10040/nrfx_uart.o
 .debug_info    0x0000000000013e1f     0x335c Output/Release/Obj/fatfs_pca10040/nrfx_uarte.o
 .debug_info    0x000000000001717b     0x108b Output/Release/Obj/fatfs_pca10040/main.o
 .debug_info    0x0000000000018206     0x15fd Output/Release/Obj/fatfs_pca10040/SEGGER_RTT.o