Archive member included to satisfy reference by file (symbol)

/Applications/SEGGER Embedded Studio for ARM 6.30/lib/libc_v7em_fpv4_sp_d16_hard_t_le_eabi_balanced.a(strasmops_arm.o)
                              Output/Debug/Obj/pwm_library_pca10040/nrfx_gpiote.o (memset)
/Applications/SEGGER Embedded Studio for ARM 6.30/lib/libc_v7em_fpv4_sp_d16_hard_t_le_eabi_balanced.a(__SEGGER_RTL_vfprintf_long.o)
                              (__SEGGER_RTL_vfprintf_long)
/Applications/SEGGER Embedded Studio for ARM 6.30/lib/libc_v7em_fpv4_sp_d16_hard_t_le_eabi_balanced.a(__SEGGER_RTL_vfscanf_int.o)
                              (__SEGGER_RTL_vfscanf_int)
/Applications/SEGGER Embedded Studio for ARM 6.30/lib/libc_v7em_fpv4_sp_d16_hard_t_le_eabi_balanced.a(intasmops_arm.o)
                              /Applications/SEGGER Embedded Studio for ARM 6.30/lib/libc_v7em_fpv4_sp_d16_hard_t_le_eabi_balanced.a(__SEGGER_RTL_vfprintf_long.o) (__aeabi_uldivmod)
/Applications/SEGGER Embedded Studio for ARM 6.30/lib/libc_v7em_fpv4_sp_d16_hard_t_le_eabi_balanced.a(mbops.o)
                              /Applications/SEGGER Embedded Studio for ARM 6.30/lib/libc_v7em_fpv4_sp_d16_hard_t_le_eabi_balanced.a(__SEGGER_RTL_vfscanf_int.o) (isdigit)
/Applications/SEGGER Embedded Studio for ARM 6.30/lib/libc_v7em_fpv4_sp_d16_hard_t_le_eabi_balanced.a(sortops.o)
                              /Applications/SEGGER Embedded Studio for ARM 6.30/lib/libc_v7em_fpv4_sp_d16_hard_t_le_eabi_balanced.a(mbops.o) (bsearch)
/Applications/SEGGER Embedded Studio for ARM 6.30/lib/libc_v7em_fpv4_sp_d16_hard_t_le_eabi_balanced.a(strops.o)
                              /Applications/SEGGER Embedded Studio for ARM 6.30/lib/libc_v7em_fpv4_sp_d16_hard_t_le_eabi_balanced.a(mbops.o) (strcat)
/Applications/SEGGER Embedded Studio for ARM 6.30/lib/libc_v7em_fpv4_sp_d16_hard_t_le_eabi_balanced.a(timeops.o)
                              /Applications/SEGGER Embedded Studio for ARM 6.30/lib/libc_v7em_fpv4_sp_d16_hard_t_le_eabi_balanced.a(mbops.o) (__SEGGER_RTL_string_list_encode)
/Applications/SEGGER Embedded Studio for ARM 6.30/lib/libc_v7em_fpv4_sp_d16_hard_t_le_eabi_balanced.a(utilops.o)
                              /Applications/SEGGER Embedded Studio for ARM 6.30/lib/libc_v7em_fpv4_sp_d16_hard_t_le_eabi_balanced.a(__SEGGER_RTL_vfscanf_int.o) (__SEGGER_RTL_digit)
/Applications/SEGGER Embedded Studio for ARM 6.30/lib/libc_v7em_fpv4_sp_d16_hard_t_le_eabi_balanced.a(prinops.o)
                              /Applications/SEGGER Embedded Studio for ARM 6.30/lib/libc_v7em_fpv4_sp_d16_hard_t_le_eabi_balanced.a(__SEGGER_RTL_vfprintf_long.o) (__SEGGER_RTL_putc)
/Applications/SEGGER Embedded Studio for ARM 6.30/lib/libc_v7em_fpv4_sp_d16_hard_t_le_eabi_balanced.a(errno.o)
                              /Applications/SEGGER Embedded Studio for ARM 6.30/lib/libc_v7em_fpv4_sp_d16_hard_t_le_eabi_balanced.a(mbops.o) (__aeabi_errno_addr)
/Applications/SEGGER Embedded Studio for ARM 6.30/lib/libc_v7em_fpv4_sp_d16_hard_t_le_eabi_balanced.a(fileops.o)
                              /Applications/SEGGER Embedded Studio for ARM 6.30/lib/libc_v7em_fpv4_sp_d16_hard_t_le_eabi_balanced.a(prinops.o) (fwrite)
/Applications/SEGGER Embedded Studio for ARM 6.30/lib/libc_v7em_fpv4_sp_d16_hard_t_le_eabi_balanced.a(floatasmops_arm.o)
                              /Applications/SEGGER Embedded Studio for ARM 6.30/lib/libc_v7em_fpv4_sp_d16_hard_t_le_eabi_balanced.a(utilops.o) (__aeabi_dmul)
/Applications/SEGGER Embedded Studio for ARM 6.30/lib/libc_v7em_fpv4_sp_d16_hard_t_le_eabi_balanced.a(heapops.o)
                              /Applications/SEGGER Embedded Studio for ARM 6.30/lib/libc_v7em_fpv4_sp_d16_hard_t_le_eabi_balanced.a(mbops.o) (malloc)
/Applications/SEGGER Embedded Studio for ARM 6.30/lib/libc_v7em_fpv4_sp_d16_hard_t_le_eabi_balanced.a(intops.o)
                              /Applications/SEGGER Embedded Studio for ARM 6.30/lib/libc_v7em_fpv4_sp_d16_hard_t_le_eabi_balanced.a(timeops.o) (div)
/Applications/SEGGER Embedded Studio for ARM 6.30/lib/heapops_basic_v7em_little.a(heapops_basic.o)
                              /Applications/SEGGER Embedded Studio for ARM 6.30/lib/libc_v7em_fpv4_sp_d16_hard_t_le_eabi_balanced.a(heapops.o) (__SEGGER_RTL_alloc)

Discarded input sections

 .text          0x0000000000000000        0x0 Output/Debug/Obj/pwm_library_pca10040/thumb_crt0.o
 .data          0x0000000000000000        0x0 Output/Debug/Obj/pwm_library_pca10040/thumb_crt0.o
 .bss           0x0000000000000000        0x0 Output/Debug/Obj/pwm_library_pca10040/thumb_crt0.o
 .text.__aeabi_read_tp
                0x0000000000000000        0x8 Output/Debug/Obj/pwm_library_pca10040/thumb_crt0.o
 .text.abort    0x0000000000000000        0x2 Output/Debug/Obj/pwm_library_pca10040/thumb_crt0.o
 .text.__assert
                0x0000000000000000        0x2 Output/Debug/Obj/pwm_library_pca10040/thumb_crt0.o
 .text.__assert_func
[...]
Memory Configuration

Name             Origin             Length             Attributes
UNPLACED_SECTIONS 0x0000000100000000 0x0000000000000000 xw
RAM              0x0000000020000000 0x0000000000010000 xw
FLASH            0x0000000000000000 0x0000000000080000 xw
*default*        0x0000000000000000 0xffffffffffffffff

Linker script and memory map

                0x0000000000000000                __SEGGER_RTL_vfprintf = __SEGGER_RTL_vfprintf_long
                0x0000000000000000                __SEGGER_RTL_vfscanf = __SEGGER_RTL_vfscanf_int
                0x0000000020000000                __RAM_segment_start__ = 0x20000000
                0x0000000020010000                __RAM_segment_end__ = 0x20010000
                0x0000000000010000                __RAM_segment_size__ = 0x10000
                0x0000000000000000                __FLASH_segment_start__ = 0x0
                0x0000000000080000                __FLASH_segment_end__ = 0x80000
                0x0000000000080000                __FLASH_segment_size__ = 0x80000
                0x0000000000002000                __HEAPSIZE__ = 0x2000
                0x0000000000000000                __STACKSIZE_PROCESS__ = 0x0
                0x0000000000002000                __STACKSIZE__ = 0x2000
                0x0000000020000000                __vectors_ram_load_start__ = 0x20000000

.vectors_ram    0x0000000020000000        0x0
                0x0000000020000000                __vectors_ram_start__ = .
                0x0000000020000000                __app_ram_start__ = __vectors_ram_start__
 *(.vectors_ram .vectors_ram.*)
                0x0000000020000000                __vectors_ram_end__ = (__vectors_ram_start__ + SIZEOF (.vectors_ram))
                0x0000000000000000                __vectors_ram_size__ = SIZEOF (.vectors_ram)
                0x0000000020000000                __vectors_ram_load_end__ = __vectors_ram_end__
                0x0000000000000001                . = ASSERT (((__vectors_ram_start__ == __vectors_ram_end__) || ((__vectors_ram_end__ - __RAM_segment_start__) <= __RAM_segment_size__)), error: .vectors_ram is too large to fit in RAM memory segment)
                0x0000000020000000                __nrf_sections_run_load_start__ = ALIGN (__vectors_ram_end__, 0x4)

.nrf_sections_run
                0x0000000020000000        0x0
                0x0000000020000000                __nrf_sections_run_start__ = .
                0x0000000020000000                __start_nrf_sections_run = __nrf_sections_run_start__
 *(.nrf_sections_run .nrf_sections_run.*)
                0x0000000020000000                __nrf_sections_run_end__ = (__nrf_sections_run_start__ + SIZEOF (.nrf_sections_run))
                0x0000000000000000                __nrf_sections_run_size__ = SIZEOF (.nrf_sections_run)
                0x0000000020000000                __nrf_sections_run_load_end__ = __nrf_sections_run_end__
                0x0000000000000001                . = ASSERT (((__nrf_sections_run_start__ == __nrf_sections_run_end__) || ((__nrf_sections_run_end__ - __RAM_segment_start__) <= __RAM_segment_size__)), error: .nrf_sections_run is too large to fit in RAM memory segment)
                0x0000000000000000                __vectors_load_start__ = 0x0

.vectors        0x0000000000000000       0xdc
                0x0000000000000000                __vectors_start__ = .
 *(.vectors .vectors.*)
 .vectors       0x0000000000000000       0xdc Output/Debug/Obj/pwm_library_pca10040/ses_nrf52_Vectors.o
                0x0000000000000000                _vectors
                0x00000000000000dc                __vectors_end__ = (__vectors_start__ + SIZEOF (.vectors))
                0x00000000000000dc                __vectors_size__ = SIZEOF (.vectors)
                0x00000000000000dc                __vectors_load_end__ = __vectors_end__
                0x0000000000000001                . = ASSERT (((__vectors_start__ == __vectors_end__) || ((__vectors_end__ - __FLASH_segment_start__) <= __FLASH_segment_size__)), error: .vectors is too large to fit in FLASH memory segment)
                0x00000000000000dc                __init_load_start__ = ALIGN (__vectors_end__, 0x4)

.init           0x00000000000000dc      0x210
                0x00000000000000dc                __init_start__ = .
 *(.init .init.*)
 .init          0x00000000000000dc      0x158 Output/Debug/Obj/pwm_library_pca10040/thumb_crt0.o
                0x00000000000000dc                _start
                0x000000000000018a                exit
 .init          0x0000000000000234       0x58 Output/Debug/Obj/pwm_library_pca10040/ses_nRF_Startup.o
                0x0000000000000234                Reset_Handler
                0x0000000000000258                InitializeUserMemorySections
 .init          0x000000000000028c       0x60 Output/Debug/Obj/pwm_library_pca10040/ses_nrf52_Vectors.o
                0x000000000000028c                NMI_Handler
                0x000000000000028e                HardFault_Handler
                0x0000000000000290                MemoryManagement_Handler
                0x0000000000000292                BusFault_Handler
                0x0000000000000294                UsageFault_Handler
                0x0000000000000296                SVC_Handler
                0x0000000000000298                DebugMon_Handler
                0x000000000000029a                PendSV_Handler
                0x000000000000029c                SysTick_Handler
                0x00000000000002a0                POWER_CLOCK_IRQHandler
                0x00000000000002a2                RADIO_IRQHandler
                0x00000000000002a4                UARTE0_UART0_IRQHandler
                0x00000000000002a6                SPIM0_SPIS0_TWIM0_TWIS0_SPI0_TWI0_IRQHandler
                0x00000000000002a8                SPIM1_SPIS1_TWIM1_TWIS1_SPI1_TWI1_IRQHandler
                0x00000000000002aa                NFCT_IRQHandler
                0x00000000000002ae                SAADC_IRQHandler
                0x00000000000002b4                TIMER2_IRQHandler
                0x00000000000002b6                RTC0_IRQHandler
                0x00000000000002b8                TEMP_IRQHandler
                0x00000000000002ba                RNG_IRQHandler
                0x00000000000002bc                ECB_IRQHandler
                0x00000000000002be                CCM_AAR_IRQHandler
                0x00000000000002c0                WDT_IRQHandler
                0x00000000000002c2                RTC1_IRQHandler
                0x00000000000002c4                QDEC_IRQHandler
                0x00000000000002c6                COMP_LPCOMP_IRQHandler
                0x00000000000002c8                SWI0_EGU0_IRQHandler
                0x00000000000002ca                SWI1_EGU1_IRQHandler
                0x00000000000002cc                SWI2_EGU2_IRQHandler
                0x00000000000002ce                SWI3_EGU3_IRQHandler
                0x00000000000002d0                SWI4_EGU4_IRQHandler
                0x00000000000002d2                SWI5_EGU5_IRQHandler
                0x00000000000002d4                TIMER3_IRQHandler
                0x00000000000002d6                TIMER4_IRQHandler
                0x00000000000002d8                PWM0_IRQHandler
                0x00000000000002da                PDM_IRQHandler
                0x00000000000002dc                MWU_IRQHandler
                0x00000000000002de                PWM1_IRQHandler
                0x00000000000002e0                PWM2_IRQHandler
                0x00000000000002e2                SPIM2_SPIS2_SPI2_IRQHandler
                0x00000000000002e4                RTC2_IRQHandler
                0x00000000000002e6                I2S_IRQHandler
                0x00000000000002e8                FPU_IRQHandler
                0x00000000000002ec                __init_end__ = (__init_start__ + SIZEOF (.init))
                0x0000000000000210                __init_size__ = SIZEOF (.init)
                0x00000000000002ec                __init_load_end__ = __init_end__
                0x0000000000000001                . = ASSERT (((__init_start__ == __init_end__) || ((__init_end__ - __FLASH_segment_start__) <= __FLASH_segment_size__)), error: .init is too large to fit in FLASH memory segment)
                0x00000000000002ec                __init_rodata_load_start__ = ALIGN (__init_end__, 0x4)

.init_rodata    0x00000000000002ec        0x0
                0x00000000000002ec                __init_rodata_start__ = .
 *(.init_rodata .init_rodata.*)
                0x00000000000002ec                __init_rodata_end__ = (__init_rodata_start__ + SIZEOF (.init_rodata))
                0x0000000000000000                __init_rodata_size__ = SIZEOF (.init_rodata)
                0x00000000000002ec                __init_rodata_load_end__ = __init_rodata_end__
                0x0000000000000001                . = ASSERT (((__init_rodata_start__ == __init_rodata_end__) || ((__init_rodata_end__ - __FLASH_segment_start__) <= __FLASH_segment_size__)), error: .init_rodata is too large to fit in FLASH memory segment)
                0x00000000000002ec                __text_load_start__ = ALIGN (__init_rodata_end__, 0x4)

.text           0x00000000000002ec     0x3304
                0x00000000000002ec                __text_start__ = .
 *(.text .text.* .gnu.linkonce.t.* .glue_7t .glue_7 .gcc_except_table .ARM.extab* .gnu.linkonce.armextab.*)
 .glue_7        0x00000000000002ec        0x0 linker stubs
 .glue_7t       0x00000000000002ec        0x0 linker stubs
 .text.nrfx_coredep_delay_us
                0x00000000000002ec       0x30 Output/Debug/Obj/pwm_library_pca10040/main.o
 .text.nrf_gpio_pin_port_decode
                0x000000000000031c       0x28 Output/Debug/Obj/pwm_library_pca10040/main.o
 .text.nrf_gpio_cfg
                0x0000000000000344       0x62 Output/Debug/Obj/pwm_library_pca10040/main.o
 .text.nrf_gpio_cfg_output
                0x00000000000003a6       0x22 Output/Debug/Obj/pwm_library_pca10040/main.o
 .text.nrf_gpio_pin_toggle
                0x00000000000003c8       0x44 Output/Debug/Obj/pwm_library_pca10040/main.o
 .text.nrf_delay_ms
                0x000000000000040c       0x2a Output/Debug/Obj/pwm_library_pca10040/main.o
 *fill*         0x0000000000000436        0x2 
 .text.pwm_ready_callback
                0x0000000000000438       0x14 Output/Debug/Obj/pwm_library_pca10040/main.o
                0x0000000000000438                pwm_ready_callback
 .text.main     0x000000000000044c       0xd4 Output/Debug/Obj/pwm_library_pca10040/main.o
                0x000000000000044c                main
 .text.app_error_save_and_stop
                0x0000000000000520       0x9c Output/Debug/Obj/pwm_library_pca10040/app_error.o
                0x0000000000000520                app_error_save_and_stop
 .text.app_error_handler
                0x00000000000005bc       0x1c Output/Debug/Obj/pwm_library_pca10040/app_error_handler_gcc.o
                0x00000000000005bc                app_error_handler
 .text.app_error_fault_handler
                0x00000000000005d8       0x54 Output/Debug/Obj/pwm_library_pca10040/app_error_weak.o
                0x00000000000005d8                app_error_fault_handler
 .text.nrf_timer_event_address_get
                0x000000000000062c       0x18 Output/Debug/Obj/pwm_library_pca10040/app_pwm.o
 .text.nrf_timer_frequency_get
                0x0000000000000644       0x12 Output/Debug/Obj/pwm_library_pca10040/app_pwm.o
 .text.nrf_timer_cc_read
                0x0000000000000656       0x1e Output/Debug/Obj/pwm_library_pca10040/app_pwm.o
 .text.nrf_timer_compare_event_get
                0x0000000000000674       0x16 Output/Debug/Obj/pwm_library_pca10040/app_pwm.o
 *fill*         0x000000000000068a        0x2 
 .text.nrf_timer_us_to_ticks
                0x000000000000068c       0x3c Output/Debug/Obj/pwm_library_pca10040/app_pwm.o
 .text.nrfx_timer_compare_event_address_get
                0x00000000000006c8       0x40 Output/Debug/Obj/pwm_library_pca10040/app_pwm.o
 .text.nrfx_timer_capture_get
                0x0000000000000708       0x26 Output/Debug/Obj/pwm_library_pca10040/app_pwm.o
 .text.nrfx_timer_us_to_ticks
                0x000000000000072e       0x26 Output/Debug/Obj/pwm_library_pca10040/app_pwm.o
 .text.nrf_gpio_pin_port_decode
                0x0000000000000754       0x28 Output/Debug/Obj/pwm_library_pca10040/app_pwm.o
 .text.nrf_gpio_pin_set
                0x000000000000077c       0x28 Output/Debug/Obj/pwm_library_pca10040/app_pwm.o
 .text.nrf_gpio_pin_clear
                0x00000000000007a4       0x28 Output/Debug/Obj/pwm_library_pca10040/app_pwm.o
 .text.nrf_gpio_port_out_set
                0x00000000000007cc       0x14 Output/Debug/Obj/pwm_library_pca10040/app_pwm.o
 .text.nrf_gpio_port_out_clear
                0x00000000000007e0       0x14 Output/Debug/Obj/pwm_library_pca10040/app_pwm.o
 .text.pan73_workaround
                0x00000000000007f4       0x10 Output/Debug/Obj/pwm_library_pca10040/app_pwm.o
 .text.app_pwm_busy_check
                0x0000000000000804       0x80 Output/Debug/Obj/pwm_library_pca10040/app_pwm.o
                0x0000000000000804                app_pwm_busy_check
 .text.pwm_irq_enable
                0x0000000000000884       0x1a Output/Debug/Obj/pwm_library_pca10040/app_pwm.o
 .text.pwm_irq_disable
                0x000000000000089e       0x1a Output/Debug/Obj/pwm_library_pca10040/app_pwm.o
 .text.pwm_ready_tick
                0x00000000000008b8       0xc4 Output/Debug/Obj/pwm_library_pca10040/app_pwm.o
                0x00000000000008b8                pwm_ready_tick
 .text.pwm_dealloc
                0x000000000000097c      0x114 Output/Debug/Obj/pwm_library_pca10040/app_pwm.o
 .text.pwm_transition
                0x0000000000000a90      0x18c Output/Debug/Obj/pwm_library_pca10040/app_pwm.o
 .text.app_pwm_channel_duty_ticks_set
                0x0000000000000c1c       0xf0 Output/Debug/Obj/pwm_library_pca10040/app_pwm.o
                0x0000000000000c1c                app_pwm_channel_duty_ticks_set
 .text.app_pwm_cycle_ticks_get
                0x0000000000000d0c       0x16 Output/Debug/Obj/pwm_library_pca10040/app_pwm.o
                0x0000000000000d0c                app_pwm_cycle_ticks_get
 *fill*         0x0000000000000d22        0x2 
 .text.app_pwm_channel_duty_set
                0x0000000000000d24       0x4c Output/Debug/Obj/pwm_library_pca10040/app_pwm.o
                0x0000000000000d24                app_pwm_channel_duty_set
 .text.app_pwm_channel_init
                0x0000000000000d70      0x1c8 Output/Debug/Obj/pwm_library_pca10040/app_pwm.o
 .text.pwm_calculate_timer_frequency
                0x0000000000000f38       0x4c Output/Debug/Obj/pwm_library_pca10040/app_pwm.o
 .text.app_pwm_init
                0x0000000000000f84      0x268 Output/Debug/Obj/pwm_library_pca10040/app_pwm.o
                0x0000000000000f84                app_pwm_init
 .text.app_pwm_enable
                0x00000000000011ec       0xe4 Output/Debug/Obj/pwm_library_pca10040/app_pwm.o
                0x00000000000011ec                app_pwm_enable
 .text.app_util_disable_irq
                0x00000000000012d0       0x18 Output/Debug/Obj/pwm_library_pca10040/app_util_platform.o
                0x00000000000012d0                app_util_disable_irq
 .text.app_util_enable_irq
                0x00000000000012e8       0x20 Output/Debug/Obj/pwm_library_pca10040/app_util_platform.o
                0x00000000000012e8                app_util_enable_irq
 .text.app_util_critical_region_enter
                0x0000000000001308       0x28 Output/Debug/Obj/pwm_library_pca10040/app_util_platform.o
                0x0000000000001308                app_util_critical_region_enter
 .text.app_util_critical_region_exit
                0x0000000000001330       0x2c Output/Debug/Obj/pwm_library_pca10040/app_util_platform.o
                0x0000000000001330                app_util_critical_region_exit
 .text.privilege_level_get
                0x000000000000135c       0x3a Output/Debug/Obj/pwm_library_pca10040/app_util_platform.o
                0x000000000000135c                privilege_level_get
 .text.assert_nrf_callback
                0x0000000000001396       0x2e Output/Debug/Obj/pwm_library_pca10040/nrf_assert.o
                0x0000000000001396                assert_nrf_callback
 .text.nrf_drv_ppi_init
                0x00000000000013c4       0x1c Output/Debug/Obj/pwm_library_pca10040/nrf_drv_ppi.o
                0x00000000000013c4                nrf_drv_ppi_init
 .text.NVIC_EnableIRQ
                0x00000000000013e0       0x2c Output/Debug/Obj/pwm_library_pca10040/nrfx_gpiote.o
 .text.NVIC_ClearPendingIRQ
                0x000000000000140c       0x30 Output/Debug/Obj/pwm_library_pca10040/nrfx_gpiote.o
 .text.NVIC_SetPriority
                0x000000000000143c       0x50 Output/Debug/Obj/pwm_library_pca10040/nrfx_gpiote.o
 .text._NRFX_IRQ_PRIORITY_SET
                0x000000000000148c       0x40 Output/Debug/Obj/pwm_library_pca10040/nrfx_gpiote.o
 .text._NRFX_IRQ_ENABLE
                0x00000000000014cc       0x26 Output/Debug/Obj/pwm_library_pca10040/nrfx_gpiote.o
 .text.nrf_gpiote_task_addr_get
                0x00000000000014f2       0x1a Output/Debug/Obj/pwm_library_pca10040/nrfx_gpiote.o
 .text.nrf_gpiote_event_is_set
                0x000000000000150c       0x2a Output/Debug/Obj/pwm_library_pca10040/nrfx_gpiote.o
 .text.nrf_gpiote_event_clear
                0x0000000000001536       0x36 Output/Debug/Obj/pwm_library_pca10040/nrfx_gpiote.o
 .text.nrf_gpiote_event_addr_get
                0x000000000000156c       0x1a Output/Debug/Obj/pwm_library_pca10040/nrfx_gpiote.o
 *fill*         0x0000000000001586        0x2 
 .text.nrf_gpiote_int_enable
                0x0000000000001588       0x18 Output/Debug/Obj/pwm_library_pca10040/nrfx_gpiote.o
 .text.nrf_gpiote_int_is_enabled
                0x00000000000015a0       0x18 Output/Debug/Obj/pwm_library_pca10040/nrfx_gpiote.o
 .text.nrf_gpiote_event_pin_get
                0x00000000000015b8       0x20 Output/Debug/Obj/pwm_library_pca10040/nrfx_gpiote.o
 .text.nrf_gpiote_event_polarity_get
                0x00000000000015d8       0x24 Output/Debug/Obj/pwm_library_pca10040/nrfx_gpiote.o
 .text.nrf_gpiote_task_enable
                0x00000000000015fc       0x30 Output/Debug/Obj/pwm_library_pca10040/nrfx_gpiote.o
 .text.nrf_gpiote_task_configure
                0x000000000000162c       0x7c Output/Debug/Obj/pwm_library_pca10040/nrfx_gpiote.o
 .text.nrf_gpiote_task_force
                0x00000000000016a8       0x3c Output/Debug/Obj/pwm_library_pca10040/nrfx_gpiote.o
 .text.nrf_gpiote_te_default
                0x00000000000016e4       0x1c Output/Debug/Obj/pwm_library_pca10040/nrfx_gpiote.o
 .text.nrf_gpio_pin_port_decode
                0x0000000000001700       0x28 Output/Debug/Obj/pwm_library_pca10040/nrfx_gpiote.o
 .text.nrf_gpio_cfg
                0x0000000000001728       0x62 Output/Debug/Obj/pwm_library_pca10040/nrfx_gpiote.o
 .text.nrf_gpio_cfg_output
                0x000000000000178a       0x22 Output/Debug/Obj/pwm_library_pca10040/nrfx_gpiote.o
 .text.nrf_gpio_cfg_default
                0x00000000000017ac       0x22 Output/Debug/Obj/pwm_library_pca10040/nrfx_gpiote.o
 .text.nrf_gpio_cfg_sense_set
                0x00000000000017ce       0x5c Output/Debug/Obj/pwm_library_pca10040/nrfx_gpiote.o
 .text.nrf_gpio_pin_set
                0x000000000000182a       0x28 Output/Debug/Obj/pwm_library_pca10040/nrfx_gpiote.o
 .text.nrf_gpio_pin_clear
                0x0000000000001852       0x28 Output/Debug/Obj/pwm_library_pca10040/nrfx_gpiote.o
 .text.nrf_gpio_pin_sense_get
                0x000000000000187a       0x2c Output/Debug/Obj/pwm_library_pca10040/nrfx_gpiote.o
 .text.nrf_gpio_port_in_read
                0x00000000000018a6       0x10 Output/Debug/Obj/pwm_library_pca10040/nrfx_gpiote.o
 .text.nrf_gpio_port_out_set
                0x00000000000018b6       0x14 Output/Debug/Obj/pwm_library_pca10040/nrfx_gpiote.o
 .text.nrf_gpio_port_out_clear
                0x00000000000018ca       0x14 Output/Debug/Obj/pwm_library_pca10040/nrfx_gpiote.o
 *fill*         0x00000000000018de        0x2 
 .text.nrf_gpio_ports_read
                0x00000000000018e0       0x68 Output/Debug/Obj/pwm_library_pca10040/nrfx_gpiote.o
 .text.nrf_bitmask_bit_is_set
                0x0000000000001948       0x30 Output/Debug/Obj/pwm_library_pca10040/nrfx_gpiote.o
 .text.nrf_bitmask_bit_set
                0x0000000000001978       0x40 Output/Debug/Obj/pwm_library_pca10040/nrfx_gpiote.o
 .text.nrf_bitmask_bit_clear
                0x00000000000019b8       0x44 Output/Debug/Obj/pwm_library_pca10040/nrfx_gpiote.o
 .text.pin_in_use
                0x00000000000019fc       0x28 Output/Debug/Obj/pwm_library_pca10040/nrfx_gpiote.o
 .text.pin_in_use_by_te
                0x0000000000001a24       0x3c Output/Debug/Obj/pwm_library_pca10040/nrfx_gpiote.o
 .text.pin_in_use_by_te_set
                0x0000000000001a60       0x50 Output/Debug/Obj/pwm_library_pca10040/nrfx_gpiote.o
 .text.pin_in_use_set
                0x0000000000001ab0       0x1c Output/Debug/Obj/pwm_library_pca10040/nrfx_gpiote.o
 .text.pin_in_use_clear
                0x0000000000001acc       0x1c Output/Debug/Obj/pwm_library_pca10040/nrfx_gpiote.o
 .text.pin_configured_set
                0x0000000000001ae8       0x1c Output/Debug/Obj/pwm_library_pca10040/nrfx_gpiote.o
 .text.pin_configured_clear
                0x0000000000001b04       0x1c Output/Debug/Obj/pwm_library_pca10040/nrfx_gpiote.o
 .text.pin_configured_check
                0x0000000000001b20       0x28 Output/Debug/Obj/pwm_library_pca10040/nrfx_gpiote.o
 .text.channel_port_get
                0x0000000000001b48       0x1c Output/Debug/Obj/pwm_library_pca10040/nrfx_gpiote.o
 .text.channel_handler_get
                0x0000000000001b64       0x18 Output/Debug/Obj/pwm_library_pca10040/nrfx_gpiote.o
 .text.channel_port_alloc
                0x0000000000001b7c       0x7c Output/Debug/Obj/pwm_library_pca10040/nrfx_gpiote.o
 .text.channel_free
                0x0000000000001bf8       0x38 Output/Debug/Obj/pwm_library_pca10040/nrfx_gpiote.o
 .text.nrfx_gpiote_init
                0x0000000000001c30       0xa4 Output/Debug/Obj/pwm_library_pca10040/nrfx_gpiote.o
                0x0000000000001c30                nrfx_gpiote_init
 .text.nrfx_gpiote_is_init
                0x0000000000001cd4       0x18 Output/Debug/Obj/pwm_library_pca10040/nrfx_gpiote.o
                0x0000000000001cd4                nrfx_gpiote_is_init
 .text.nrfx_gpiote_out_init
                0x0000000000001cec       0xd0 Output/Debug/Obj/pwm_library_pca10040/nrfx_gpiote.o
                0x0000000000001cec                nrfx_gpiote_out_init
 .text.nrfx_gpiote_out_uninit
                0x0000000000001dbc       0x80 Output/Debug/Obj/pwm_library_pca10040/nrfx_gpiote.o
                0x0000000000001dbc                nrfx_gpiote_out_uninit
 .text.nrfx_gpiote_out_task_enable
                0x0000000000001e3c       0x64 Output/Debug/Obj/pwm_library_pca10040/nrfx_gpiote.o
                0x0000000000001e3c                nrfx_gpiote_out_task_enable
 .text.nrfx_gpiote_set_task_addr_get
                0x0000000000001ea0       0x58 Output/Debug/Obj/pwm_library_pca10040/nrfx_gpiote.o
                0x0000000000001ea0                nrfx_gpiote_set_task_addr_get
 .text.nrfx_gpiote_clr_task_addr_get
                0x0000000000001ef8       0x58 Output/Debug/Obj/pwm_library_pca10040/nrfx_gpiote.o
                0x0000000000001ef8                nrfx_gpiote_clr_task_addr_get
 .text.nrfx_gpiote_out_task_force
                0x0000000000001f50       0x84 Output/Debug/Obj/pwm_library_pca10040/nrfx_gpiote.o
                0x0000000000001f50                nrfx_gpiote_out_task_force
 .text.GPIOTE_IRQHandler
                0x0000000000001fd4      0x2e0 Output/Debug/Obj/pwm_library_pca10040/nrfx_gpiote.o
                0x0000000000001fd4                GPIOTE_IRQHandler
 .text.nrf_ppi_channel_enable
                0x00000000000022b4       0x24 Output/Debug/Obj/pwm_library_pca10040/nrfx_ppi.o
 .text.nrf_ppi_channel_disable
                0x00000000000022d8       0x24 Output/Debug/Obj/pwm_library_pca10040/nrfx_ppi.o
 .text.nrf_ppi_channel_endpoint_setup
                0x00000000000022fc       0x34 Output/Debug/Obj/pwm_library_pca10040/nrfx_ppi.o
 .text.nrfx_ppi_channel_to_mask
                0x0000000000002330       0x18 Output/Debug/Obj/pwm_library_pca10040/nrfx_ppi.o
 .text.is_programmable_app_channel
                0x0000000000002348       0x2c Output/Debug/Obj/pwm_library_pca10040/nrfx_ppi.o
 .text.are_app_channels
                0x0000000000002374        0xc Output/Debug/Obj/pwm_library_pca10040/nrfx_ppi.o
 .text.is_app_channel
                0x0000000000002380       0x26 Output/Debug/Obj/pwm_library_pca10040/nrfx_ppi.o
 *fill*         0x00000000000023a6        0x2 
 .text.is_allocated_channel
                0x00000000000023a8       0x34 Output/Debug/Obj/pwm_library_pca10040/nrfx_ppi.o
 .text.channel_allocated_set
                0x00000000000023dc       0x2c Output/Debug/Obj/pwm_library_pca10040/nrfx_ppi.o
 .text.channel_allocated_clr
                0x0000000000002408       0x30 Output/Debug/Obj/pwm_library_pca10040/nrfx_ppi.o
 .text.nrfx_ppi_channel_alloc
                0x0000000000002438       0xa8 Output/Debug/Obj/pwm_library_pca10040/nrfx_ppi.o
                0x0000000000002438                nrfx_ppi_channel_alloc
 .text.nrfx_ppi_channel_free
                0x00000000000024e0       0x54 Output/Debug/Obj/pwm_library_pca10040/nrfx_ppi.o
                0x00000000000024e0                nrfx_ppi_channel_free
 .text.nrfx_ppi_channel_assign
                0x0000000000002534       0x72 Output/Debug/Obj/pwm_library_pca10040/nrfx_ppi.o
                0x0000000000002534                nrfx_ppi_channel_assign
 .text.nrfx_ppi_channel_enable
                0x00000000000025a6       0x6a Output/Debug/Obj/pwm_library_pca10040/nrfx_ppi.o
                0x00000000000025a6                nrfx_ppi_channel_enable
 .text.nrfx_ppi_channel_disable
                0x0000000000002610       0x6e Output/Debug/Obj/pwm_library_pca10040/nrfx_ppi.o
                0x0000000000002610                nrfx_ppi_channel_disable
 *fill*         0x000000000000267e        0x2 
 .text.NVIC_EnableIRQ
                0x0000000000002680       0x2c Output/Debug/Obj/pwm_library_pca10040/nrfx_timer.o
 .text.NVIC_DisableIRQ
                0x00000000000026ac       0x30 Output/Debug/Obj/pwm_library_pca10040/nrfx_timer.o
 .text.NVIC_ClearPendingIRQ
                0x00000000000026dc       0x30 Output/Debug/Obj/pwm_library_pca10040/nrfx_timer.o
 .text.NVIC_SetPriority
                0x000000000000270c       0x50 Output/Debug/Obj/pwm_library_pca10040/nrfx_timer.o
 .text.nrfx_get_irq_number
                0x000000000000275c       0x16 Output/Debug/Obj/pwm_library_pca10040/nrfx_timer.o
 *fill*         0x0000000000002772        0x2 
 .text._NRFX_IRQ_PRIORITY_SET
                0x0000000000002774       0x40 Output/Debug/Obj/pwm_library_pca10040/nrfx_timer.o
 .text._NRFX_IRQ_ENABLE
                0x00000000000027b4       0x26 Output/Debug/Obj/pwm_library_pca10040/nrfx_timer.o
 .text._NRFX_IRQ_DISABLE
                0x00000000000027da       0x1c Output/Debug/Obj/pwm_library_pca10040/nrfx_timer.o
 .text.nrf_timer_task_trigger
                0x00000000000027f6       0x1c Output/Debug/Obj/pwm_library_pca10040/nrfx_timer.o
 .text.nrf_timer_event_clear
                0x0000000000002812       0x2a Output/Debug/Obj/pwm_library_pca10040/nrfx_timer.o
 .text.nrf_timer_event_check
                0x000000000000283c       0x24 Output/Debug/Obj/pwm_library_pca10040/nrfx_timer.o
 .text.nrf_timer_shorts_enable
                0x0000000000002860       0x1c Output/Debug/Obj/pwm_library_pca10040/nrfx_timer.o
 .text.nrf_timer_shorts_disable
                0x000000000000287c       0x1e Output/Debug/Obj/pwm_library_pca10040/nrfx_timer.o
 .text.nrf_timer_int_enable
                0x000000000000289a       0x14 Output/Debug/Obj/pwm_library_pca10040/nrfx_timer.o
 .text.nrf_timer_int_disable
                0x00000000000028ae       0x14 Output/Debug/Obj/pwm_library_pca10040/nrfx_timer.o
 .text.nrf_timer_int_enable_check
                0x00000000000028c2       0x20 Output/Debug/Obj/pwm_library_pca10040/nrfx_timer.o
 .text.nrf_timer_mode_set
                0x00000000000028e2       0x2a Output/Debug/Obj/pwm_library_pca10040/nrfx_timer.o
 .text.nrf_timer_bit_width_set
                0x000000000000290c       0x2a Output/Debug/Obj/pwm_library_pca10040/nrfx_timer.o
 .text.nrf_timer_frequency_set
                0x0000000000002936       0x2a Output/Debug/Obj/pwm_library_pca10040/nrfx_timer.o
 .text.nrf_timer_cc_write
                0x0000000000002960       0x22 Output/Debug/Obj/pwm_library_pca10040/nrfx_timer.o
 .text.nrf_timer_compare_event_get
                0x0000000000002982       0x16 Output/Debug/Obj/pwm_library_pca10040/nrfx_timer.o
 .text.nrf_timer_compare_int_get
                0x0000000000002998       0x14 Output/Debug/Obj/pwm_library_pca10040/nrfx_timer.o
 .text.nrfx_timer_init
                0x00000000000029ac      0x1f8 Output/Debug/Obj/pwm_library_pca10040/nrfx_timer.o
                0x00000000000029ac                nrfx_timer_init
 .text.nrfx_timer_uninit
                0x0000000000002ba4       0x60 Output/Debug/Obj/pwm_library_pca10040/nrfx_timer.o
                0x0000000000002ba4                nrfx_timer_uninit
 .text.nrfx_timer_enable
                0x0000000000002c04       0x5c Output/Debug/Obj/pwm_library_pca10040/nrfx_timer.o
                0x0000000000002c04                nrfx_timer_enable
 .text.nrfx_timer_disable
                0x0000000000002c60       0x5c Output/Debug/Obj/pwm_library_pca10040/nrfx_timer.o
                0x0000000000002c60                nrfx_timer_disable
 .text.nrfx_timer_clear
                0x0000000000002cbc       0x44 Output/Debug/Obj/pwm_library_pca10040/nrfx_timer.o
                0x0000000000002cbc                nrfx_timer_clear
 .text.nrfx_timer_compare
                0x0000000000002d00       0x72 Output/Debug/Obj/pwm_library_pca10040/nrfx_timer.o
                0x0000000000002d00                nrfx_timer_compare
 .text.nrfx_timer_extended_compare
                0x0000000000002d72       0x5e Output/Debug/Obj/pwm_library_pca10040/nrfx_timer.o
                0x0000000000002d72                nrfx_timer_extended_compare
 .text.nrfx_timer_compare_int_enable
                0x0000000000002dd0       0x74 Output/Debug/Obj/pwm_library_pca10040/nrfx_timer.o
                0x0000000000002dd0                nrfx_timer_compare_int_enable
 .text.nrfx_timer_compare_int_disable
                0x0000000000002e44       0x64 Output/Debug/Obj/pwm_library_pca10040/nrfx_timer.o
                0x0000000000002e44                nrfx_timer_compare_int_disable
 .text.irq_handler
                0x0000000000002ea8       0x8e Output/Debug/Obj/pwm_library_pca10040/nrfx_timer.o
 *fill*         0x0000000000002f36        0x2 
 .text.TIMER0_IRQHandler
                0x0000000000002f38       0x18 Output/Debug/Obj/pwm_library_pca10040/nrfx_timer.o
                0x0000000000002f38                TIMER0_IRQHandler
 .text.TIMER1_IRQHandler
                0x0000000000002f50       0x18 Output/Debug/Obj/pwm_library_pca10040/nrfx_timer.o
                0x0000000000002f50                TIMER1_IRQHandler
 .text.NVIC_SystemReset
                0x0000000000002f68       0x2c Output/Debug/Obj/pwm_library_pca10040/system_nrf52.o
 .text.SystemCoreClockUpdate
                0x0000000000002f94       0x14 Output/Debug/Obj/pwm_library_pca10040/system_nrf52.o
                0x0000000000002f94                SystemCoreClockUpdate
 .text.SystemInit
                0x0000000000002fa8      0x2d8 Output/Debug/Obj/pwm_library_pca10040/system_nrf52.o
                0x0000000000002fa8                SystemInit
 .text.errata_12
                0x0000000000003280       0x58 Output/Debug/Obj/pwm_library_pca10040/system_nrf52.o
 .text.errata_16
                0x00000000000032d8       0x38 Output/Debug/Obj/pwm_library_pca10040/system_nrf52.o
 .text.errata_31
                0x0000000000003310       0x58 Output/Debug/Obj/pwm_library_pca10040/system_nrf52.o
 .text.errata_32
                0x0000000000003368       0x38 Output/Debug/Obj/pwm_library_pca10040/system_nrf52.o
 .text.errata_36
                0x00000000000033a0       0x58 Output/Debug/Obj/pwm_library_pca10040/system_nrf52.o
 .text.errata_37
                0x00000000000033f8       0x38 Output/Debug/Obj/pwm_library_pca10040/system_nrf52.o
 .text.errata_57
                0x0000000000003430       0x38 Output/Debug/Obj/pwm_library_pca10040/system_nrf52.o
 .text.errata_66
                0x0000000000003468       0x38 Output/Debug/Obj/pwm_library_pca10040/system_nrf52.o
 .text.errata_108
                0x00000000000034a0       0x58 Output/Debug/Obj/pwm_library_pca10040/system_nrf52.o
 .text.errata_136
                0x00000000000034f8       0x58 Output/Debug/Obj/pwm_library_pca10040/system_nrf52.o
 .text.errata_182
                0x0000000000003550       0x24 Output/Debug/Obj/pwm_library_pca10040/system_nrf52.o
 .text.libc.__aeabi_memclr
                0x0000000000003574       0x68 /Applications/SEGGER Embedded Studio for ARM 6.30/lib/libc_v7em_fpv4_sp_d16_hard_t_le_eabi_balanced.a(strasmops_arm.o)
                0x0000000000003574                __aeabi_memclr8
                0x0000000000003574                __aeabi_memclr
                0x0000000000003574                __aeabi_memclr4
                0x0000000000003576                __aeabi_memset
                0x0000000000003576                __aeabi_memset8
                0x0000000000003576                __aeabi_memset4
                0x000000000000357c                memset
 .text.__SEGGER_RTL_init_heap
                0x00000000000035dc       0x14 /Applications/SEGGER Embedded Studio for ARM 6.30/lib/heapops_basic_v7em_little.a(heapops_basic.o)
                0x00000000000035dc                __SEGGER_RTL_init_heap
                0x00000000000035f0                __text_end__ = (__text_start__ + SIZEOF (.text))
                0x0000000000003304                __text_size__ = SIZEOF (.text)
                0x00000000000035f0                __text_load_end__ = __text_end__

.vfp11_veneer   0x0000000100000000        0x0
 .vfp11_veneer  0x0000000100000000        0x0 linker stubs

.v4_bx          0x0000000100000000        0x0
 .v4_bx         0x0000000100000000        0x0 linker stubs

.iplt           0x0000000100000000        0x0
 .iplt          0x0000000100000000        0x0 Output/Debug/Obj/pwm_library_pca10040/thumb_crt0.o
                0x0000000000000001                . = ASSERT (((__text_start__ == __text_end__) || ((__text_end__ - __FLASH_segment_start__) <= __FLASH_segment_size__)), error: .text is too large to fit in FLASH memory segment)
                0x00000000000035f0                __log_const_data_load_start__ = ALIGN (__text_end__, 0x4)

.log_const_data
                0x00000000000035f0        0x0
                0x00000000000035f0                __log_const_data_start__ = .
                0x00000000000035f0                __start_log_const_data = __log_const_data_start__
 *(SORT_BY_NAME(.log_const_data*))
                0x00000000000035f0                __log_const_data_end__ = (__log_const_data_start__ + SIZEOF (.log_const_data))
                0x0000000000000000                __log_const_data_size__ = SIZEOF (.log_const_data)
                0x00000000000035f0                __stop_log_const_data = __log_const_data_end__
                0x00000000000035f0                __log_const_data_load_end__ = __log_const_data_end__
                0x0000000000000001                . = ASSERT (((__log_const_data_start__ == __log_const_data_end__) || ((__log_const_data_end__ - __FLASH_segment_start__) <= __FLASH_segment_size__)), error: .log_const_data is too large to fit in FLASH memory segment)
                0x00000000000035f0                __nrf_balloc_load_start__ = ALIGN (__log_const_data_end__, 0x4)

.nrf_balloc     0x00000000000035f0        0x0
                0x00000000000035f0                __nrf_balloc_start__ = .
                0x00000000000035f0                __start_nrf_balloc = __nrf_balloc_start__
 *(.nrf_balloc*)
                0x00000000000035f0                __nrf_balloc_end__ = (__nrf_balloc_start__ + SIZEOF (.nrf_balloc))
                0x0000000000000000                __nrf_balloc_size__ = SIZEOF (.nrf_balloc)
                0x00000000000035f0                __stop_nrf_balloc = __nrf_balloc_end__
                0x00000000000035f0                __nrf_balloc_load_end__ = __nrf_balloc_end__
                0x0000000000000001                . = ASSERT (((__nrf_balloc_start__ == __nrf_balloc_end__) || ((__nrf_balloc_end__ - __FLASH_segment_start__) <= __FLASH_segment_size__)), error: .nrf_balloc is too large to fit in FLASH memory segment)
                0x00000000000035f0                __nrf_sections_load_start__ = ALIGN (__nrf_balloc_end__, 0x4)

.nrf_sections   0x00000000000035f0        0x0
                0x00000000000035f0                __nrf_sections_start__ = .
                0x00000000000035f0                __start_nrf_sections = __nrf_sections_start__
 *(.nrf_sections .nrf_sections.*)
                0x00000000000035f0                __nrf_sections_end__ = (__nrf_sections_start__ + SIZEOF (.nrf_sections))
                0x0000000000000000                __nrf_sections_size__ = SIZEOF (.nrf_sections)
                0x00000000000035f0                __nrf_sections_load_end__ = __nrf_sections_end__
                0x0000000000000001                . = ASSERT (((__nrf_sections_start__ == __nrf_sections_end__) || ((__nrf_sections_end__ - __FLASH_segment_start__) <= __FLASH_segment_size__)), error: .nrf_sections is too large to fit in FLASH memory segment)
                0x00000000000035f0                __log_dynamic_data_load_start__ = ALIGN (__nrf_sections_end__, 0x4)

.log_dynamic_data
                0x0000000020000000        0x0 load address 0x00000000000035f0
                0x0000000020000000                __log_dynamic_data_start__ = .
 *(SORT_BY_NAME(.log_dynamic_data*))
                0x0000000020000000                __log_dynamic_data_end__ = (__log_dynamic_data_start__ + SIZEOF (.log_dynamic_data))
                0x0000000000000000                __log_dynamic_data_size__ = SIZEOF (.log_dynamic_data)
                0x00000000000035f0                __log_dynamic_data_load_end__ = (__log_dynamic_data_load_start__ + SIZEOF (.log_dynamic_data))
                0x0000000000000001                . = ASSERT (((__log_dynamic_data_load_start__ == __log_dynamic_data_load_end__) || ((__log_dynamic_data_load_end__ - __FLASH_segment_start__) <= __FLASH_segment_size__)), error: .log_dynamic_data is too large to fit in FLASH memory segment)

.log_dynamic_data_run
                0x0000000020000000        0x0
                0x0000000020000000                __log_dynamic_data_run_start__ = .
                0x0000000020000000                __start_log_dynamic_data = __log_dynamic_data_run_start__
                0x0000000020000000                __log_dynamic_data_run_end__ = (__log_dynamic_data_run_start__ + SIZEOF (.log_dynamic_data))
                0x0000000000000000                __log_dynamic_data_run_size__ = (__log_dynamic_data_run_end__ - __log_dynamic_data_run_start__)
                0x0000000020000000                __stop_log_dynamic_data = __log_dynamic_data_run_end__
                0x0000000020000000                __log_dynamic_data_run_load_end__ = __log_dynamic_data_run_end__
                0x0000000000000001                . = ASSERT (((__log_dynamic_data_run_start__ == __log_dynamic_data_run_end__) || ((__log_dynamic_data_run_end__ - __RAM_segment_start__) <= __RAM_segment_size__)), error: .log_dynamic_data_run is too large to fit in RAM memory segment)
                0x0000000020000000                __nrf_sections_run_end_load_start__ = ALIGN (__log_dynamic_data_run_end__, 0x4)

.nrf_sections_run_end
                0x0000000020000000        0x0
                0x0000000020000000                __nrf_sections_run_end_start__ = .
                0x0000000020000000                __end_nrf_sections_run = __nrf_sections_run_end_start__
 *(.nrf_sections_run_end .nrf_sections_run_end.*)
                0x0000000020000000                __nrf_sections_run_end_end__ = (__nrf_sections_run_end_start__ + SIZEOF (.nrf_sections_run_end))
                0x0000000000000000                __nrf_sections_run_end_size__ = SIZEOF (.nrf_sections_run_end)
                0x0000000020000000                __nrf_sections_run_end_load_end__ = __nrf_sections_run_end_end__
                0x0000000000000001                . = ASSERT (((__nrf_sections_run_end_start__ == __nrf_sections_run_end_end__) || ((__nrf_sections_run_end_end__ - __RAM_segment_start__) <= __RAM_segment_size__)), error: .nrf_sections_run_end is too large to fit in RAM memory segment)
                0x00000000000035f0                __dtors_load_start__ = ALIGN ((__log_dynamic_data_load_start__ + SIZEOF (.log_dynamic_data)), 0x4)

.dtors          0x00000000000035f0        0x0
                0x00000000000035f0                __dtors_start__ = .
 *(SORT_BY_NAME(.dtors.*))
 *(.dtors)
 *(.fini_array)
 *(SORT_BY_NAME(.fini_array.*))
                0x00000000000035f0                __dtors_end__ = (__dtors_start__ + SIZEOF (.dtors))
                0x0000000000000000                __dtors_size__ = SIZEOF (.dtors)
                0x00000000000035f0                __dtors_load_end__ = __dtors_end__
                0x0000000000000001                . = ASSERT (((__dtors_start__ == __dtors_end__) || ((__dtors_end__ - __FLASH_segment_start__) <= __FLASH_segment_size__)), error: .dtors is too large to fit in FLASH memory segment)
                0x00000000000035f0                __ctors_load_start__ = ALIGN (__dtors_end__, 0x4)

.ctors          0x00000000000035f0        0x0
                0x00000000000035f0                __ctors_start__ = .
 *(SORT_BY_NAME(.ctors.*))
 *(.ctors)
 *(.init_array)
 *(SORT_BY_NAME(.init_array.*))
                0x00000000000035f0                __ctors_end__ = (__ctors_start__ + SIZEOF (.ctors))
                0x0000000000000000                __ctors_size__ = SIZEOF (.ctors)
                0x00000000000035f0                __ctors_load_end__ = __ctors_end__
                0x0000000000000001                . = ASSERT (((__ctors_start__ == __ctors_end__) || ((__ctors_end__ - __FLASH_segment_start__) <= __FLASH_segment_size__)), error: .ctors is too large to fit in FLASH memory segment)
                0x00000000000035f0                __rodata_load_start__ = ALIGN (__ctors_end__, 0x4)

.rodata         0x00000000000035f0      0x345
                0x00000000000035f0                __rodata_start__ = .
 *(.rodata .rodata.* .gnu.linkonce.r.*)
 .rodata        0x00000000000035f0       0x9c Output/Debug/Obj/pwm_library_pca10040/main.o
 .rodata.m_pwm_PWM1_timer
                0x000000000000368c        0x8 Output/Debug/Obj/pwm_library_pca10040/main.o
                0x000000000000368c                m_pwm_PWM1_timer
 .rodata.PWM1   0x0000000000003694        0x8 Output/Debug/Obj/pwm_library_pca10040/main.o
                0x0000000000003694                PWM1
 *fill*         0x000000000000369c        0x4 
 .rodata.delay_bytecode.0
                0x00000000000036a0        0x6 Output/Debug/Obj/pwm_library_pca10040/main.o
 *fill*         0x00000000000036a6        0x2 
 .rodata        0x00000000000036a8       0xee Output/Debug/Obj/pwm_library_pca10040/app_pwm.o
 *fill*         0x0000000000003796        0x2 
 .rodata        0x0000000000003798       0x5d Output/Debug/Obj/pwm_library_pca10040/app_util_platform.o
 *fill*         0x00000000000037f5        0x3 
 .rodata        0x00000000000037f8       0xb6 Output/Debug/Obj/pwm_library_pca10040/nrfx_gpiote.o
 *fill*         0x00000000000038ae        0x2 
 .rodata        0x00000000000038b0       0x85 Output/Debug/Obj/pwm_library_pca10040/nrfx_timer.o
                0x0000000000003935                __rodata_end__ = (__rodata_start__ + SIZEOF (.rodata))
                0x0000000000000345                __rodata_size__ = SIZEOF (.rodata)
                0x0000000000003935                __rodata_load_end__ = __rodata_end__

.rel.dyn        0x0000000000003938        0x0
 .rel.iplt      0x0000000000003938        0x0 Output/Debug/Obj/pwm_library_pca10040/thumb_crt0.o
                0x0000000000000001                . = ASSERT (((__rodata_start__ == __rodata_end__) || ((__rodata_end__ - __FLASH_segment_start__) <= __FLASH_segment_size__)), error: .rodata is too large to fit in FLASH memory segment)
                0x0000000000003938                __ARM.exidx_load_start__ = ALIGN (__rodata_end__, 0x4)

.ARM.exidx      0x0000000000003938        0x0
                0x0000000000003938                __ARM.exidx_start__ = .
                0x0000000000003938                __exidx_start = __ARM.exidx_start__
 *(.ARM.exidx .ARM.exidx.*)
                0x0000000000003938                __ARM.exidx_end__ = (__ARM.exidx_start__ + SIZEOF (.ARM.exidx))
                0x0000000000000000                __ARM.exidx_size__ = SIZEOF (.ARM.exidx)
                0x0000000000003938                __exidx_end = __ARM.exidx_end__
                0x0000000000003938                __ARM.exidx_load_end__ = __ARM.exidx_end__
                0x0000000000000001                . = ASSERT (((__ARM.exidx_start__ == __ARM.exidx_end__) || ((__ARM.exidx_end__ - __FLASH_segment_start__) <= __FLASH_segment_size__)), error: .ARM.exidx is too large to fit in FLASH memory segment)
                0x0000000000003938                __fast_load_start__ = ALIGN (__ARM.exidx_end__, 0x4)

.fast           0x0000000020000000        0x0 load address 0x0000000000003938
                0x0000000020000000                __fast_start__ = .
 *(.fast .fast.*)
                0x0000000020000000                __fast_end__ = (__fast_start__ + SIZEOF (.fast))
                0x0000000000000000                __fast_size__ = SIZEOF (.fast)
                0x0000000000003938                __fast_load_end__ = (__fast_load_start__ + SIZEOF (.fast))
                0x0000000000000001                . = ASSERT (((__fast_load_start__ == __fast_load_end__) || ((__fast_load_end__ - __FLASH_segment_start__) <= __FLASH_segment_size__)), error: .fast is too large to fit in FLASH memory segment)

.fast_run       0x0000000020000000        0x0
                0x0000000020000000                __fast_run_start__ = .
                0x0000000020000000                __fast_run_end__ = (__fast_run_start__ + SIZEOF (.fast))
                0x0000000000000000                __fast_run_size__ = (__fast_run_end__ - __fast_run_start__)
                0x0000000020000000                __fast_run_load_end__ = __fast_run_end__
                0x0000000000000001                . = ASSERT (((__fast_run_start__ == __fast_run_end__) || ((__fast_run_end__ - __RAM_segment_start__) <= __RAM_segment_size__)), error: .fast_run is too large to fit in RAM memory segment)
                0x0000000000003938                __data_load_start__ = ALIGN ((__fast_load_start__ + SIZEOF (.fast)), 0x4)

.data           0x0000000020000000        0x4 load address 0x0000000000003938
                0x0000000020000000                __data_start__ = .
 *(.data .data.* .gnu.linkonce.d.*)
 .data.SystemCoreClock
                0x0000000020000000        0x4 Output/Debug/Obj/pwm_library_pca10040/system_nrf52.o
                0x0000000020000000                SystemCoreClock
                0x0000000020000004                __data_end__ = (__data_start__ + SIZEOF (.data))
                0x0000000000000004                __data_size__ = SIZEOF (.data)
                0x000000000000393c                __data_load_end__ = (__data_load_start__ + SIZEOF (.data))

.igot.plt       0x0000000100000000        0x0
 .igot.plt      0x0000000100000000        0x0 Output/Debug/Obj/pwm_library_pca10040/thumb_crt0.o
                0x0000000000000001                . = ASSERT (((__data_load_start__ == __data_load_end__) || ((__data_load_end__ - __FLASH_segment_start__) <= __FLASH_segment_size__)), error: .data is too large to fit in FLASH memory segment)

.data_run       0x0000000020000000        0x0
                0x0000000020000000                __data_run_start__ = .
                0x0000000020000004                __data_run_end__ = (__data_run_start__ + SIZEOF (.data))
                0x0000000000000004                __data_run_size__ = (__data_run_end__ - __data_run_start__)
                0x0000000020000004                __data_run_load_end__ = __data_run_end__
                0x0000000000000001                . = ASSERT (((__data_run_start__ == __data_run_end__) || ((__data_run_end__ - __RAM_segment_start__) <= __RAM_segment_size__)), error: .data_run is too large to fit in RAM memory segment)
                0x000000000000393c                __tdata_load_start__ = ALIGN ((__data_load_start__ + SIZEOF (.data)), 0x4)

.tdata          0x0000000020000004        0x0 load address 0x000000000000393c
                0x0000000020000004                __tdata_start__ = .
 *(.tdata .tdata.*)
                0x0000000020000004                __tdata_end__ = (__tdata_start__ + SIZEOF (.tdata))
                0x0000000000000000                __tdata_size__ = SIZEOF (.tdata)
                0x000000000000393c                __tdata_load_end__ = (__tdata_load_start__ + SIZEOF (.tdata))
                0x000000000000393c                __FLASH_segment_used_end__ = (ALIGN ((__data_load_start__ + SIZEOF (.data)), 0x4) + SIZEOF (.tdata))
                0x000000000000393c                __FLASH_segment_used_size__ = (__FLASH_segment_used_end__ - __FLASH_segment_start__)
                0x0000000000000001                . = ASSERT (((__tdata_load_start__ == __tdata_load_end__) || ((__tdata_load_end__ - __FLASH_segment_start__) <= __FLASH_segment_size__)), error: .tdata is too large to fit in FLASH memory segment)

.tdata_run      0x0000000020000004        0x0
                0x0000000020000004                __tdata_run_start__ = .
                0x0000000020000004                __tdata_run_end__ = (__tdata_run_start__ + SIZEOF (.tdata))
                0x0000000000000000                __tdata_run_size__ = (__tdata_run_end__ - __tdata_run_start__)
                0x0000000020000004                __tdata_run_load_end__ = __tdata_run_end__
                0x0000000000000001                . = ASSERT (((__tdata_run_start__ == __tdata_run_end__) || ((__tdata_run_end__ - __RAM_segment_start__) <= __RAM_segment_size__)), error: .tdata_run is too large to fit in RAM memory segment)
                0x0000000020000004                __bss_load_start__ = ALIGN (__tdata_run_end__, 0x4)

.bss            0x0000000020000004       0xfc
                0x0000000020000004                __bss_start__ = .
 *(.bss .bss.* .gnu.linkonce.b.*)
 .bss.m_pwm_PWM1_cb
                0x0000000020000004       0x24 Output/Debug/Obj/pwm_library_pca10040/main.o
                0x0000000020000004                m_pwm_PWM1_cb
 .bss.ready_flag
                0x0000000020000028        0x1 Output/Debug/Obj/pwm_library_pca10040/main.o
 *fill*         0x0000000020000029        0x3 
 .bss.m_error_data.0
                0x000000002000002c       0x20 Output/Debug/Obj/pwm_library_pca10040/app_error.o
 .bss.m_use_ppi_delay_workaround
                0x000000002000004c        0x1 Output/Debug/Obj/pwm_library_pca10040/app_pwm.o
 *fill*         0x000000002000004d        0x3 
 .bss.m_pwm_busy
                0x0000000020000050        0x5 Output/Debug/Obj/pwm_library_pca10040/app_pwm.o
 *fill*         0x0000000020000055        0x3 
 .bss.m_pwm_target_value
                0x0000000020000058       0x14 Output/Debug/Obj/pwm_library_pca10040/app_pwm.o
 .bss.m_pwm_ready_counter
                0x000000002000006c        0xa Output/Debug/Obj/pwm_library_pca10040/app_pwm.o
                0x000000002000006c                m_pwm_ready_counter
 *fill*         0x0000000020000076        0x2 
 .bss.m_instances
                0x0000000020000078       0x14 Output/Debug/Obj/pwm_library_pca10040/app_pwm.o
 .bss.m_in_critical_region
                0x000000002000008c        0x4 Output/Debug/Obj/pwm_library_pca10040/app_util_platform.o
 .bss.m_drv_state
                0x0000000020000090        0x1 Output/Debug/Obj/pwm_library_pca10040/nrf_drv_ppi.o
 *fill*         0x0000000020000091        0x3 
 .bss.m_cb      0x0000000020000094       0x4c Output/Debug/Obj/pwm_library_pca10040/nrfx_gpiote.o
 .bss.m_channels_allocated
                0x00000000200000e0        0x4 Output/Debug/Obj/pwm_library_pca10040/nrfx_ppi.o
 .bss.m_cb      0x00000000200000e4       0x18 Output/Debug/Obj/pwm_library_pca10040/nrfx_timer.o
 .bss.__SEGGER_RTL_heap_globals
                0x00000000200000fc        0x4 /Applications/SEGGER Embedded Studio for ARM 6.30/lib/heapops_basic_v7em_little.a(heapops_basic.o)
 *(COMMON)
                0x0000000020000100                __bss_end__ = (__bss_start__ + SIZEOF (.bss))
                0x00000000000000fc                __bss_size__ = SIZEOF (.bss)
                0x0000000020000100                __bss_load_end__ = __bss_end__
                0x0000000000000001                . = ASSERT (((__bss_start__ == __bss_end__) || ((__bss_end__ - __RAM_segment_start__) <= __RAM_segment_size__)), error: .bss is too large to fit in RAM memory segment)
                0x0000000020000100                __tbss_load_start__ = ALIGN (__bss_end__, 0x4)

.tbss           0x0000000020000100        0x0
                0x0000000020000100                __tbss_start__ = .
 *(.tbss .tbss.*)
                0x0000000020000100                __tbss_end__ = (__tbss_start__ + SIZEOF (.tbss))
                0x0000000000000000                __tbss_size__ = SIZEOF (.tbss)
                0x0000000020000100                __tbss_load_end__ = __tbss_end__
                0x0000000000000001                . = ASSERT (((__tbss_start__ == __tbss_end__) || ((__tbss_end__ - __RAM_segment_start__) <= __RAM_segment_size__)), error: .tbss is too large to fit in RAM memory segment)
                0x0000000020000100                __non_init_load_start__ = ALIGN (__tbss_end__, 0x4)

.non_init       0x0000000020000100        0x0
                0x0000000020000100                __non_init_start__ = .
 *(.non_init .non_init.*)
                0x0000000020000100                __non_init_end__ = (__non_init_start__ + SIZEOF (.non_init))
                0x0000000000000000                __non_init_size__ = SIZEOF (.non_init)
                0x0000000020000100                __non_init_load_end__ = __non_init_end__
                0x0000000000000001                . = ASSERT (((__non_init_start__ == __non_init_end__) || ((__non_init_end__ - __RAM_segment_start__) <= __RAM_segment_size__)), error: .non_init is too large to fit in RAM memory segment)
                0x0000000020000100                __heap_load_start__ = ALIGN (__non_init_end__, 0x4)

.heap           0x0000000020000100     0x2000
                0x0000000020000100                __heap_start__ = .
 *(.heap .heap.*)
                0x0000000020002100                . = ALIGN (MAX ((__heap_start__ + __HEAPSIZE__), .), 0x4)
 *fill*         0x0000000020000100     0x2000 
                0x0000000020002100                __heap_end__ = (__heap_start__ + SIZEOF (.heap))
                0x0000000000002000                __heap_size__ = SIZEOF (.heap)
                0x0000000020002100                __heap_load_end__ = __heap_end__
                0x0000000000000001                . = ASSERT (((__heap_start__ == __heap_end__) || ((__heap_end__ - __RAM_segment_start__) <= __RAM_segment_size__)), error: .heap is too large to fit in RAM memory segment)
                0x000000002000e000                __stack_load_start__ = (__RAM_segment_start__ + (__RAM_segment_size__ - 0x2000))

.stack          0x000000002000e000     0x2000
                0x000000002000e000                __stack_start__ = .
                0x000000002000e000                __StackLimit = __stack_start__
 *(.stack .stack.*)
                0x0000000020010000                . = ALIGN (MAX ((__stack_start__ + __STACKSIZE__), .), 0x8)
 *fill*         0x000000002000e000     0x2000 
                0x0000000020010000                __stack_end__ = (__stack_start__ + SIZEOF (.stack))
                0x0000000000002000                __stack_size__ = SIZEOF (.stack)
                0x0000000020010000                __StackTop = __stack_end__
                0x0000000020010000                __stack_load_end__ = __stack_end__
                0x0000000000000001                . = ASSERT (((__stack_start__ == __stack_end__) || ((__stack_end__ - __RAM_segment_start__) <= __RAM_segment_size__)), error: .stack is too large to fit in RAM memory segment)
                0x0000000000000001                . = ASSERT ((__heap_end__ <= __stack_start__), error: section .heap overlaps absolute placed section .stack)
                0x0000000020010000                __stack_process_load_start__ = ALIGN (__stack_end__, 0x8)

.stack_process  0x0000000020010000        0x0
                0x0000000020010000                __stack_process_start__ = .
 *(.stack_process .stack_process.*)
                0x0000000020010000                . = ALIGN (MAX ((__stack_process_start__ + __STACKSIZE_PROCESS__), .), 0x8)
                0x0000000020010000                __stack_process_end__ = (__stack_process_start__ + SIZEOF (.stack_process))
                0x0000000000000000                __stack_process_size__ = SIZEOF (.stack_process)
                0x0000000020010000                __stack_process_load_end__ = __stack_process_end__
                0x0000000020010000                __RAM_segment_used_end__ = (ALIGN (__stack_end__, 0x8) + SIZEOF (.stack_process))
                0x0000000000010000                __RAM_segment_used_size__ = (__RAM_segment_used_end__ - __RAM_segment_start__)
                0x0000000000000001                . = ASSERT (((__stack_process_start__ == __stack_process_end__) || ((__stack_process_end__ - __RAM_segment_start__) <= __RAM_segment_size__)), error: .stack_process is too large to fit in RAM memory segment)
START GROUP
LOAD Output/Debug/Obj/pwm_library_pca10040/thumb_crt0.o
LOAD Output/Debug/Obj/pwm_library_pca10040/main.o
LOAD Output/Debug/Obj/pwm_library_pca10040/boards.o
LOAD Output/Debug/Obj/pwm_library_pca10040/app_error.o
LOAD Output/Debug/Obj/pwm_library_pca10040/app_error_handler_gcc.o
LOAD Output/Debug/Obj/pwm_library_pca10040/app_error_weak.o
LOAD Output/Debug/Obj/pwm_library_pca10040/app_pwm.o
LOAD Output/Debug/Obj/pwm_library_pca10040/app_util_platform.o
LOAD Output/Debug/Obj/pwm_library_pca10040/nrf_assert.o
LOAD Output/Debug/Obj/pwm_library_pca10040/nrf_strerror.o
LOAD Output/Debug/Obj/pwm_library_pca10040/nrf_drv_ppi.o
LOAD Output/Debug/Obj/pwm_library_pca10040/nrf_nvic.o
LOAD Output/Debug/Obj/pwm_library_pca10040/nrf_soc.o
LOAD Output/Debug/Obj/pwm_library_pca10040/nrfx_gpiote.o
LOAD Output/Debug/Obj/pwm_library_pca10040/nrfx_ppi.o
LOAD Output/Debug/Obj/pwm_library_pca10040/nrfx_timer.o
LOAD Output/Debug/Obj/pwm_library_pca10040/ses_nRF_Startup.o
LOAD Output/Debug/Obj/pwm_library_pca10040/ses_nrf52_Vectors.o
LOAD Output/Debug/Obj/pwm_library_pca10040/system_nrf52.o
LOAD /Users/waewtasaw/Library/SEGGER/SEGGER Embedded Studio/v3/packages/libraries/libcxx/lib/libcxx_noexcept_v7em_fpv4_sp_d16_hard_t_le_eabi_balanced.a
LOAD /Applications/SEGGER Embedded Studio for ARM 6.30/lib/libc_v7em_fpv4_sp_d16_hard_t_le_eabi_balanced.a
LOAD /Applications/SEGGER Embedded Studio for ARM 6.30/lib/heapops_basic_v7em_little.a
END GROUP
OUTPUT(/Users/waewtasaw/Desktop/Repeat-Rover/firmware/examples/peripheral/pwm_library/pca10040/blank/ses/Output/Debug/Exe/pwm_library_pca10040.elf elf32-littlearm)
LOAD linker stubs

.ARM.attributes
                0x0000000000000000       0x36
 .ARM.attributes
                0x0000000000000000       0x20 Output/Debug/Obj/pwm_library_pca10040/thumb_crt0.o
 .ARM.attributes
                0x0000000000000020       0x36 Output/Debug/Obj/pwm_library_pca10040/main.o
 .ARM.attributes
                0x0000000000000056       0x36 Output/Debug/Obj/pwm_library_pca10040/app_error.o
 .ARM.attributes
                0x000000000000008c       0x36 Output/Debug/Obj/pwm_library_pca10040/app_error_handler_gcc.o
 .ARM.attributes
                0x00000000000000c2       0x36 Output/Debug/Obj/pwm_library_pca10040/app_error_weak.o
 .ARM.attributes
                0x00000000000000f8       0x36 Output/Debug/Obj/pwm_library_pca10040/app_pwm.o
 .ARM.attributes
                0x000000000000012e       0x36 Output/Debug/Obj/pwm_library_pca10040/app_util_platform.o
 .ARM.attributes
                0x0000000000000164       0x36 Output/Debug/Obj/pwm_library_pca10040/nrf_assert.o
 .ARM.attributes
                0x000000000000019a       0x36 Output/Debug/Obj/pwm_library_pca10040/nrf_drv_ppi.o
 .ARM.attributes
                0x00000000000001d0       0x36 Output/Debug/Obj/pwm_library_pca10040/nrfx_gpiote.o
 .ARM.attributes
                0x0000000000000206       0x36 Output/Debug/Obj/pwm_library_pca10040/nrfx_ppi.o
 .ARM.attributes
                0x000000000000023c       0x36 Output/Debug/Obj/pwm_library_pca10040/nrfx_timer.o
 .ARM.attributes
                0x0000000000000272       0x20 Output/Debug/Obj/pwm_library_pca10040/ses_nRF_Startup.o
 .ARM.attributes
                0x0000000000000292       0x20 Output/Debug/Obj/pwm_library_pca10040/ses_nrf52_Vectors.o
 .ARM.attributes
                0x00000000000002b2       0x36 Output/Debug/Obj/pwm_library_pca10040/system_nrf52.o
 .ARM.attributes
                0x00000000000002e8       0x20 /Applications/SEGGER Embedded Studio for ARM 6.30/lib/libc_v7em_fpv4_sp_d16_hard_t_le_eabi_balanced.a(strasmops_arm.o)

.comment        0x0000000000000000       0x35
 .comment       0x0000000000000000       0x35 Output/Debug/Obj/pwm_library_pca10040/main.o
                                         0x36 (size before relaxing)
 .comment       0x0000000000000035       0x36 Output/Debug/Obj/pwm_library_pca10040/app_error.o
 .comment       0x0000000000000035       0x36 Output/Debug/Obj/pwm_library_pca10040/app_error_handler_gcc.o
 .comment       0x0000000000000035       0x36 Output/Debug/Obj/pwm_library_pca10040/app_error_weak.o
 .comment       0x0000000000000035       0x36 Output/Debug/Obj/pwm_library_pca10040/app_pwm.o
 .comment       0x0000000000000035       0x36 Output/Debug/Obj/pwm_library_pca10040/app_util_platform.o
 .comment       0x0000000000000035       0x36 Output/Debug/Obj/pwm_library_pca10040/nrf_assert.o
 .comment       0x0000000000000035       0x36 Output/Debug/Obj/pwm_library_pca10040/nrf_drv_ppi.o
 .comment       0x0000000000000035       0x36 Output/Debug/Obj/pwm_library_pca10040/nrfx_gpiote.o
 .comment       0x0000000000000035       0x36 Output/Debug/Obj/pwm_library_pca10040/nrfx_ppi.o
 .comment       0x0000000000000035       0x36 Output/Debug/Obj/pwm_library_pca10040/nrfx_timer.o
 .comment       0x0000000000000035       0x36 Output/Debug/Obj/pwm_library_pca10040/system_nrf52.o
 .comment       0x0000000000000035       0x36 /Applications/SEGGER Embedded Studio for ARM 6.30/lib/heapops_basic_v7em_little.a(heapops_basic.o)

.debug_line     0x0000000000000000     0x76f6
 .debug_line    0x0000000000000000      0x173 Output/Debug/Obj/pwm_library_pca10040/thumb_crt0.o
 .debug_line    0x0000000000000173      0x8e2 Output/Debug/Obj/pwm_library_pca10040/main.o
 .debug_line    0x0000000000000a55      0x41a Output/Debug/Obj/pwm_library_pca10040/app_error.o
 .debug_line    0x0000000000000e6f      0x42f Output/Debug/Obj/pwm_library_pca10040/app_error_handler_gcc.o
 .debug_line    0x000000000000129e      0x704 Output/Debug/Obj/pwm_library_pca10040/app_error_weak.o
 .debug_line    0x00000000000019a2      0xf8e Output/Debug/Obj/pwm_library_pca10040/app_pwm.o
 .debug_line    0x0000000000002930      0x4e5 Output/Debug/Obj/pwm_library_pca10040/app_util_platform.o
 .debug_line    0x0000000000002e15      0x3a1 Output/Debug/Obj/pwm_library_pca10040/nrf_assert.o
 .debug_line    0x00000000000031b6      0x663 Output/Debug/Obj/pwm_library_pca10040/nrf_drv_ppi.o
 .debug_line    0x0000000000003819     0x1809 Output/Debug/Obj/pwm_library_pca10040/nrfx_gpiote.o
 .debug_line    0x0000000000005022      0xe0b Output/Debug/Obj/pwm_library_pca10040/nrfx_ppi.o
 .debug_line    0x0000000000005e2d      0xecb Output/Debug/Obj/pwm_library_pca10040/nrfx_timer.o
 .debug_line    0x0000000000006cf8       0xac Output/Debug/Obj/pwm_library_pca10040/ses_nRF_Startup.o
 .debug_line    0x0000000000006da4       0xb5 Output/Debug/Obj/pwm_library_pca10040/ses_nrf52_Vectors.o
 .debug_line    0x0000000000006e59      0x89d Output/Debug/Obj/pwm_library_pca10040/system_nrf52.o

.debug_info     0x0000000000000000     0x849a
 .debug_info    0x0000000000000000       0x22 Output/Debug/Obj/pwm_library_pca10040/thumb_crt0.o
 .debug_info    0x0000000000000022      0xb7c Output/Debug/Obj/pwm_library_pca10040/main.o
 .debug_info    0x0000000000000b9e      0x28c Output/Debug/Obj/pwm_library_pca10040/app_error.o
 .debug_info    0x0000000000000e2a       0xf8 Output/Debug/Obj/pwm_library_pca10040/app_error_handler_gcc.o
 .debug_info    0x0000000000000f22      0x258 Output/Debug/Obj/pwm_library_pca10040/app_error_weak.o
 .debug_info    0x000000000000117a     0x170a Output/Debug/Obj/pwm_library_pca10040/app_pwm.o
 .debug_info    0x0000000000002884      0x73c Output/Debug/Obj/pwm_library_pca10040/app_util_platform.o
 .debug_info    0x0000000000002fc0      0x12b Output/Debug/Obj/pwm_library_pca10040/nrf_assert.o
 .debug_info    0x00000000000030eb       0xfb Output/Debug/Obj/pwm_library_pca10040/nrf_drv_ppi.o
 .debug_info    0x00000000000031e6     0x201f Output/Debug/Obj/pwm_library_pca10040/nrfx_gpiote.o
 .debug_info    0x0000000000005205      0xcda Output/Debug/Obj/pwm_library_pca10040/nrfx_ppi.o
 .debug_info    0x0000000000005edf     0x13fb Output/Debug/Obj/pwm_library_pca10040/nrfx_timer.o
 .debug_info    0x00000000000072da       0x23 Output/Debug/Obj/pwm_library_pca10040/ses_nRF_Startup.o
 .debug_info    0x00000000000072fd       0x23 Output/Debug/Obj/pwm_library_pca10040/ses_nrf52_Vectors.o
 .debug_info    0x0000000000007320     0x117a Output/Debug/Obj/pwm_library_pca10040/system_nrf52.o

.debug_abbrev   0x0000000000000000     0x182a
 .debug_abbrev  0x0000000000000000       0x12 Output/Debug/Obj/pwm_library_pca10040/thumb_crt0.o
 .debug_abbrev  0x0000000000000012      0x28d Output/Debug/Obj/pwm_library_pca10040/main.o
 .debug_abbrev  0x000000000000029f      0x130 Output/Debug/Obj/pwm_library_pca10040/app_error.o
 .debug_abbrev  0x00000000000003cf       0x96 Output/Debug/Obj/pwm_library_pca10040/app_error_handler_gcc.o
 .debug_abbrev  0x0000000000000465      0x159 Output/Debug/Obj/pwm_library_pca10040/app_error_weak.o
 .debug_abbrev  0x00000000000005be      0x364 Output/Debug/Obj/pwm_library_pca10040/app_pwm.o
 .debug_abbrev  0x0000000000000922      0x251 Output/Debug/Obj/pwm_library_pca10040/app_util_platform.o
 .debug_abbrev  0x0000000000000b73       0xc7 Output/Debug/Obj/pwm_library_pca10040/nrf_assert.o
 .debug_abbrev  0x0000000000000c3a       0xb7 Output/Debug/Obj/pwm_library_pca10040/nrf_drv_ppi.o
 .debug_abbrev  0x0000000000000cf1      0x39a Output/Debug/Obj/pwm_library_pca10040/nrfx_gpiote.o
 .debug_abbrev  0x000000000000108b      0x284 Output/Debug/Obj/pwm_library_pca10040/nrfx_ppi.o
 .debug_abbrev  0x000000000000130f      0x2f2 Output/Debug/Obj/pwm_library_pca10040/nrfx_timer.o
 .debug_abbrev  0x0000000000001601       0x14 Output/Debug/Obj/pwm_library_pca10040/ses_nRF_Startup.o
 .debug_abbrev  0x0000000000001615       0x14 Output/Debug/Obj/pwm_library_pca10040/ses_nrf52_Vectors.o
 .debug_abbrev  0x0000000000001629      0x201 Output/Debug/Obj/pwm_library_pca10040/system_nrf52.o

.debug_aranges  0x0000000000000000      0x8c8
 .debug_aranges
                0x0000000000000000       0x50 Output/Debug/Obj/pwm_library_pca10040/thumb_crt0.o
 .debug_aranges
                0x0000000000000050       0x58 Output/Debug/Obj/pwm_library_pca10040/main.o
 .debug_aranges
                0x00000000000000a8       0x28 Output/Debug/Obj/pwm_library_pca10040/app_error.o
 .debug_aranges
                0x00000000000000d0       0x20 Output/Debug/Obj/pwm_library_pca10040/app_error_handler_gcc.o
 .debug_aranges
                0x00000000000000f0       0x20 Output/Debug/Obj/pwm_library_pca10040/app_error_weak.o
 .debug_aranges
                0x0000000000000110      0x110 Output/Debug/Obj/pwm_library_pca10040/app_pwm.o
 .debug_aranges
                0x0000000000000220       0x50 Output/Debug/Obj/pwm_library_pca10040/app_util_platform.o
 .debug_aranges
                0x0000000000000270       0x20 Output/Debug/Obj/pwm_library_pca10040/nrf_assert.o
 .debug_aranges
                0x0000000000000290       0x28 Output/Debug/Obj/pwm_library_pca10040/nrf_drv_ppi.o
 .debug_aranges
                0x00000000000002b8      0x2a0 Output/Debug/Obj/pwm_library_pca10040/nrfx_gpiote.o
 .debug_aranges
                0x0000000000000558      0x140 Output/Debug/Obj/pwm_library_pca10040/nrfx_ppi.o
 .debug_aranges
                0x0000000000000698      0x168 Output/Debug/Obj/pwm_library_pca10040/nrfx_timer.o
 .debug_aranges
                0x0000000000000800       0x20 Output/Debug/Obj/pwm_library_pca10040/ses_nRF_Startup.o
 .debug_aranges
                0x0000000000000820       0x20 Output/Debug/Obj/pwm_library_pca10040/ses_nrf52_Vectors.o
 .debug_aranges
                0x0000000000000840       0x88 Output/Debug/Obj/pwm_library_pca10040/system_nrf52.o

.debug_str      0x0000000000000000    0x7161a
 .debug_str     0x0000000000000000       0xb4 Output/Debug/Obj/pwm_library_pca10040/thumb_crt0.o
 .debug_str     0x00000000000000b4    0x69aa6 Output/Debug/Obj/pwm_library_pca10040/main.o
                                      0x6a81e (size before relaxing)
 .debug_str     0x0000000000069b5a      0x128 Output/Debug/Obj/pwm_library_pca10040/app_error.o
                                      0x5ec8c (size before relaxing)
 .debug_str     0x0000000000069c82      0x527 Output/Debug/Obj/pwm_library_pca10040/app_error_handler_gcc.o
                                      0x65238 (size before relaxing)
 .debug_str     0x000000000006a1a9     0x35b0 Output/Debug/Obj/pwm_library_pca10040/app_error_weak.o
                                      0x68aeb (size before relaxing)
 .debug_str     0x000000000006d759     0x1c3c Output/Debug/Obj/pwm_library_pca10040/app_pwm.o
                                      0x6b582 (size before relaxing)
 .debug_str     0x000000000006f395      0x3d3 Output/Debug/Obj/pwm_library_pca10040/app_util_platform.o
                                      0x5f49a (size before relaxing)
 .debug_str     0x000000000006f768       0x56 Output/Debug/Obj/pwm_library_pca10040/nrf_assert.o
                                      0x5ec97 (size before relaxing)
 .debug_str     0x000000000006f7be       0x86 Output/Debug/Obj/pwm_library_pca10040/nrf_drv_ppi.o
                                      0x67e74 (size before relaxing)
 .debug_str     0x000000000006f844     0x103d Output/Debug/Obj/pwm_library_pca10040/nrfx_gpiote.o
                                      0x6c4ba (size before relaxing)
 .debug_str     0x0000000000070881      0x3cc Output/Debug/Obj/pwm_library_pca10040/nrfx_ppi.o
                                      0x6acd4 (size before relaxing)
 .debug_str     0x0000000000070c4d      0x46b Output/Debug/Obj/pwm_library_pca10040/nrfx_timer.o
                                      0x6bae5 (size before relaxing)
 .debug_str     0x00000000000710b8       0x52 Output/Debug/Obj/pwm_library_pca10040/ses_nRF_Startup.o
                                         0xc0 (size before relaxing)
 .debug_str     0x000000000007110a       0x54 Output/Debug/Obj/pwm_library_pca10040/ses_nrf52_Vectors.o
                                         0xc2 (size before relaxing)
 .debug_str     0x000000000007115e      0x4bc Output/Debug/Obj/pwm_library_pca10040/system_nrf52.o
                                      0x5dcc5 (size before relaxing)

.debug_ranges   0x0000000000000000      0x7c0
 .debug_ranges  0x0000000000000000       0x48 Output/Debug/Obj/pwm_library_pca10040/thumb_crt0.o
 .debug_ranges  0x0000000000000048       0x48 Output/Debug/Obj/pwm_library_pca10040/main.o
 .debug_ranges  0x0000000000000090       0x18 Output/Debug/Obj/pwm_library_pca10040/app_error.o
 .debug_ranges  0x00000000000000a8       0x10 Output/Debug/Obj/pwm_library_pca10040/app_error_handler_gcc.o
 .debug_ranges  0x00000000000000b8       0x10 Output/Debug/Obj/pwm_library_pca10040/app_error_weak.o
 .debug_ranges  0x00000000000000c8      0x100 Output/Debug/Obj/pwm_library_pca10040/app_pwm.o
 .debug_ranges  0x00000000000001c8       0x40 Output/Debug/Obj/pwm_library_pca10040/app_util_platform.o
 .debug_ranges  0x0000000000000208       0x10 Output/Debug/Obj/pwm_library_pca10040/nrf_assert.o
 .debug_ranges  0x0000000000000218       0x18 Output/Debug/Obj/pwm_library_pca10040/nrf_drv_ppi.o
 .debug_ranges  0x0000000000000230      0x290 Output/Debug/Obj/pwm_library_pca10040/nrfx_gpiote.o
 .debug_ranges  0x00000000000004c0      0x130 Output/Debug/Obj/pwm_library_pca10040/nrfx_ppi.o
 .debug_ranges  0x00000000000005f0      0x158 Output/Debug/Obj/pwm_library_pca10040/nrfx_timer.o
 .debug_ranges  0x0000000000000748       0x78 Output/Debug/Obj/pwm_library_pca10040/system_nrf52.o

.debug_frame    0x0000000000000000     0x1fa4
 .debug_frame   0x0000000000000000      0x144 Output/Debug/Obj/pwm_library_pca10040/main.o
 .debug_frame   0x0000000000000144       0x58 Output/Debug/Obj/pwm_library_pca10040/app_error.o
 .debug_frame   0x000000000000019c       0x20 Output/Debug/Obj/pwm_library_pca10040/app_error_handler_gcc.o
 .debug_frame   0x00000000000001bc       0x38 Output/Debug/Obj/pwm_library_pca10040/app_error_weak.o
 .debug_frame   0x00000000000001f4      0x4a8 Output/Debug/Obj/pwm_library_pca10040/app_pwm.o
 .debug_frame   0x000000000000069c       0xe8 Output/Debug/Obj/pwm_library_pca10040/app_util_platform.o
 .debug_frame   0x0000000000000784       0x38 Output/Debug/Obj/pwm_library_pca10040/nrf_assert.o
 .debug_frame   0x00000000000007bc       0x3c Output/Debug/Obj/pwm_library_pca10040/nrf_drv_ppi.o
 .debug_frame   0x00000000000007f8      0xb80 Output/Debug/Obj/pwm_library_pca10040/nrfx_gpiote.o
 .debug_frame   0x0000000000001378      0x544 Output/Debug/Obj/pwm_library_pca10040/nrfx_ppi.o
 .debug_frame   0x00000000000018bc      0x5ec Output/Debug/Obj/pwm_library_pca10040/nrfx_timer.o
 .debug_frame   0x0000000000001ea8       0xfc Output/Debug/Obj/pwm_library_pca10040/system_nrf52.o

.debug_pubnames
                0x0000000000000000     0x3c34
 .debug_pubnames
                0x0000000000000000      0x3dc Output/Debug/Obj/pwm_library_pca10040/main.o
 .debug_pubnames
                0x00000000000003dc       0x88 Output/Debug/Obj/pwm_library_pca10040/app_error.o
 .debug_pubnames
                0x0000000000000464       0x44 Output/Debug/Obj/pwm_library_pca10040/app_error_handler_gcc.o
 .debug_pubnames
                0x00000000000004a8      0x101 Output/Debug/Obj/pwm_library_pca10040/app_error_weak.o
 .debug_pubnames
                0x00000000000005a9      0xcce Output/Debug/Obj/pwm_library_pca10040/app_pwm.o
 .debug_pubnames
                0x0000000000001277      0x21c Output/Debug/Obj/pwm_library_pca10040/app_util_platform.o
 .debug_pubnames
                0x0000000000001493       0x46 Output/Debug/Obj/pwm_library_pca10040/nrf_assert.o
 .debug_pubnames
                0x00000000000014d9       0xd2 Output/Debug/Obj/pwm_library_pca10040/nrf_drv_ppi.o
 .debug_pubnames
                0x00000000000015ab     0x13b6 Output/Debug/Obj/pwm_library_pca10040/nrfx_gpiote.o
 .debug_pubnames
                0x0000000000002961      0x8b7 Output/Debug/Obj/pwm_library_pca10040/nrfx_ppi.o
 .debug_pubnames
                0x0000000000003218      0x8fd Output/Debug/Obj/pwm_library_pca10040/nrfx_timer.o
 .debug_pubnames
                0x0000000000003b15      0x11f Output/Debug/Obj/pwm_library_pca10040/system_nrf52.o

.debug_pubtypes
                0x0000000000000000     0x1483
 .debug_pubtypes
                0x0000000000000000      0x271 Output/Debug/Obj/pwm_library_pca10040/main.o
 .debug_pubtypes
                0x0000000000000271      0x117 Output/Debug/Obj/pwm_library_pca10040/app_error.o
 .debug_pubtypes
                0x0000000000000388       0xdd Output/Debug/Obj/pwm_library_pca10040/app_error_handler_gcc.o
 .debug_pubtypes
                0x0000000000000465      0x11b Output/Debug/Obj/pwm_library_pca10040/app_error_weak.o
 .debug_pubtypes
                0x0000000000000580      0x38c Output/Debug/Obj/pwm_library_pca10040/app_pwm.o
 .debug_pubtypes
                0x000000000000090c      0x110 Output/Debug/Obj/pwm_library_pca10040/app_util_platform.o
 .debug_pubtypes
                0x0000000000000a1c       0xed Output/Debug/Obj/pwm_library_pca10040/nrf_assert.o
 .debug_pubtypes
                0x0000000000000b09       0xe6 Output/Debug/Obj/pwm_library_pca10040/nrf_drv_ppi.o
 .debug_pubtypes
                0x0000000000000bef      0x2ed Output/Debug/Obj/pwm_library_pca10040/nrfx_gpiote.o
 .debug_pubtypes
                0x0000000000000edc      0x172 Output/Debug/Obj/pwm_library_pca10040/nrfx_ppi.o
 .debug_pubtypes
                0x000000000000104e      0x285 Output/Debug/Obj/pwm_library_pca10040/nrfx_timer.o
 .debug_pubtypes
                0x00000000000012d3      0x1b0 Output/Debug/Obj/pwm_library_pca10040/system_nrf52.o

.debug_macro    0x0000000000000000    0x14626
 .debug_macro   0x0000000000000000      0x2da Output/Debug/Obj/pwm_library_pca10040/main.o
 .debug_macro   0x00000000000002da      0xb68 Output/Debug/Obj/pwm_library_pca10040/main.o
 .debug_macro   0x0000000000000e42       0x22 Output/Debug/Obj/pwm_library_pca10040/main.o
 .debug_macro   0x0000000000000e64      0x25d Output/Debug/Obj/pwm_library_pca10040/main.o
 .debug_macro   0x00000000000010c1      0x26e Output/Debug/Obj/pwm_library_pca10040/main.o
 .debug_macro   0x000000000000132f       0x1c Output/Debug/Obj/pwm_library_pca10040/main.o
 .debug_macro   0x000000000000134b      0x174 Output/Debug/Obj/pwm_library_pca10040/main.o
 .debug_macro   0x00000000000014bf       0x22 Output/Debug/Obj/pwm_library_pca10040/main.o
 .debug_macro   0x00000000000014e1       0x2d Output/Debug/Obj/pwm_library_pca10040/main.o
 .debug_macro   0x000000000000150e       0x3b Output/Debug/Obj/pwm_library_pca10040/main.o
 .debug_macro   0x0000000000001549       0x50 Output/Debug/Obj/pwm_library_pca10040/main.o
 .debug_macro   0x0000000000001599      0xe66 Output/Debug/Obj/pwm_library_pca10040/main.o
 .debug_macro   0x00000000000023ff      0x392 Output/Debug/Obj/pwm_library_pca10040/main.o
 .debug_macro   0x0000000000002791     0xccbe Output/Debug/Obj/pwm_library_pca10040/main.o
 .debug_macro   0x000000000000f44f     0x1313 Output/Debug/Obj/pwm_library_pca10040/main.o
 .debug_macro   0x0000000000010762       0x82 Output/Debug/Obj/pwm_library_pca10040/main.o
 .debug_macro   0x00000000000107e4       0x22 Output/Debug/Obj/pwm_library_pca10040/main.o
 .debug_macro   0x0000000000010806       0x64 Output/Debug/Obj/pwm_library_pca10040/main.o
 .debug_macro   0x000000000001086a       0x8e Output/Debug/Obj/pwm_library_pca10040/main.o
 .debug_macro   0x00000000000108f8       0xa7 Output/Debug/Obj/pwm_library_pca10040/main.o
 .debug_macro   0x000000000001099f      0x16d Output/Debug/Obj/pwm_library_pca10040/main.o
 .debug_macro   0x0000000000010b0c       0x49 Output/Debug/Obj/pwm_library_pca10040/main.o
 .debug_macro   0x0000000000010b55      0x6a7 Output/Debug/Obj/pwm_library_pca10040/main.o
 .debug_macro   0x00000000000111fc       0x16 Output/Debug/Obj/pwm_library_pca10040/main.o
 .debug_macro   0x0000000000011212      0x3a3 Output/Debug/Obj/pwm_library_pca10040/main.o
 .debug_macro   0x00000000000115b5       0x36 Output/Debug/Obj/pwm_library_pca10040/main.o
 .debug_macro   0x00000000000115eb      0x18b Output/Debug/Obj/pwm_library_pca10040/main.o
 .debug_macro   0x0000000000011776      0x125 Output/Debug/Obj/pwm_library_pca10040/main.o
 .debug_macro   0x000000000001189b       0x16 Output/Debug/Obj/pwm_library_pca10040/main.o
 .debug_macro   0x00000000000118b1      0x4f2 Output/Debug/Obj/pwm_library_pca10040/main.o
 .debug_macro   0x0000000000011da3       0x3f Output/Debug/Obj/pwm_library_pca10040/main.o
 .debug_macro   0x0000000000011de2       0x8c Output/Debug/Obj/pwm_library_pca10040/main.o
 .debug_macro   0x0000000000011e6e       0x19 Output/Debug/Obj/pwm_library_pca10040/main.o
 .debug_macro   0x0000000000011e87       0x16 Output/Debug/Obj/pwm_library_pca10040/main.o
 .debug_macro   0x0000000000011e9d       0x7b Output/Debug/Obj/pwm_library_pca10040/main.o
 .debug_macro   0x0000000000011f18       0x64 Output/Debug/Obj/pwm_library_pca10040/main.o
 .debug_macro   0x0000000000011f7c       0x20 Output/Debug/Obj/pwm_library_pca10040/main.o
 .debug_macro   0x0000000000011f9c       0x16 Output/Debug/Obj/pwm_library_pca10040/main.o
 .debug_macro   0x0000000000011fb2      0x25a Output/Debug/Obj/pwm_library_pca10040/main.o
 .debug_macro   0x000000000001220c      0x16d Output/Debug/Obj/pwm_library_pca10040/main.o
 .debug_macro   0x0000000000012379       0x10 Output/Debug/Obj/pwm_library_pca10040/main.o
 .debug_macro   0x0000000000012389       0x22 Output/Debug/Obj/pwm_library_pca10040/main.o
 .debug_macro   0x00000000000123ab       0x10 Output/Debug/Obj/pwm_library_pca10040/main.o
 .debug_macro   0x00000000000123bb       0x94 Output/Debug/Obj/pwm_library_pca10040/main.o
 .debug_macro   0x000000000001244f       0x10 Output/Debug/Obj/pwm_library_pca10040/main.o
 .debug_macro   0x000000000001245f       0x16 Output/Debug/Obj/pwm_library_pca10040/main.o
 .debug_macro   0x0000000000012475       0x88 Output/Debug/Obj/pwm_library_pca10040/main.o
 .debug_macro   0x00000000000124fd       0x28 Output/Debug/Obj/pwm_library_pca10040/main.o
 .debug_macro   0x0000000000012525      0x14e Output/Debug/Obj/pwm_library_pca10040/app_error.o
 .debug_macro   0x0000000000012673       0x35 Output/Debug/Obj/pwm_library_pca10040/app_error.o
 .debug_macro   0x00000000000126a8      0x1b1 Output/Debug/Obj/pwm_library_pca10040/app_error_handler_gcc.o
 .debug_macro   0x0000000000012859       0x16 Output/Debug/Obj/pwm_library_pca10040/app_error_handler_gcc.o
 .debug_macro   0x000000000001286f       0x2e Output/Debug/Obj/pwm_library_pca10040/app_error_handler_gcc.o
 .debug_macro   0x000000000001289d       0x22 Output/Debug/Obj/pwm_library_pca10040/app_error_handler_gcc.o
 .debug_macro   0x00000000000128bf       0x4e Output/Debug/Obj/pwm_library_pca10040/app_error_handler_gcc.o
 .debug_macro   0x000000000001290d      0x289 Output/Debug/Obj/pwm_library_pca10040/app_error_weak.o
 .debug_macro   0x0000000000012b96       0x31 Output/Debug/Obj/pwm_library_pca10040/app_error_weak.o
 .debug_macro   0x0000000000012bc7       0x16 Output/Debug/Obj/pwm_library_pca10040/app_error_weak.o
 .debug_macro   0x0000000000012bdd       0x49 Output/Debug/Obj/pwm_library_pca10040/app_error_weak.o
 .debug_macro   0x0000000000012c26      0x17d Output/Debug/Obj/pwm_library_pca10040/app_error_weak.o
 .debug_macro   0x0000000000012da3       0x9a Output/Debug/Obj/pwm_library_pca10040/app_error_weak.o
 .debug_macro   0x0000000000012e3d       0x28 Output/Debug/Obj/pwm_library_pca10040/app_error_weak.o
 .debug_macro   0x0000000000012e65       0x22 Output/Debug/Obj/pwm_library_pca10040/app_error_weak.o
 .debug_macro   0x0000000000012e87       0x98 Output/Debug/Obj/pwm_library_pca10040/app_error_weak.o
 .debug_macro   0x0000000000012f1f       0x10 Output/Debug/Obj/pwm_library_pca10040/app_error_weak.o
 .debug_macro   0x0000000000012f2f       0x1c Output/Debug/Obj/pwm_library_pca10040/app_error_weak.o
 .debug_macro   0x0000000000012f4b      0x353 Output/Debug/Obj/pwm_library_pca10040/app_pwm.o
 .debug_macro   0x000000000001329e       0x82 Output/Debug/Obj/pwm_library_pca10040/app_pwm.o
 .debug_macro   0x0000000000013320       0x25 Output/Debug/Obj/pwm_library_pca10040/app_pwm.o
 .debug_macro   0x0000000000013345       0x1c Output/Debug/Obj/pwm_library_pca10040/app_pwm.o
 .debug_macro   0x0000000000013361       0x44 Output/Debug/Obj/pwm_library_pca10040/app_pwm.o
 .debug_macro   0x00000000000133a5       0xcc Output/Debug/Obj/pwm_library_pca10040/app_pwm.o
 .debug_macro   0x0000000000013471      0x160 Output/Debug/Obj/pwm_library_pca10040/app_util_platform.o
 .debug_macro   0x00000000000135d1      0x153 Output/Debug/Obj/pwm_library_pca10040/nrf_assert.o
 .debug_macro   0x0000000000013724       0x10 Output/Debug/Obj/pwm_library_pca10040/nrf_assert.o
 .debug_macro   0x0000000000013734      0x260 Output/Debug/Obj/pwm_library_pca10040/nrf_drv_ppi.o
 .debug_macro   0x0000000000013994      0x334 Output/Debug/Obj/pwm_library_pca10040/nrfx_gpiote.o
 .debug_macro   0x0000000000013cc8       0x16 Output/Debug/Obj/pwm_library_pca10040/nrfx_gpiote.o
 .debug_macro   0x0000000000013cde       0x1c Output/Debug/Obj/pwm_library_pca10040/nrfx_gpiote.o
 .debug_macro   0x0000000000013cfa       0x54 Output/Debug/Obj/pwm_library_pca10040/nrfx_gpiote.o
 .debug_macro   0x0000000000013d4e       0x37 Output/Debug/Obj/pwm_library_pca10040/nrfx_gpiote.o
 .debug_macro   0x0000000000013d85       0x10 Output/Debug/Obj/pwm_library_pca10040/nrfx_gpiote.o
 .debug_macro   0x0000000000013d95      0x177 Output/Debug/Obj/pwm_library_pca10040/nrfx_gpiote.o
 .debug_macro   0x0000000000013f0c       0x42 Output/Debug/Obj/pwm_library_pca10040/nrfx_gpiote.o
 .debug_macro   0x0000000000013f4e      0x2e7 Output/Debug/Obj/pwm_library_pca10040/nrfx_ppi.o
 .debug_macro   0x0000000000014235      0x2f4 Output/Debug/Obj/pwm_library_pca10040/nrfx_timer.o
 .debug_macro   0x0000000000014529       0xfd Output/Debug/Obj/pwm_library_pca10040/system_nrf52.o
