Archive member included to satisfy reference by file (symbol)

/Applications/SEGGER Embedded Studio for ARM 5.68/lib/libc_v7em_fpv4_sp_d16_hard_t_le_eabi.a(libc2.o)
                              Output/Release/Obj/fatfs_pca10040/nrf_log_str_formatter.o (isprint)
/Applications/SEGGER Embedded Studio for ARM 5.68/lib/libc_v7em_fpv4_sp_d16_hard_t_le_eabi.a(libc2_asm.o)
                              Output/Release/Obj/fatfs_pca10040/nrf_log_frontend.o (memcpy)
/Applications/SEGGER Embedded Studio for ARM 5.68/lib/libc_v7em_fpv4_sp_d16_hard_t_le_eabi.a(libvfprintf.o)
                              (__vfprintf_long)
/Applications/SEGGER Embedded Studio for ARM 5.68/lib/libc_v7em_fpv4_sp_d16_hard_t_le_eabi.a(libvfscanf.o)
                              (__vfscanf_int)
/Applications/SEGGER Embedded Studio for ARM 5.68/lib/libc_v7em_fpv4_sp_d16_hard_t_le_eabi.a(libc.o)
                              /Applications/SEGGER Embedded Studio for ARM 5.68/lib/libc_v7em_fpv4_sp_d16_hard_t_le_eabi.a(libc2.o) (__heap_lock)
/Applications/SEGGER Embedded Studio for ARM 5.68/lib/libc_v7em_fpv4_sp_d16_hard_t_le_eabi.a(libc_asm.o)
                              /Applications/SEGGER Embedded Studio for ARM 5.68/lib/libc_v7em_fpv4_sp_d16_hard_t_le_eabi.a(libc2.o) (__aeabi_uldivmod)
/Applications/SEGGER Embedded Studio for ARM 5.68/lib/libdebugio_v7em_fpv4_sp_d16_hard_t_le_eabi.a(libdebugio.o)
                              Output/Release/Obj/fatfs_pca10040/thumb_crt0.o (debug_fopen)
/Applications/SEGGER Embedded Studio for ARM 5.68/lib/libdebugio_v7em_fpv4_sp_d16_hard_t_le_eabi.a(do_nv_debug_operation.o)
                              /Applications/SEGGER Embedded Studio for ARM 5.68/lib/libdebugio_v7em_fpv4_sp_d16_hard_t_le_eabi.a(libdebugio.o) (__do_nvdebug_operation)
/Applications/SEGGER Embedded Studio for ARM 5.68/lib/libdebugio_v7em_fpv4_sp_d16_hard_t_le_eabi.a(mempoll_debug_operations.o)
                              (__do_debug_operation_mempoll)
/Applications/SEGGER Embedded Studio for ARM 5.68/lib/libm_v7em_fpv4_sp_d16_hard_t_le_eabi.a(libm_asm.o)
                              /Applications/SEGGER Embedded Studio for ARM 5.68/lib/libc_v7em_fpv4_sp_d16_hard_t_le_eabi.a(libc2.o) (__aeabi_dadd)
/Applications/SEGGER Embedded Studio for ARM 5.68/lib/libm_v7em_fpv4_sp_d16_hard_t_le_eabi.a(libm2.o)
                              /Applications/SEGGER Embedded Studio for ARM 5.68/lib/libc_v7em_fpv4_sp_d16_hard_t_le_eabi.a(libvfprintf.o) (frexp)

Discarded input sections

 .text          0x0000000000000000        0x0 Output/Release/Obj/fatfs_pca10040/thumb_crt0.o
 .data          0x0000000000000000        0x0 Output/Release/Obj/fatfs_pca10040/thumb_crt0.o
 .bss           0x0000000000000000        0x0 Output/Release/Obj/fatfs_pca10040/thumb_crt0.o
 .text.__aeabi_read_tp
                0x0000000000000000        0x8 Output/Release/Obj/fatfs_pca10040/thumb_crt0.o
 .text.abort    0x0000000000000000        0x2 Output/Release/Obj/fatfs_pca10040/thumb_crt0.o
 .text.__assert
                0x0000000000000000        0x2 Output/Release/Obj/fatfs_pca10040/thumb_crt0.o
 .text.__assert_func
                0x0000000000000000        0x2 Output/Release/Obj/fatfs_pca10040/thumb_crt0.o
 .text.__aeabi_assert
                0x0000000000000000        0x2 Output/Release/Obj/fatfs_pca10040/thumb_crt0.o
 .text.__sync_synchronize
                0x0000000000000000        0x2 Output/Release/Obj/fatfs_pca10040/thumb_crt0.o
 .text.__getchar
                0x0000000000000000        0x4 Output/Release/Obj/fatfs_pca10040/thumb_crt0.o
 .text.__putchar
                0x0000000000000000        0x4 Output/Release/Obj/fatfs_pca10040/thumb_crt0.o
 .text.__open   0x0000000000000000        0x4 Output/Release/Obj/fatfs_pca10040/thumb_crt0.o
 .text.__close  0x0000000000000000        0x4 Output/Release/Obj/fatfs_pca10040/thumb_crt0.o
 .text.__write  0x0000000000000000        0xa Output/Release/Obj/fatfs_pca10040/thumb_crt0.o
 .text.__read   0x0000000000000000        0xa Output/Release/Obj/fatfs_pca10040/thumb_crt0.o
 .text.__seek   0x0000000000000000       0x1a Output/Release/Obj/fatfs_pca10040/thumb_crt0.o
 .text.remove   0x0000000000000000        0x4 Output/Release/Obj/fatfs_pca10040/thumb_crt0.o
 .text.rename   0x0000000000000000        0x4 Output/Release/Obj/fatfs_pca10040/thumb_crt0.o
 .bss.__user_locale_name_buffer
                0x0000000000000000        0x4 Output/Release/Obj/fatfs_pca10040/thumb_crt0.o
 .stack         0x0000000000000000        0x0 Output/Release/Obj/fatfs_pca10040/thumb_crt0.o
 .stack_process
                0x0000000000000000        0x0 Output/Release/Obj/fatfs_pca10040/thumb_crt0.o
 .heap          0x0000000000000000        0x0 Output/Release/Obj/fatfs_pca10040/thumb_crt0.o
 .group         0x0000000000000000        0xc Output/Release/Obj/fatfs_pca10040/nrf_log_backend_rtt.o
 .group         0x0000000000000000        0xc Output/Release/Obj/fatfs_pca10040/nrf_log_backend_rtt.o
[...]
Memory Configuration

Name             Origin             Length             Attributes
UNPLACED_SECTIONS 0x0000000100000000 0x0000000000000000 xw
RAM              0x0000000020000000 0x0000000000010000 xw
FLASH            0x0000000000000000 0x0000000000080000 xw
*default*        0x0000000000000000 0xffffffffffffffff

Linker script and memory map

                0x0000000000000000                __do_debug_operation = __do_debug_operation_mempoll
                0x0000000000000000                __vfprintf = __vfprintf_long
                0x0000000000000000                __vfscanf = __vfscanf_int
                0x0000000020000000                __RAM_segment_start__ = 0x20000000
                0x0000000020010000                __RAM_segment_end__ = 0x20010000
                0x0000000000010000                __RAM_segment_size__ = 0x10000
                0x0000000000000000                __FLASH_segment_start__ = 0x0
                0x0000000000080000                __FLASH_segment_end__ = 0x80000
                0x0000000000080000                __FLASH_segment_size__ = 0x80000
                0x0000000000002000                __HEAPSIZE__ = 0x2000
                0x0000000000000000                __STACKSIZE_PROCESS__ = 0x0
                0x0000000000002000                __STACKSIZE__ = 0x2000
                0x0000000020000000                __vectors_ram_load_start__ = 0x20000000

.vectors_ram    0x0000000020000000        0x0
                0x0000000020000000                __vectors_ram_start__ = .
                0x0000000020000000                __app_ram_start__ = __vectors_ram_start__
 *(.vectors_ram .vectors_ram.*)
                0x0000000020000000                __vectors_ram_end__ = (__vectors_ram_start__ + SIZEOF (.vectors_ram))
                0x0000000000000000                __vectors_ram_size__ = SIZEOF (.vectors_ram)
                0x0000000020000000                __vectors_ram_load_end__ = __vectors_ram_end__
                0x0000000000000001                . = ASSERT (((__vectors_ram_start__ == __vectors_ram_end__) || ((__vectors_ram_end__ - __RAM_segment_start__) <= __RAM_segment_size__)), error: .vectors_ram is too large to fit in RAM memory segment)
                0x0000000020000000                __nrf_sections_run_load_start__ = ALIGN (__vectors_ram_end__, 0x4)

.nrf_sections_run
                0x0000000020000000        0x0
                0x0000000020000000                __nrf_sections_run_start__ = .
                0x0000000020000000                __start_nrf_sections_run = __nrf_sections_run_start__
 *(.nrf_sections_run .nrf_sections_run.*)
                0x0000000020000000                __nrf_sections_run_end__ = (__nrf_sections_run_start__ + SIZEOF (.nrf_sections_run))
                0x0000000000000000                __nrf_sections_run_size__ = SIZEOF (.nrf_sections_run)
                0x0000000020000000                __nrf_sections_run_load_end__ = __nrf_sections_run_end__
                0x0000000000000001                . = ASSERT (((__nrf_sections_run_start__ == __nrf_sections_run_end__) || ((__nrf_sections_run_end__ - __RAM_segment_start__) <= __RAM_segment_size__)), error: .nrf_sections_run is too large to fit in RAM memory segment)
                0x0000000000000000                __vectors_load_start__ = 0x0

.vectors        0x0000000000000000       0xdc
                0x0000000000000000                __vectors_start__ = .
 *(.vectors .vectors.*)
 .vectors       0x0000000000000000       0xdc Output/Release/Obj/fatfs_pca10040/ses_nrf52_Vectors.o
                0x0000000000000000                _vectors
                0x00000000000000dc                __vectors_end__ = (__vectors_start__ + SIZEOF (.vectors))
                0x00000000000000dc                __vectors_size__ = SIZEOF (.vectors)
                0x00000000000000dc                __vectors_load_end__ = __vectors_end__
                0x0000000000000001                . = ASSERT (((__vectors_start__ == __vectors_end__) || ((__vectors_end__ - __FLASH_segment_start__) <= __FLASH_segment_size__)), error: .vectors is too large to fit in FLASH memory segment)
                0x00000000000000dc                __init_load_start__ = ALIGN (__vectors_end__, 0x4)

.init           0x00000000000000dc      0x214
                0x00000000000000dc                __init_start__ = .
 *(.init .init.*)
 .init          0x00000000000000dc      0x15c Output/Release/Obj/fatfs_pca10040/thumb_crt0.o
                0x00000000000000dc                _start
                0x0000000000000190                exit
 .init          0x0000000000000238       0x58 Output/Release/Obj/fatfs_pca10040/ses_nRF_Startup.o
                0x0000000000000238                Reset_Handler
                0x000000000000025c                InitializeUserMemorySections
 .init          0x0000000000000290       0x60 Output/Release/Obj/fatfs_pca10040/ses_nrf52_Vectors.o
                0x0000000000000290                NMI_Handler
                0x0000000000000292                HardFault_Handler
                0x0000000000000294                MemoryManagement_Handler
                0x0000000000000296                BusFault_Handler
                0x0000000000000298                UsageFault_Handler
                0x000000000000029a                SVC_Handler
                0x000000000000029c                DebugMon_Handler
                0x000000000000029e                PendSV_Handler
                0x00000000000002a0                SysTick_Handler
                0x00000000000002a4                POWER_CLOCK_IRQHandler
                0x00000000000002a6                RADIO_IRQHandler
                0x00000000000002ac                SPIM1_SPIS1_TWIM1_TWIS1_SPI1_TWI1_IRQHandler
                0x00000000000002ae                NFCT_IRQHandler
                0x00000000000002b0                GPIOTE_IRQHandler
                0x00000000000002b2                SAADC_IRQHandler
                0x00000000000002b4                TIMER0_IRQHandler
                0x00000000000002b6                TIMER1_IRQHandler
                0x00000000000002b8                TIMER2_IRQHandler
                0x00000000000002ba                RTC0_IRQHandler
                0x00000000000002bc                TEMP_IRQHandler
                0x00000000000002be                RNG_IRQHandler
                0x00000000000002c0                ECB_IRQHandler
                0x00000000000002c2                CCM_AAR_IRQHandler
                0x00000000000002c4                WDT_IRQHandler
                0x00000000000002c6                RTC1_IRQHandler
                0x00000000000002c8                QDEC_IRQHandler
                0x00000000000002ca                COMP_LPCOMP_IRQHandler
                0x00000000000002cc                SWI0_EGU0_IRQHandler
                0x00000000000002ce                SWI1_EGU1_IRQHandler
                0x00000000000002d0                SWI2_EGU2_IRQHandler
                0x00000000000002d2                SWI3_EGU3_IRQHandler
                0x00000000000002d4                SWI4_EGU4_IRQHandler
                0x00000000000002d6                SWI5_EGU5_IRQHandler
                0x00000000000002d8                TIMER3_IRQHandler
                0x00000000000002da                TIMER4_IRQHandler
                0x00000000000002dc                PWM0_IRQHandler
                0x00000000000002de                PDM_IRQHandler
                0x00000000000002e0                MWU_IRQHandler
                0x00000000000002e2                PWM1_IRQHandler
                0x00000000000002e4                PWM2_IRQHandler
                0x00000000000002e6                SPIM2_SPIS2_SPI2_IRQHandler
                0x00000000000002e8                RTC2_IRQHandler
                0x00000000000002ea                I2S_IRQHandler
                0x00000000000002ec                FPU_IRQHandler
                0x00000000000002f0                __init_end__ = (__init_start__ + SIZEOF (.init))
                0x0000000000000214                __init_size__ = SIZEOF (.init)
                0x00000000000002f0                __init_load_end__ = __init_end__
                0x0000000000000001                . = ASSERT (((__init_start__ == __init_end__) || ((__init_end__ - __FLASH_segment_start__) <= __FLASH_segment_size__)), error: .init is too large to fit in FLASH memory segment)
                0x00000000000002f0                __init_rodata_load_start__ = ALIGN (__init_end__, 0x4)

.init_rodata    0x00000000000002f0        0x0
                0x00000000000002f0                __init_rodata_start__ = .
 *(.init_rodata .init_rodata.*)
                0x00000000000002f0                __init_rodata_end__ = (__init_rodata_start__ + SIZEOF (.init_rodata))
                0x0000000000000000                __init_rodata_size__ = SIZEOF (.init_rodata)
                0x00000000000002f0                __init_rodata_load_end__ = __init_rodata_end__
                0x0000000000000001                . = ASSERT (((__init_rodata_start__ == __init_rodata_end__) || ((__init_rodata_end__ - __FLASH_segment_start__) <= __FLASH_segment_size__)), error: .init_rodata is too large to fit in FLASH memory segment)
                0x00000000000002f0                __text_load_start__ = ALIGN (__init_rodata_end__, 0x4)

.text           0x00000000000002f0     0x45fe
                0x00000000000002f0                __text_start__ = .
 *(.text .text.* .glue_7t .glue_7 .gnu.linkonce.t.* .gcc_except_table .ARM.extab* .gnu.linkonce.armextab.*)
 .glue_7        0x00000000000002f0        0x0 linker stubs
 .glue_7t       0x00000000000002f0        0x0 linker stubs
 .text.nrf_log_backend_serial_put
                0x00000000000002f0       0xc2 Output/Release/Obj/fatfs_pca10040/nrf_log_backend_serial.o
                0x00000000000002f0                nrf_log_backend_serial_put
 .text.nrf_log_backend_uart_flush
                0x00000000000003b2        0x2 Output/Release/Obj/fatfs_pca10040/nrf_log_backend_uart.o
 .text.nrf_log_backend_uart_put
                0x00000000000003b4       0x1c Output/Release/Obj/fatfs_pca10040/nrf_log_backend_uart.o
 .text.uart_init.constprop.0
                0x00000000000003d0       0x40 Output/Release/Obj/fatfs_pca10040/nrf_log_backend_uart.o
 .text.serial_tx
                0x0000000000000410       0x48 Output/Release/Obj/fatfs_pca10040/nrf_log_backend_uart.o
 .text.nrf_log_backend_uart_panic_set
                0x0000000000000458       0x2c Output/Release/Obj/fatfs_pca10040/nrf_log_backend_uart.o
 .text.nrf_log_backend_uart_init
                0x0000000000000484        0x4 Output/Release/Obj/fatfs_pca10040/nrf_log_backend_uart.o
                0x0000000000000484                nrf_log_backend_uart_init
 .text.nrf_log_default_backends_init
                0x0000000000000488       0x1c Output/Release/Obj/fatfs_pca10040/nrf_log_default_backends.o
                0x0000000000000488                nrf_log_default_backends_init
 .text.invalid_packets_pushed_str_omit
                0x00000000000004a4       0x50 Output/Release/Obj/fatfs_pca10040/nrf_log_frontend.o
 .text.buf_prealloc
                0x00000000000004f4      0x130 Output/Release/Obj/fatfs_pca10040/nrf_log_frontend.o
 .text.nrf_log_init
                0x0000000000000624       0x54 Output/Release/Obj/fatfs_pca10040/nrf_log_frontend.o
                0x0000000000000624                nrf_log_init
 .text.nrf_log_module_name_get
                0x0000000000000678       0x38 Output/Release/Obj/fatfs_pca10040/nrf_log_frontend.o
                0x0000000000000678                nrf_log_module_name_get
 .text.nrf_log_color_id_get
                0x00000000000006b0       0x2c Output/Release/Obj/fatfs_pca10040/nrf_log_frontend.o
                0x00000000000006b0                nrf_log_color_id_get
 .text.buffer_is_empty
                0x00000000000006dc       0x14 Output/Release/Obj/fatfs_pca10040/nrf_log_frontend.o
                0x00000000000006dc                buffer_is_empty
 .text.nrf_log_frontend_dequeue
                0x00000000000006f0      0x220 Output/Release/Obj/fatfs_pca10040/nrf_log_frontend.o
                0x00000000000006f0                nrf_log_frontend_dequeue
 .text.std_n    0x0000000000000910       0x98 Output/Release/Obj/fatfs_pca10040/nrf_log_frontend.o
 .text.nrf_log_frontend_std_0
                0x00000000000009a8        0x8 Output/Release/Obj/fatfs_pca10040/nrf_log_frontend.o
                0x00000000000009a8                nrf_log_frontend_std_0
 .text.nrf_log_frontend_std_1
                0x00000000000009b0       0x12 Output/Release/Obj/fatfs_pca10040/nrf_log_frontend.o
                0x00000000000009b0                nrf_log_frontend_std_1
 .text.nrf_log_frontend_std_2
                0x00000000000009c2       0x14 Output/Release/Obj/fatfs_pca10040/nrf_log_frontend.o
                0x00000000000009c2                nrf_log_frontend_std_2
 *fill*         0x00000000000009d6        0x2 
 .text.nrf_log_backend_add
                0x00000000000009d8       0x40 Output/Release/Obj/fatfs_pca10040/nrf_log_frontend.o
                0x00000000000009d8                nrf_log_backend_add
 .text.nrf_log_panic
                0x0000000000000a18       0x24 Output/Release/Obj/fatfs_pca10040/nrf_log_frontend.o
                0x0000000000000a18                nrf_log_panic
 .text.prefix_process
                0x0000000000000a3c       0x7c Output/Release/Obj/fatfs_pca10040/nrf_log_str_formatter.o
 .text.postfix_process
                0x0000000000000ab8       0x44 Output/Release/Obj/fatfs_pca10040/nrf_log_str_formatter.o
 .text.nrf_log_std_entry_process
                0x0000000000000afc       0xc8 Output/Release/Obj/fatfs_pca10040/nrf_log_str_formatter.o
                0x0000000000000afc                nrf_log_std_entry_process
 .text.nrf_log_hexdump_entry_process
                0x0000000000000bc4       0xb4 Output/Release/Obj/fatfs_pca10040/nrf_log_str_formatter.o
                0x0000000000000bc4                nrf_log_hexdump_entry_process
 .text.bsp_board_led_off
                0x0000000000000c78       0x18 Output/Release/Obj/fatfs_pca10040/boards.o
                0x0000000000000c78                bsp_board_led_off
 .text.bsp_board_leds_off
                0x0000000000000c90       0x1e Output/Release/Obj/fatfs_pca10040/boards.o
                0x0000000000000c90                bsp_board_leds_off
 .text.bsp_board_init
                0x0000000000000cae       0x3e Output/Release/Obj/fatfs_pca10040/boards.o
                0x0000000000000cae                bsp_board_init
 .text.app_error_handler_bare
                0x0000000000000cec       0x1a Output/Release/Obj/fatfs_pca10040/app_error.o
                0x0000000000000cec                app_error_handler_bare
 *fill*         0x0000000000000d06        0x2 
 .text.app_error_fault_handler
                0x0000000000000d08       0x68 Output/Release/Obj/fatfs_pca10040/app_error_weak.o
                0x0000000000000d08                app_error_fault_handler
 .text.sdc_spi_transfer
                0x0000000000000d70       0x40 Output/Release/Obj/fatfs_pca10040/app_sdcard.o
 .text.sdc_cmd  0x0000000000000db0       0xbc Output/Release/Obj/fatfs_pca10040/app_sdcard.o
 .text.sdc_pt_sub_data_read
                0x0000000000000e6c      0x15c Output/Release/Obj/fatfs_pca10040/app_sdcard.o
 .text.app_sdc_block_read
                0x0000000000000fc8       0x60 Output/Release/Obj/fatfs_pca10040/app_sdcard.o
                0x0000000000000fc8                app_sdc_block_read
 .text.app_sdc_block_write
                0x0000000000001028       0x68 Output/Release/Obj/fatfs_pca10040/app_sdcard.o
                0x0000000000001028                app_sdc_block_write
 .text.app_sdc_init
                0x0000000000001090       0xe0 Output/Release/Obj/fatfs_pca10040/app_sdcard.o
                0x0000000000001090                app_sdc_init
 .text.app_sdc_uninit
                0x0000000000001170       0x44 Output/Release/Obj/fatfs_pca10040/app_sdcard.o
                0x0000000000001170                app_sdc_uninit
 .text.spi_handler
                0x00000000000011b4      0x6cc Output/Release/Obj/fatfs_pca10040/app_sdcard.o
 .text.app_sdc_busy_check
                0x0000000000001880       0x20 Output/Release/Obj/fatfs_pca10040/app_sdcard.o
                0x0000000000001880                app_sdc_busy_check
 .text.app_sdc_info_get
                0x00000000000018a0       0x18 Output/Release/Obj/fatfs_pca10040/app_sdcard.o
                0x00000000000018a0                app_sdc_info_get
 .text.app_util_disable_irq
                0x00000000000018b8       0x10 Output/Release/Obj/fatfs_pca10040/app_util_platform.o
                0x00000000000018b8                app_util_disable_irq
 .text.app_util_enable_irq
                0x00000000000018c8       0x14 Output/Release/Obj/fatfs_pca10040/app_util_platform.o
                0x00000000000018c8                app_util_enable_irq
 .text.app_util_critical_region_enter
                0x00000000000018dc        0x4 Output/Release/Obj/fatfs_pca10040/app_util_platform.o
                0x00000000000018dc                app_util_critical_region_enter
 .text.app_util_critical_region_exit
                0x00000000000018e0        0x4 Output/Release/Obj/fatfs_pca10040/app_util_platform.o
                0x00000000000018e0                app_util_critical_region_exit
 .text.nrf_atomic_u32_fetch_store
                0x00000000000018e4       0x16 Output/Release/Obj/fatfs_pca10040/nrf_atomic.o
                0x00000000000018e4                nrf_atomic_u32_fetch_store
 .text.nrf_atomic_u32_or
                0x00000000000018fa       0x18 Output/Release/Obj/fatfs_pca10040/nrf_atomic.o
                0x00000000000018fa                nrf_atomic_u32_or
 .text.nrf_atomic_u32_fetch_and
                0x0000000000001912       0x18 Output/Release/Obj/fatfs_pca10040/nrf_atomic.o
                0x0000000000001912                nrf_atomic_u32_fetch_and
 .text.nrf_atomic_u32_add
                0x000000000000192a       0x18 Output/Release/Obj/fatfs_pca10040/nrf_atomic.o
                0x000000000000192a                nrf_atomic_u32_add
 .text.nrf_atomic_u32_sub
                0x0000000000001942       0x18 Output/Release/Obj/fatfs_pca10040/nrf_atomic.o
                0x0000000000001942                nrf_atomic_u32_sub
 .text.nrf_atomic_flag_set
                0x000000000000195a        0x6 Output/Release/Obj/fatfs_pca10040/nrf_atomic.o
                0x000000000000195a                nrf_atomic_flag_set
 .text.nrf_atomic_flag_clear_fetch
                0x0000000000001960        0x6 Output/Release/Obj/fatfs_pca10040/nrf_atomic.o
                0x0000000000001960                nrf_atomic_flag_clear_fetch
 .text.nrf_balloc_init
                0x0000000000001966       0x2e Output/Release/Obj/fatfs_pca10040/nrf_balloc.o
                0x0000000000001966                nrf_balloc_init
 .text.nrf_balloc_alloc
                0x0000000000001994       0x40 Output/Release/Obj/fatfs_pca10040/nrf_balloc.o
                0x0000000000001994                nrf_balloc_alloc
 .text.nrf_balloc_free
                0x00000000000019d4       0x2a Output/Release/Obj/fatfs_pca10040/nrf_balloc.o
                0x00000000000019d4                nrf_balloc_free
 .text.block_dev_sdc_ioctl
                0x00000000000019fe       0x1e Output/Release/Obj/fatfs_pca10040/nrf_block_dev_sdc.o
 .text.block_dev_sdc_geometry
                0x0000000000001a1c        0x4 Output/Release/Obj/fatfs_pca10040/nrf_block_dev_sdc.o
 .text.sdc_wait
                0x0000000000001a20        0xc Output/Release/Obj/fatfs_pca10040/nrf_block_dev_sdc.o
 .text.block_dev_sdc_write_req
                0x0000000000001a2c       0x78 Output/Release/Obj/fatfs_pca10040/nrf_block_dev_sdc.o
 .text.block_dev_sdc_read_req
                0x0000000000001aa4       0x78 Output/Release/Obj/fatfs_pca10040/nrf_block_dev_sdc.o
 .text.block_dev_sdc_uninit
                0x0000000000001b1c       0x54 Output/Release/Obj/fatfs_pca10040/nrf_block_dev_sdc.o
 .text.block_dev_sdc_init
                0x0000000000001b70       0x78 Output/Release/Obj/fatfs_pca10040/nrf_block_dev_sdc.o
 .text.sdc_handler
                0x0000000000001be8       0xa8 Output/Release/Obj/fatfs_pca10040/nrf_block_dev_sdc.o
 .text.nrf_fprintf_buffer_flush
                0x0000000000001c90       0x16 Output/Release/Obj/fatfs_pca10040/nrf_fprintf.o
                0x0000000000001c90                nrf_fprintf_buffer_flush
 .text.nrf_fprintf
                0x0000000000001ca6       0x1c Output/Release/Obj/fatfs_pca10040/nrf_fprintf.o
                0x0000000000001ca6                nrf_fprintf
 .text.buffer_add
                0x0000000000001cc2       0x1e Output/Release/Obj/fatfs_pca10040/nrf_fprintf_format.o
 .text.unsigned_print
                0x0000000000001ce0       0xb4 Output/Release/Obj/fatfs_pca10040/nrf_fprintf_format.o
 .text.nrf_fprintf_fmt
                0x0000000000001d94      0x294 Output/Release/Obj/fatfs_pca10040/nrf_fprintf_format.o
                0x0000000000001d94                nrf_fprintf_fmt
 .text.nrf_memobj_pool_init
                0x0000000000002028        0x4 Output/Release/Obj/fatfs_pca10040/nrf_memobj.o
                0x0000000000002028                nrf_memobj_pool_init
 .text.nrf_memobj_free
                0x000000000000202c       0x2c Output/Release/Obj/fatfs_pca10040/nrf_memobj.o
                0x000000000000202c                nrf_memobj_free
 .text.nrf_memobj_alloc
                0x0000000000002058       0x5e Output/Release/Obj/fatfs_pca10040/nrf_memobj.o
                0x0000000000002058                nrf_memobj_alloc
 .text.nrf_memobj_get
                0x00000000000020b6        0x8 Output/Release/Obj/fatfs_pca10040/nrf_memobj.o
                0x00000000000020b6                nrf_memobj_get
 .text.nrf_memobj_put
                0x00000000000020be       0x1c Output/Release/Obj/fatfs_pca10040/nrf_memobj.o
                0x00000000000020be                nrf_memobj_put
 .text.nrf_memobj_write
                0x00000000000020da       0x52 Output/Release/Obj/fatfs_pca10040/nrf_memobj.o
                0x00000000000020da                nrf_memobj_write
 .text.nrf_memobj_read
                0x000000000000212c       0x52 Output/Release/Obj/fatfs_pca10040/nrf_memobj.o
                0x000000000000212c                nrf_memobj_read
 *fill*         0x000000000000217e        0x2 
 .text.spim_evt_handler
                0x0000000000002180       0x3c Output/Release/Obj/fatfs_pca10040/nrf_drv_spi.o
 .text.nrf_drv_spi_init
                0x00000000000021bc       0x64 Output/Release/Obj/fatfs_pca10040/nrf_drv_spi.o
                0x00000000000021bc                nrf_drv_spi_init
 .text.uarte_evt_handler
                0x0000000000002220       0x34 Output/Release/Obj/fatfs_pca10040/nrf_drv_uart.o
 .text.uart_evt_handler
                0x0000000000002254       0x34 Output/Release/Obj/fatfs_pca10040/nrf_drv_uart.o
 .text.nrf_drv_uart_init
                0x0000000000002288       0x7c Output/Release/Obj/fatfs_pca10040/nrf_drv_uart.o
                0x0000000000002288                nrf_drv_uart_init
 .text.UARTE0_UART0_IRQHandler
                0x0000000000002304        0xc Output/Release/Obj/fatfs_pca10040/nrfx_prs.o
                0x0000000000002304                UARTE0_UART0_IRQHandler
 .text.nrfx_prs_acquire
                0x0000000000002310       0x38 Output/Release/Obj/fatfs_pca10040/nrfx_prs.o
                0x0000000000002310                nrfx_prs_acquire
 .text.nrfx_prs_release
                0x0000000000002348       0x18 Output/Release/Obj/fatfs_pca10040/nrfx_prs.o
                0x0000000000002348                nrfx_prs_release
 .text.SPIM0_SPIS0_TWIM0_TWIS0_SPI0_TWI0_IRQHandler
                0x0000000000002360       0x58 Output/Release/Obj/fatfs_pca10040/nrfx_spim.o
                0x0000000000002360                SPIM0_SPIS0_TWIM0_TWIS0_SPI0_TWI0_IRQHandler
 .text.nrfx_spim_init
                0x00000000000023b8      0x1d4 Output/Release/Obj/fatfs_pca10040/nrfx_spim.o
                0x00000000000023b8                nrfx_spim_init
 .text.nrfx_spim_uninit
                0x000000000000258c       0x84 Output/Release/Obj/fatfs_pca10040/nrfx_spim.o
                0x000000000000258c                nrfx_spim_uninit
 .text.nrfx_spim_xfer
                0x0000000000002610      0x128 Output/Release/Obj/fatfs_pca10040/nrfx_spim.o
                0x0000000000002610                nrfx_spim_xfer
 .text.nrf_uart_event_clear
                0x0000000000002738       0x10 Output/Release/Obj/fatfs_pca10040/nrfx_uart.o
 .text.tx_byte  0x0000000000002748       0x1e Output/Release/Obj/fatfs_pca10040/nrfx_uart.o
 .text.rx_byte  0x0000000000002766       0x2c Output/Release/Obj/fatfs_pca10040/nrfx_uart.o
 *fill*         0x0000000000002792        0x2 
 .text.rx_done_event.constprop.0
                0x0000000000002794       0x20 Output/Release/Obj/fatfs_pca10040/nrfx_uart.o
 .text.nrfx_uart_0_irq_handler
                0x00000000000027b4      0x140 Output/Release/Obj/fatfs_pca10040/nrfx_uart.o
                0x00000000000027b4                nrfx_uart_0_irq_handler
 .text.nrfx_uart_init
                0x00000000000028f4      0x17c Output/Release/Obj/fatfs_pca10040/nrfx_uart.o
                0x00000000000028f4                nrfx_uart_init
 .text.nrfx_uart_uninit
                0x0000000000002a70       0xc4 Output/Release/Obj/fatfs_pca10040/nrfx_uart.o
                0x0000000000002a70                nrfx_uart_uninit
 .text.nrfx_uart_tx_in_progress
                0x0000000000002b34       0x18 Output/Release/Obj/fatfs_pca10040/nrfx_uart.o
                0x0000000000002b34                nrfx_uart_tx_in_progress
 .text.nrfx_uart_tx
                0x0000000000002b4c       0x9c Output/Release/Obj/fatfs_pca10040/nrfx_uart.o
                0x0000000000002b4c                nrfx_uart_tx
 .text.nrf_uarte_event_clear
                0x0000000000002be8       0x10 Output/Release/Obj/fatfs_pca10040/nrfx_uarte.o
 .text.rx_done_event.constprop.0
                0x0000000000002bf8       0x24 Output/Release/Obj/fatfs_pca10040/nrfx_uarte.o
 .text.nrfx_uarte_0_irq_handler
                0x0000000000002c1c       0xe8 Output/Release/Obj/fatfs_pca10040/nrfx_uarte.o
                0x0000000000002c1c                nrfx_uarte_0_irq_handler
 .text.nrfx_uarte_init
                0x0000000000002d04      0x18c Output/Release/Obj/fatfs_pca10040/nrfx_uarte.o
                0x0000000000002d04                nrfx_uarte_init
 .text.nrfx_uarte_uninit
                0x0000000000002e90       0xc4 Output/Release/Obj/fatfs_pca10040/nrfx_uarte.o
                0x0000000000002e90                nrfx_uarte_uninit
 .text.nrfx_uarte_tx_in_progress
                0x0000000000002f54       0x18 Output/Release/Obj/fatfs_pca10040/nrfx_uarte.o
                0x0000000000002f54                nrfx_uarte_tx_in_progress
 .text.nrfx_uarte_tx
                0x0000000000002f6c       0x90 Output/Release/Obj/fatfs_pca10040/nrfx_uarte.o
                0x0000000000002f6c                nrfx_uarte_tx
 .text.startup.main
                0x0000000000002ffc      0x1f0 Output/Release/Obj/fatfs_pca10040/main.o
                0x0000000000002ffc                main
 .text.block_dev_handler
                0x00000000000031ec       0x20 Output/Release/Obj/fatfs_pca10040/diskio_blkdev.o
 .text.default_wait_func
                0x000000000000320c        0x4 Output/Release/Obj/fatfs_pca10040/diskio_blkdev.o
 .text.disk_initialize
                0x0000000000003210       0x78 Output/Release/Obj/fatfs_pca10040/diskio_blkdev.o
                0x0000000000003210                disk_initialize
 .text.disk_status
                0x0000000000003288       0x28 Output/Release/Obj/fatfs_pca10040/diskio_blkdev.o
                0x0000000000003288                disk_status
 .text.disk_read
                0x00000000000032b0       0x80 Output/Release/Obj/fatfs_pca10040/diskio_blkdev.o
                0x00000000000032b0                disk_read
 .text.disk_write
                0x0000000000003330       0x8c Output/Release/Obj/fatfs_pca10040/diskio_blkdev.o
                0x0000000000003330                disk_write
 .text.disk_ioctl
                0x00000000000033bc       0x98 Output/Release/Obj/fatfs_pca10040/diskio_blkdev.o
                0x00000000000033bc                disk_ioctl
 .text.diskio_blockdev_register
                0x0000000000003454       0x14 Output/Release/Obj/fatfs_pca10040/diskio_blkdev.o
                0x0000000000003454                diskio_blockdev_register
 .text.ld_dword
                0x0000000000003468        0x4 Output/Release/Obj/fatfs_pca10040/ff.o
 .text.st_dword
                0x000000000000346c       0x10 Output/Release/Obj/fatfs_pca10040/ff.o
 .text.mem_set  0x000000000000347c        0xc Output/Release/Obj/fatfs_pca10040/ff.o
 .text.clust2sect
                0x0000000000003488       0x16 Output/Release/Obj/fatfs_pca10040/ff.o
 .text.st_clust
                0x000000000000349e       0x18 Output/Release/Obj/fatfs_pca10040/ff.o
 .text.get_ldnumber
                0x00000000000034b6       0x30 Output/Release/Obj/fatfs_pca10040/ff.o
 .text.validate
                0x00000000000034e6       0x34 Output/Release/Obj/fatfs_pca10040/ff.o
 .text.mem_cpy.part.0
                0x000000000000351a       0x12 Output/Release/Obj/fatfs_pca10040/ff.o
 .text.sync_window.part.0
                0x000000000000352c       0x4c Output/Release/Obj/fatfs_pca10040/ff.o
 .text.sync_window
                0x0000000000003578        0xc Output/Release/Obj/fatfs_pca10040/ff.o
 .text.move_window
                0x0000000000003584       0x32 Output/Release/Obj/fatfs_pca10040/ff.o
 *fill*         0x00000000000035b6        0x2 
 .text.check_fs
                0x00000000000035b8       0x74 Output/Release/Obj/fatfs_pca10040/ff.o
 .text.find_volume
                0x000000000000362c      0x250 Output/Release/Obj/fatfs_pca10040/ff.o
 .text.put_fat  0x000000000000387c       0xfa Output/Release/Obj/fatfs_pca10040/ff.o
 .text.sync_fs  0x0000000000003976       0x96 Output/Release/Obj/fatfs_pca10040/ff.o
 .text.get_fileinfo.part.0.isra.0
                0x0000000000003a0c       0x56 Output/Release/Obj/fatfs_pca10040/ff.o
 .text.ld_clust.isra.0
                0x0000000000003a62       0x10 Output/Release/Obj/fatfs_pca10040/ff.o
 .text.get_fat.isra.0
                0x0000000000003a72       0xac Output/Release/Obj/fatfs_pca10040/ff.o
 .text.dir_sdi.constprop.0
                0x0000000000003b1e       0x64 Output/Release/Obj/fatfs_pca10040/ff.o
 .text.remove_chain
                0x0000000000003b82       0x70 Output/Release/Obj/fatfs_pca10040/ff.o
 .text.create_chain
                0x0000000000003bf2       0xb0 Output/Release/Obj/fatfs_pca10040/ff.o
 .text.dir_next
                0x0000000000003ca2       0xea Output/Release/Obj/fatfs_pca10040/ff.o
 .text.follow_path
                0x0000000000003d8c      0x1b0 Output/Release/Obj/fatfs_pca10040/ff.o
 .text.dir_read.constprop.0
                0x0000000000003f3c       0x54 Output/Release/Obj/fatfs_pca10040/ff.o
 .text.dir_register
                0x0000000000003f90       0x62 Output/Release/Obj/fatfs_pca10040/ff.o
 *fill*         0x0000000000003ff2        0x2 
 .text.f_mount  0x0000000000003ff4       0x4c Output/Release/Obj/fatfs_pca10040/ff.o
                0x0000000000003ff4                f_mount
 .text.f_open   0x0000000000004040      0x1c2 Output/Release/Obj/fatfs_pca10040/ff.o
                0x0000000000004040                f_open
 .text.f_write  0x0000000000004202      0x182 Output/Release/Obj/fatfs_pca10040/ff.o
                0x0000000000004202                f_write
 .text.f_sync   0x0000000000004384       0x8e Output/Release/Obj/fatfs_pca10040/ff.o
                0x0000000000004384                f_sync
 .text.f_close  0x0000000000004412       0x1a Output/Release/Obj/fatfs_pca10040/ff.o
                0x0000000000004412                f_close
 .text.f_opendir
                0x000000000000442c       0x66 Output/Release/Obj/fatfs_pca10040/ff.o
                0x000000000000442c                f_opendir
 .text.f_readdir
                0x0000000000004492       0x42 Output/Release/Obj/fatfs_pca10040/ff.o
                0x0000000000004492                f_readdir
 .text.errata_12
                0x00000000000044d4       0x36 Output/Release/Obj/fatfs_pca10040/system_nrf52.o
 .text.errata_16
                0x000000000000450a       0x2a Output/Release/Obj/fatfs_pca10040/system_nrf52.o
 .text.SystemInit
                0x0000000000004534      0x25c Output/Release/Obj/fatfs_pca10040/system_nrf52.o
                0x0000000000004534                SystemInit
 .text.libc.__RAL_ascii_isctype
                0x0000000000004790       0x1c /Applications/SEGGER Embedded Studio for ARM 5.68/lib/libc_v7em_fpv4_sp_d16_hard_t_le_eabi.a(libc2.o)
 .text.libc.__RAL_ascii_toupper
                0x00000000000047ac        0xc /Applications/SEGGER Embedded Studio for ARM 5.68/lib/libc_v7em_fpv4_sp_d16_hard_t_le_eabi.a(libc2.o)
 .text.libc.__RAL_ascii_tolower
                0x00000000000047b8        0xc /Applications/SEGGER Embedded Studio for ARM 5.68/lib/libc_v7em_fpv4_sp_d16_hard_t_le_eabi.a(libc2.o)
 .text.libc.__RAL_ascii_wctomb
                0x00000000000047c4       0x10 /Applications/SEGGER Embedded Studio for ARM 5.68/lib/libc_v7em_fpv4_sp_d16_hard_t_le_eabi.a(libc2.o)
                0x00000000000047c4                __RAL_ascii_wctomb
 .text.libc.__RAL_ascii_mbtowc
                0x00000000000047d4       0x24 /Applications/SEGGER Embedded Studio for ARM 5.68/lib/libc_v7em_fpv4_sp_d16_hard_t_le_eabi.a(libc2.o)
                0x00000000000047d4                __RAL_ascii_mbtowc
 .text.libc.__RAL_ascii_towupper
                0x00000000000047f8        0xc /Applications/SEGGER Embedded Studio for ARM 5.68/lib/libc_v7em_fpv4_sp_d16_hard_t_le_eabi.a(libc2.o)
 .text.libc.__RAL_ascii_towlower
                0x0000000000004804        0xc /Applications/SEGGER Embedded Studio for ARM 5.68/lib/libc_v7em_fpv4_sp_d16_hard_t_le_eabi.a(libc2.o)
 .text.libc.__RAL_ascii_iswctype
                0x0000000000004810       0x1c /Applications/SEGGER Embedded Studio for ARM 5.68/lib/libc_v7em_fpv4_sp_d16_hard_t_le_eabi.a(libc2.o)
 .text.libc.isprint
                0x000000000000482c       0x10 /Applications/SEGGER Embedded Studio for ARM 5.68/lib/libc_v7em_fpv4_sp_d16_hard_t_le_eabi.a(libc2.o)
                0x000000000000482c                isprint
 .text.libc.memcpy
                0x000000000000483c       0x52 /Applications/SEGGER Embedded Studio for ARM 5.68/lib/libc_v7em_fpv4_sp_d16_hard_t_le_eabi.a(libc2_asm.o)
                0x000000000000483c                memcpy
                0x000000000000483c                __aeabi_memcpy
                0x0000000000004848                __aeabi_memcpy4
                0x0000000000004848                __aeabi_memcpy8
 .text.libc.strlen
                0x000000000000488e       0x60 /Applications/SEGGER Embedded Studio for ARM 5.68/lib/libc_v7em_fpv4_sp_d16_hard_t_le_eabi.a(libc2_asm.o)
                0x000000000000488e                strlen
                0x00000000000048ee                __text_end__ = (__text_start__ + SIZEOF (.text))
                0x00000000000045fe                __text_size__ = SIZEOF (.text)
                0x00000000000048ee                __text_load_end__ = __text_end__

.vfp11_veneer   0x0000000100000000        0x0
 .vfp11_veneer  0x0000000100000000        0x0 linker stubs

.v4_bx          0x0000000100000000        0x0
 .v4_bx         0x0000000100000000        0x0 linker stubs

.iplt           0x0000000100000000        0x0
 .iplt          0x0000000100000000        0x0 Output/Release/Obj/fatfs_pca10040/thumb_crt0.o
                0x0000000000000001                . = ASSERT (((__text_start__ == __text_end__) || ((__text_end__ - __FLASH_segment_start__) <= __FLASH_segment_size__)), error: .text is too large to fit in FLASH memory segment)
                0x00000000000048f0                __log_const_data_load_start__ = ALIGN (__text_end__, 0x4)

.log_const_data
                0x00000000000048f0       0x30
                0x00000000000048f0                __log_const_data_start__ = .
                0x00000000000048f0                __start_log_const_data = __log_const_data_start__
 *(SORT_BY_NAME(.log_const_data*))
 .log_const_data_PRS
                0x00000000000048f0        0x8 Output/Release/Obj/fatfs_pca10040/nrfx_prs.o
                0x00000000000048f0                m_nrf_log_PRS_logs_data_const
 .log_const_data_SPIM
                0x00000000000048f8        0x8 Output/Release/Obj/fatfs_pca10040/nrfx_spim.o
                0x00000000000048f8                m_nrf_log_SPIM_logs_data_const
 .log_const_data_UART
                0x0000000000004900        0x8 Output/Release/Obj/fatfs_pca10040/nrfx_uart.o
                0x0000000000004900                m_nrf_log_UART_logs_data_const
 .log_const_data_UARTE
                0x0000000000004908        0x8 Output/Release/Obj/fatfs_pca10040/nrfx_uarte.o
                0x0000000000004908                m_nrf_log_UARTE_logs_data_const
 .log_const_data_app
                0x0000000000004910        0x8 Output/Release/Obj/fatfs_pca10040/nrf_log_frontend.o
                0x0000000000004910                m_nrf_log_app_logs_data_const
 .log_const_data_balloc_log_mempool
                0x0000000000004918        0x8 Output/Release/Obj/fatfs_pca10040/nrf_log_frontend.o
                0x0000000000004918                m_nrf_log_balloc_log_mempool_logs_data_const
                0x0000000000004920                __log_const_data_end__ = (__log_const_data_start__ + SIZEOF (.log_const_data))
                0x0000000000000030                __log_const_data_size__ = SIZEOF (.log_const_data)
                0x0000000000004920                __stop_log_const_data = __log_const_data_end__
                0x0000000000004920                __log_const_data_load_end__ = __log_const_data_end__
                0x0000000000000001                . = ASSERT (((__log_const_data_start__ == __log_const_data_end__) || ((__log_const_data_end__ - __FLASH_segment_start__) <= __FLASH_segment_size__)), error: .log_const_data is too large to fit in FLASH memory segment)
                0x0000000000004920                __nrf_balloc_load_start__ = ALIGN (__log_const_data_end__, 0x4)

.nrf_balloc     0x0000000000004920       0x18
                0x0000000000004920                __nrf_balloc_start__ = .
                0x0000000000004920                __start_nrf_balloc = __nrf_balloc_start__
 *(.nrf_balloc*)
 .nrf_balloc    0x0000000000004920       0x18 Output/Release/Obj/fatfs_pca10040/nrf_log_frontend.o
                0x0000000000004920                log_mempool
                0x0000000000004938                __nrf_balloc_end__ = (__nrf_balloc_start__ + SIZEOF (.nrf_balloc))
                0x0000000000000018                __nrf_balloc_size__ = SIZEOF (.nrf_balloc)
                0x0000000000004938                __stop_nrf_balloc = __nrf_balloc_end__
                0x0000000000004938                __nrf_balloc_load_end__ = __nrf_balloc_end__
                0x0000000000000001                . = ASSERT (((__nrf_balloc_start__ == __nrf_balloc_end__) || ((__nrf_balloc_end__ - __FLASH_segment_start__) <= __FLASH_segment_size__)), error: .nrf_balloc is too large to fit in FLASH memory segment)
                0x0000000000004938                __nrf_sections_load_start__ = ALIGN (__nrf_balloc_end__, 0x4)

.nrf_sections   0x0000000000004938        0x0
                0x0000000000004938                __nrf_sections_start__ = .
                0x0000000000004938                __start_nrf_sections = __nrf_sections_start__
 *(.nrf_sections .nrf_sections.*)
                0x0000000000004938                __nrf_sections_end__ = (__nrf_sections_start__ + SIZEOF (.nrf_sections))
                0x0000000000000000                __nrf_sections_size__ = SIZEOF (.nrf_sections)
                0x0000000000004938                __nrf_sections_load_end__ = __nrf_sections_end__
                0x0000000000000001                . = ASSERT (((__nrf_sections_start__ == __nrf_sections_end__) || ((__nrf_sections_end__ - __FLASH_segment_start__) <= __FLASH_segment_size__)), error: .nrf_sections is too large to fit in FLASH memory segment)
                0x0000000000004938                __log_dynamic_data_load_start__ = ALIGN (__nrf_sections_end__, 0x4)

.log_dynamic_data
                0x0000000020000000       0x18 load address 0x0000000000004938
                0x0000000020000000                __log_dynamic_data_start__ = .
 *(SORT_BY_NAME(.log_dynamic_data*))
 .log_dynamic_data_PRS
                0x0000000020000000        0x4 Output/Release/Obj/fatfs_pca10040/nrfx_prs.o
                0x0000000020000000                m_nrf_log_PRS_logs_data_dynamic
 .log_dynamic_data_SPIM
                0x0000000020000004        0x4 Output/Release/Obj/fatfs_pca10040/nrfx_spim.o
                0x0000000020000004                m_nrf_log_SPIM_logs_data_dynamic
 .log_dynamic_data_UART
                0x0000000020000008        0x4 Output/Release/Obj/fatfs_pca10040/nrfx_uart.o
                0x0000000020000008                m_nrf_log_UART_logs_data_dynamic
 .log_dynamic_data_UARTE
                0x000000002000000c        0x4 Output/Release/Obj/fatfs_pca10040/nrfx_uarte.o
                0x000000002000000c                m_nrf_log_UARTE_logs_data_dynamic
 .log_dynamic_data_app
                0x0000000020000010        0x4 Output/Release/Obj/fatfs_pca10040/nrf_log_frontend.o
                0x0000000020000010                m_nrf_log_app_logs_data_dynamic
 .log_dynamic_data_balloc_log_mempool
                0x0000000020000014        0x4 Output/Release/Obj/fatfs_pca10040/nrf_log_frontend.o
                0x0000000020000014                m_nrf_log_balloc_log_mempool_logs_data_dynamic
                0x0000000020000018                __log_dynamic_data_end__ = (__log_dynamic_data_start__ + SIZEOF (.log_dynamic_data))
                0x0000000000000018                __log_dynamic_data_size__ = SIZEOF (.log_dynamic_data)
                0x0000000000004950                __log_dynamic_data_load_end__ = (__log_dynamic_data_load_start__ + SIZEOF (.log_dynamic_data))
                0x0000000000000001                . = ASSERT (((__log_dynamic_data_load_start__ == __log_dynamic_data_load_end__) || ((__log_dynamic_data_load_end__ - __FLASH_segment_start__) <= __FLASH_segment_size__)), error: .log_dynamic_data is too large to fit in FLASH memory segment)

.log_dynamic_data_run
                0x0000000020000000        0x0
                0x0000000020000000                __log_dynamic_data_run_start__ = .
                0x0000000020000000                __start_log_dynamic_data = __log_dynamic_data_run_start__
                0x0000000020000018                __log_dynamic_data_run_end__ = (__log_dynamic_data_run_start__ + SIZEOF (.log_dynamic_data))
                0x0000000000000018                __log_dynamic_data_run_size__ = (__log_dynamic_data_run_end__ - __log_dynamic_data_run_start__)
                0x0000000020000018                __stop_log_dynamic_data = __log_dynamic_data_run_end__
                0x0000000020000018                __log_dynamic_data_run_load_end__ = __log_dynamic_data_run_end__
                0x0000000000000001                . = ASSERT (((__log_dynamic_data_run_start__ == __log_dynamic_data_run_end__) || ((__log_dynamic_data_run_end__ - __RAM_segment_start__) <= __RAM_segment_size__)), error: .log_dynamic_data_run is too large to fit in RAM memory segment)
                0x0000000020000018                __nrf_sections_run_end_load_start__ = ALIGN (__log_dynamic_data_run_end__, 0x4)

.nrf_sections_run_end
                0x0000000020000018        0x0
                0x0000000020000018                __nrf_sections_run_end_start__ = .
                0x0000000020000018                __end_nrf_sections_run = __nrf_sections_run_end_start__
 *(.nrf_sections_run_end .nrf_sections_run_end.*)
                0x0000000020000018                __nrf_sections_run_end_end__ = (__nrf_sections_run_end_start__ + SIZEOF (.nrf_sections_run_end))
                0x0000000000000000                __nrf_sections_run_end_size__ = SIZEOF (.nrf_sections_run_end)
                0x0000000020000018                __nrf_sections_run_end_load_end__ = __nrf_sections_run_end_end__
                0x0000000000000001                . = ASSERT (((__nrf_sections_run_end_start__ == __nrf_sections_run_end_end__) || ((__nrf_sections_run_end_end__ - __RAM_segment_start__) <= __RAM_segment_size__)), error: .nrf_sections_run_end is too large to fit in RAM memory segment)
                0x0000000000004950                __dtors_load_start__ = ALIGN ((__log_dynamic_data_load_start__ + SIZEOF (.log_dynamic_data)), 0x4)

.dtors          0x0000000000004950        0x0
                0x0000000000004950                __dtors_start__ = .
 *(SORT_BY_NAME(.dtors.*))
 *(.dtors)
 *(.fini_array)
 *(SORT_BY_NAME(.fini_array.*))
                0x0000000000004950                __dtors_end__ = (__dtors_start__ + SIZEOF (.dtors))
                0x0000000000000000                __dtors_size__ = SIZEOF (.dtors)
                0x0000000000004950                __dtors_load_end__ = __dtors_end__
                0x0000000000000001                . = ASSERT (((__dtors_start__ == __dtors_end__) || ((__dtors_end__ - __FLASH_segment_start__) <= __FLASH_segment_size__)), error: .dtors is too large to fit in FLASH memory segment)
                0x0000000000004950                __ctors_load_start__ = ALIGN (__dtors_end__, 0x4)

.ctors          0x0000000000004950        0x0
                0x0000000000004950                __ctors_start__ = .
 *(SORT_BY_NAME(.ctors.*))
 *(.ctors)
 *(.init_array)
 *(SORT_BY_NAME(.init_array.*))
                0x0000000000004950                __ctors_end__ = (__ctors_start__ + SIZEOF (.ctors))
                0x0000000000000000                __ctors_size__ = SIZEOF (.ctors)
                0x0000000000004950                __ctors_load_end__ = __ctors_end__
                0x0000000000000001                . = ASSERT (((__ctors_start__ == __ctors_end__) || ((__ctors_end__ - __FLASH_segment_start__) <= __FLASH_segment_size__)), error: .ctors is too large to fit in FLASH memory segment)
                0x0000000000004950                __rodata_load_start__ = ALIGN (__ctors_end__, 0x4)

.rodata         0x0000000000004950      0x576
                0x0000000000004950                __rodata_start__ = .
 *(.rodata .rodata.* .gnu.linkonce.r.*)
 .rodata        0x0000000000004950       0x20 Output/Release/Obj/fatfs_pca10040/nrf_log_backend_uart.o
 .rodata.nrf_log_backend_uart_api
                0x0000000000004970        0xc Output/Release/Obj/fatfs_pca10040/nrf_log_backend_uart.o
                0x0000000000004970                nrf_log_backend_uart_api
 .rodata.nrf_log_frontend_dequeue.str1.1
                0x000000000000497c       0x11 Output/Release/Obj/fatfs_pca10040/nrf_log_frontend.o
 .rodata.str1.1
                0x000000000000498d       0x17 Output/Release/Obj/fatfs_pca10040/nrf_log_frontend.o
 .rodata.prefix_process.str1.1
                0x00000000000049a4       0x2f Output/Release/Obj/fatfs_pca10040/nrf_log_str_formatter.o
                                         0x32 (size before relaxing)
 .rodata.postfix_process.str1.1
                0x00000000000049d3       0x2f Output/Release/Obj/fatfs_pca10040/nrf_log_str_formatter.o
                                          0x3 (size before relaxing)
 .rodata.nrf_log_hexdump_entry_process.str1.1
                0x00000000000049d3        0xf Output/Release/Obj/fatfs_pca10040/nrf_log_str_formatter.o
                                         0x11 (size before relaxing)
 .rodata.str1.1
                0x00000000000049e2       0x4b Output/Release/Obj/fatfs_pca10040/nrf_log_str_formatter.o
                                         0x51 (size before relaxing)
 *fill*         0x0000000000004a2d        0x3 
 .rodata.m_colors
                0x0000000000004a30       0x24 Output/Release/Obj/fatfs_pca10040/nrf_log_str_formatter.o
 .rodata.severity_names
                0x0000000000004a54       0x14 Output/Release/Obj/fatfs_pca10040/nrf_log_str_formatter.o
 .rodata.m_board_led_list
                0x0000000000004a68        0x4 Output/Release/Obj/fatfs_pca10040/boards.o
 .rodata.app_error_fault_handler.str1.1
                0x0000000000004a6c       0x19 Output/Release/Obj/fatfs_pca10040/app_error_weak.o
 *fill*         0x0000000000004a85        0x3 
 .rodata.m_spi  0x0000000000004a88       0x10 Output/Release/Obj/fatfs_pca10040/app_sdcard.o
 .rodata.nrf_block_device_sdc_ops
                0x0000000000004a98       0x18 Output/Release/Obj/fatfs_pca10040/nrf_block_dev_sdc.o
                0x0000000000004a98                nrf_block_device_sdc_ops
 .rodata._aV2C.0
                0x0000000000004ab0       0x10 Output/Release/Obj/fatfs_pca10040/nrf_fprintf_format.o
 .rodata        0x0000000000004ac0       0x10 Output/Release/Obj/fatfs_pca10040/nrf_drv_spi.o
 .rodata.str1.1
                0x0000000000004ad0        0x4 Output/Release/Obj/fatfs_pca10040/nrfx_prs.o
 .rodata.str1.1
                0x0000000000004ad4        0x5 Output/Release/Obj/fatfs_pca10040/nrfx_spim.o
 .rodata.str1.1
                0x0000000000004ad9        0x5 Output/Release/Obj/fatfs_pca10040/nrfx_uart.o
 .rodata.str1.1
                0x0000000000004ade        0x6 Output/Release/Obj/fatfs_pca10040/nrfx_uarte.o
 .rodata.main.str1.1
                0x0000000000004ae4      0x168 Output/Release/Obj/fatfs_pca10040/main.o
                                        0x16b (size before relaxing)
 .rodata.str1.1
                0x0000000000004c4c       0x10 Output/Release/Obj/fatfs_pca10040/main.o
 .rodata.m_block_dev_sdc
                0x0000000000004c5c       0x1c Output/Release/Obj/fatfs_pca10040/main.o
 .rodata.follow_path.str1.1
                0x0000000000004c78        0xf Output/Release/Obj/fatfs_pca10040/ff.o
 *fill*         0x0000000000004c87        0x1 
 .rodata.libc.__RAL_find_locale.str1.4
                0x0000000000004c88        0xa /Applications/SEGGER Embedded Studio for ARM 5.68/lib/libc_v7em_fpv4_sp_d16_hard_t_le_eabi.a(libc2.o)
 *fill*         0x0000000000004c92        0x2 
 .rodata.libc.__RAL_ascii_ctype_map
                0x0000000000004c94       0x80 /Applications/SEGGER Embedded Studio for ARM 5.68/lib/libc_v7em_fpv4_sp_d16_hard_t_le_eabi.a(libc2.o)
                0x0000000000004c94                __RAL_ascii_ctype_map
 .rodata.libc.__RAL_ascii_ctype_mask
                0x0000000000004d14        0xd /Applications/SEGGER Embedded Studio for ARM 5.68/lib/libc_v7em_fpv4_sp_d16_hard_t_le_eabi.a(libc2.o)
 *fill*         0x0000000000004d21        0x3 
 .rodata.libc.__RAL_c_locale
                0x0000000000004d24        0xc /Applications/SEGGER Embedded Studio for ARM 5.68/lib/libc_v7em_fpv4_sp_d16_hard_t_le_eabi.a(libc2.o)
                0x0000000000004d24                __RAL_c_locale
 .rodata.libc.__RAL_c_locale_abbrev_day_names
                0x0000000000004d30       0x1d /Applications/SEGGER Embedded Studio for ARM 5.68/lib/libc_v7em_fpv4_sp_d16_hard_t_le_eabi.a(libc2.o)
                0x0000000000004d30                __RAL_c_locale_abbrev_day_names
 *fill*         0x0000000000004d4d        0x3 
 .rodata.libc.__RAL_c_locale_abbrev_month_names
                0x0000000000004d50       0x31 /Applications/SEGGER Embedded Studio for ARM 5.68/lib/libc_v7em_fpv4_sp_d16_hard_t_le_eabi.a(libc2.o)
                0x0000000000004d50                __RAL_c_locale_abbrev_month_names
 *fill*         0x0000000000004d81        0x3 
 .rodata.libc.__RAL_c_locale_am_pm_indicator
                0x0000000000004d84        0x7 /Applications/SEGGER Embedded Studio for ARM 5.68/lib/libc_v7em_fpv4_sp_d16_hard_t_le_eabi.a(libc2.o)
                0x0000000000004d84                __RAL_c_locale_am_pm_indicator
 *fill*         0x0000000000004d8b        0x1 
 .rodata.libc.__RAL_c_locale_data
                0x0000000000004d8c       0x58 /Applications/SEGGER Embedded Studio for ARM 5.68/lib/libc_v7em_fpv4_sp_d16_hard_t_le_eabi.a(libc2.o)
                0x0000000000004d8c                __RAL_c_locale_data
 .rodata.libc.__RAL_c_locale_date_format
                0x0000000000004de4        0x9 /Applications/SEGGER Embedded Studio for ARM 5.68/lib/libc_v7em_fpv4_sp_d16_hard_t_le_eabi.a(libc2.o)
                0x0000000000004de4                __RAL_c_locale_date_format
 *fill*         0x0000000000004ded        0x3 
 .rodata.libc.__RAL_c_locale_date_time_format
                0x0000000000004df0        0xf /Applications/SEGGER Embedded Studio for ARM 5.68/lib/libc_v7em_fpv4_sp_d16_hard_t_le_eabi.a(libc2.o)
                0x0000000000004df0                __RAL_c_locale_date_time_format
 *fill*         0x0000000000004dff        0x1 
 .rodata.libc.__RAL_c_locale_day_names
                0x0000000000004e00       0x3a /Applications/SEGGER Embedded Studio for ARM 5.68/lib/libc_v7em_fpv4_sp_d16_hard_t_le_eabi.a(libc2.o)
                0x0000000000004e00                __RAL_c_locale_day_names
 *fill*         0x0000000000004e3a        0x2 
 .rodata.libc.__RAL_c_locale_month_names
                0x0000000000004e3c       0x57 /Applications/SEGGER Embedded Studio for ARM 5.68/lib/libc_v7em_fpv4_sp_d16_hard_t_le_eabi.a(libc2.o)
                0x0000000000004e3c                __RAL_c_locale_month_names
 *fill*         0x0000000000004e93        0x1 
 .rodata.libc.__RAL_c_locale_time_format
                0x0000000000004e94        0x9 /Applications/SEGGER Embedded Studio for ARM 5.68/lib/libc_v7em_fpv4_sp_d16_hard_t_le_eabi.a(libc2.o)
                0x0000000000004e94                __RAL_c_locale_time_format
 *fill*         0x0000000000004e9d        0x3 
 .rodata.libc.__RAL_codeset_ascii
                0x0000000000004ea0       0x20 /Applications/SEGGER Embedded Studio for ARM 5.68/lib/libc_v7em_fpv4_sp_d16_hard_t_le_eabi.a(libc2.o)
                0x0000000000004ea0                __RAL_codeset_ascii
 .rodata.libc.__RAL_data_empty_string
                0x0000000000004ec0        0x1 /Applications/SEGGER Embedded Studio for ARM 5.68/lib/libc_v7em_fpv4_sp_d16_hard_t_le_eabi.a(libc2.o)
                0x0000000000004ec0                __RAL_data_empty_string
 *fill*         0x0000000000004ec1        0x3 
 .rodata.libc.__RAL_data_utf8_period
                0x0000000000004ec4        0x2 /Applications/SEGGER Embedded Studio for ARM 5.68/lib/libc_v7em_fpv4_sp_d16_hard_t_le_eabi.a(libc2.o)
                0x0000000000004ec4                __RAL_data_utf8_period
                0x0000000000004ec6                __rodata_end__ = (__rodata_start__ + SIZEOF (.rodata))
                0x0000000000000576                __rodata_size__ = SIZEOF (.rodata)
                0x0000000000004ec6                __rodata_load_end__ = __rodata_end__

.rel.dyn        0x0000000000004ec8        0x0
 .rel.iplt      0x0000000000004ec8        0x0 Output/Release/Obj/fatfs_pca10040/thumb_crt0.o
                0x0000000000000001                . = ASSERT (((__rodata_start__ == __rodata_end__) || ((__rodata_end__ - __FLASH_segment_start__) <= __FLASH_segment_size__)), error: .rodata is too large to fit in FLASH memory segment)
                0x0000000000004ec8                __ARM.exidx_load_start__ = ALIGN (__rodata_end__, 0x4)

.ARM.exidx      0x0000000000004ec8        0x0
                0x0000000000004ec8                __ARM.exidx_start__ = .
                0x0000000000004ec8                __exidx_start = __ARM.exidx_start__
 *(.ARM.exidx .ARM.exidx.*)
                0x0000000000004ec8                __ARM.exidx_end__ = (__ARM.exidx_start__ + SIZEOF (.ARM.exidx))
                0x0000000000000000                __ARM.exidx_size__ = SIZEOF (.ARM.exidx)
                0x0000000000004ec8                __exidx_end = __ARM.exidx_end__
                0x0000000000004ec8                __ARM.exidx_load_end__ = __ARM.exidx_end__
                0x0000000000000001                . = ASSERT (((__ARM.exidx_start__ == __ARM.exidx_end__) || ((__ARM.exidx_end__ - __FLASH_segment_start__) <= __FLASH_segment_size__)), error: .ARM.exidx is too large to fit in FLASH memory segment)
                0x0000000000004ec8                __fast_load_start__ = ALIGN (__ARM.exidx_end__, 0x4)

.fast           0x0000000020000018        0x0 load address 0x0000000000004ec8
                0x0000000020000018                __fast_start__ = .
 *(.fast .fast.*)
                0x0000000020000018                __fast_end__ = (__fast_start__ + SIZEOF (.fast))
                0x0000000000000000                __fast_size__ = SIZEOF (.fast)
                0x0000000000004ec8                __fast_load_end__ = (__fast_load_start__ + SIZEOF (.fast))
                0x0000000000000001                . = ASSERT (((__fast_load_start__ == __fast_load_end__) || ((__fast_load_end__ - __FLASH_segment_start__) <= __FLASH_segment_size__)), error: .fast is too large to fit in FLASH memory segment)

.fast_run       0x0000000020000018        0x0
                0x0000000020000018                __fast_run_start__ = .
                0x0000000020000018                __fast_run_end__ = (__fast_run_start__ + SIZEOF (.fast))
                0x0000000000000000                __fast_run_size__ = (__fast_run_end__ - __fast_run_start__)
                0x0000000020000018                __fast_run_load_end__ = __fast_run_end__
                0x0000000000000001                . = ASSERT (((__fast_run_start__ == __fast_run_end__) || ((__fast_run_end__ - __RAM_segment_start__) <= __RAM_segment_size__)), error: .fast_run is too large to fit in RAM memory segment)
                0x0000000000004ec8                __data_load_start__ = ALIGN ((__fast_load_start__ + SIZEOF (.fast)), 0x4)

.data           0x0000000020000018       0x44 load address 0x0000000000004ec8
                0x0000000020000018                __data_start__ = .
 *(.data .data.* .gnu.linkonce.d.*)
 .data.m_uart   0x0000000020000018       0x14 Output/Release/Obj/fatfs_pca10040/nrf_log_backend_uart.o
                0x0000000020000018                m_uart
 .data.uart_log_backend
                0x000000002000002c        0xc Output/Release/Obj/fatfs_pca10040/nrf_log_default_backends.o
 .data.drives.4
                0x0000000020000038        0xc Output/Release/Obj/fatfs_pca10040/main.o
 .data.SystemCoreClock
                0x0000000020000044        0x4 Output/Release/Obj/fatfs_pca10040/system_nrf52.o
                0x0000000020000044                SystemCoreClock
 .data.libc.__RAL_global_locale
                0x0000000020000048       0x14 /Applications/SEGGER Embedded Studio for ARM 5.68/lib/libc_v7em_fpv4_sp_d16_hard_t_le_eabi.a(libc2.o)
                0x0000000020000048                __RAL_global_locale
                0x000000002000005c                __data_end__ = (__data_start__ + SIZEOF (.data))
                0x0000000000000044                __data_size__ = SIZEOF (.data)
                0x0000000000004f0c                __data_load_end__ = (__data_load_start__ + SIZEOF (.data))

.igot.plt       0x0000000100000000        0x0
 .igot.plt      0x0000000100000000        0x0 Output/Release/Obj/fatfs_pca10040/thumb_crt0.o
                0x0000000000000001                . = ASSERT (((__data_load_start__ == __data_load_end__) || ((__data_load_end__ - __FLASH_segment_start__) <= __FLASH_segment_size__)), error: .data is too large to fit in FLASH memory segment)

.data_run       0x0000000020000018        0x0
                0x0000000020000018                __data_run_start__ = .
                0x000000002000005c                __data_run_end__ = (__data_run_start__ + SIZEOF (.data))
                0x0000000000000044                __data_run_size__ = (__data_run_end__ - __data_run_start__)
                0x000000002000005c                __data_run_load_end__ = __data_run_end__
                0x0000000000000001                . = ASSERT (((__data_run_start__ == __data_run_end__) || ((__data_run_end__ - __RAM_segment_start__) <= __RAM_segment_size__)), error: .data_run is too large to fit in RAM memory segment)
                0x0000000000004f0c                __tdata_load_start__ = ALIGN ((__data_load_start__ + SIZEOF (.data)), 0x4)

.tdata          0x000000002000005c        0x0 load address 0x0000000000004f0c
                0x000000002000005c                __tdata_start__ = .
 *(.tdata .tdata.*)
                0x000000002000005c                __tdata_end__ = (__tdata_start__ + SIZEOF (.tdata))
                0x0000000000000000                __tdata_size__ = SIZEOF (.tdata)
                0x0000000000004f0c                __tdata_load_end__ = (__tdata_load_start__ + SIZEOF (.tdata))
                0x0000000000004f0c                __FLASH_segment_used_end__ = (ALIGN ((__data_load_start__ + SIZEOF (.data)), 0x4) + SIZEOF (.tdata))
                0x0000000000004f0c                __FLASH_segment_used_size__ = (__FLASH_segment_used_end__ - __FLASH_segment_start__)
                0x0000000000000001                . = ASSERT (((__tdata_load_start__ == __tdata_load_end__) || ((__tdata_load_end__ - __FLASH_segment_start__) <= __FLASH_segment_size__)), error: .tdata is too large to fit in FLASH memory segment)

.tdata_run      0x000000002000005c        0x0
                0x000000002000005c                __tdata_run_start__ = .
                0x000000002000005c                __tdata_run_end__ = (__tdata_run_start__ + SIZEOF (.tdata))
                0x0000000000000000                __tdata_run_size__ = (__tdata_run_end__ - __tdata_run_start__)
                0x000000002000005c                __tdata_run_load_end__ = __tdata_run_end__
                0x0000000000000001                . = ASSERT (((__tdata_run_start__ == __tdata_run_end__) || ((__tdata_run_end__ - __RAM_segment_start__) <= __RAM_segment_size__)), error: .tdata_run is too large to fit in RAM memory segment)
                0x000000002000005c                __bss_load_start__ = ALIGN (__tdata_run_end__, 0x4)

.bss            0x000000002000005c      0xb06
                0x000000002000005c                __bss_start__ = .
 *(.bss .bss.* .gnu.linkonce.b.*)
 .bss.m_async_mode
                0x000000002000005c        0x1 Output/Release/Obj/fatfs_pca10040/nrf_log_backend_uart.o
 .bss.m_string_buff
                0x000000002000005d       0x40 Output/Release/Obj/fatfs_pca10040/nrf_log_backend_uart.o
 .bss.m_xfer_done
                0x000000002000009d        0x1 Output/Release/Obj/fatfs_pca10040/nrf_log_backend_uart.o
 *fill*         0x000000002000009e        0x2 
 .bss.log_mempool_nrf_balloc_cb
                0x00000000200000a0        0x8 Output/Release/Obj/fatfs_pca10040/nrf_log_frontend.o
 .bss.log_mempool_nrf_balloc_pool_mem
                0x00000000200000a8       0xc0 Output/Release/Obj/fatfs_pca10040/nrf_log_frontend.o
 .bss.log_mempool_nrf_balloc_pool_stack
                0x0000000020000168        0x8 Output/Release/Obj/fatfs_pca10040/nrf_log_frontend.o
 .bss.m_log_data
                0x0000000020000170      0x424 Output/Release/Obj/fatfs_pca10040/nrf_log_frontend.o
 .bss.m_cb      0x0000000020000594       0x5c Output/Release/Obj/fatfs_pca10040/app_sdcard.o
 .bss.m_in_critical_region
                0x00000000200005f0        0x4 Output/Release/Obj/fatfs_pca10040/app_util_platform.o
 .bss.m_active_sdc_dev
                0x00000000200005f4        0x4 Output/Release/Obj/fatfs_pca10040/nrf_block_dev_sdc.o
 .bss.m_last_result
                0x00000000200005f8        0x1 Output/Release/Obj/fatfs_pca10040/nrf_block_dev_sdc.o
 *fill*         0x00000000200005f9        0x3 
 .bss.m_contexts
                0x00000000200005fc        0xc Output/Release/Obj/fatfs_pca10040/nrf_drv_spi.o
 .bss.m_handlers
                0x0000000020000608        0xc Output/Release/Obj/fatfs_pca10040/nrf_drv_spi.o
 .bss.m_contexts
                0x0000000020000614        0x4 Output/Release/Obj/fatfs_pca10040/nrf_drv_uart.o
 .bss.m_handlers
                0x0000000020000618        0x4 Output/Release/Obj/fatfs_pca10040/nrf_drv_uart.o
 .bss.nrf_drv_uart_use_easy_dma
                0x000000002000061c        0x1 Output/Release/Obj/fatfs_pca10040/nrf_drv_uart.o
                0x000000002000061c                nrf_drv_uart_use_easy_dma
 *fill*         0x000000002000061d        0x3 
 .bss.m_prs_box_4
                0x0000000020000620        0x8 Output/Release/Obj/fatfs_pca10040/nrfx_prs.o
 .bss.m_cb      0x0000000020000628       0x24 Output/Release/Obj/fatfs_pca10040/nrfx_spim.o
 .bss.m_cb      0x000000002000064c       0x2c Output/Release/Obj/fatfs_pca10040/nrfx_uart.o
 .bss.m_cb      0x0000000020000678       0x24 Output/Release/Obj/fatfs_pca10040/nrfx_uarte.o
 .bss.dir.2     0x000000002000069c       0x2c Output/Release/Obj/fatfs_pca10040/main.o
 .bss.file.0    0x00000000200006c8      0x228 Output/Release/Obj/fatfs_pca10040/main.o
 .bss.fno.1     0x00000000200008f0       0x18 Output/Release/Obj/fatfs_pca10040/main.o
 .bss.fs.3      0x0000000020000908      0x230 Output/Release/Obj/fatfs_pca10040/main.o
 .bss.m_block_dev_sdc_work
                0x0000000020000b38       0x1c Output/Release/Obj/fatfs_pca10040/main.o
 .bss.m_drives  0x0000000020000b54        0x4 Output/Release/Obj/fatfs_pca10040/diskio_blkdev.o
 .bss.m_drives_count
                0x0000000020000b58        0x1 Output/Release/Obj/fatfs_pca10040/diskio_blkdev.o
 *fill*         0x0000000020000b59        0x3 
 .bss.FatFs     0x0000000020000b5c        0x4 Output/Release/Obj/fatfs_pca10040/ff.o
 .bss.Fsid      0x0000000020000b60        0x2 Output/Release/Obj/fatfs_pca10040/ff.o
 *(COMMON)
                0x0000000020000b62                __bss_end__ = (__bss_start__ + SIZEOF (.bss))
                0x0000000000000b06                __bss_size__ = SIZEOF (.bss)
                0x0000000020000b62                __bss_load_end__ = __bss_end__
                0x0000000000000001                . = ASSERT (((__bss_start__ == __bss_end__) || ((__bss_end__ - __RAM_segment_start__) <= __RAM_segment_size__)), error: .bss is too large to fit in RAM memory segment)
                0x0000000020000b64                __tbss_load_start__ = ALIGN (__bss_end__, 0x4)

.tbss           0x0000000020000b64        0x0
                0x0000000020000b64                __tbss_start__ = .
 *(.tbss .tbss.*)
                0x0000000020000b64                __tbss_end__ = (__tbss_start__ + SIZEOF (.tbss))
                0x0000000000000000                __tbss_size__ = SIZEOF (.tbss)
                0x0000000020000b64                __tbss_load_end__ = __tbss_end__
                0x0000000000000001                . = ASSERT (((__tbss_start__ == __tbss_end__) || ((__tbss_end__ - __RAM_segment_start__) <= __RAM_segment_size__)), error: .tbss is too large to fit in RAM memory segment)
                0x0000000020000b64                __non_init_load_start__ = ALIGN (__tbss_end__, 0x4)

.non_init       0x0000000020000b64        0x0
                0x0000000020000b64                __non_init_start__ = .
 *(.non_init .non_init.*)
                0x0000000020000b64                __non_init_end__ = (__non_init_start__ + SIZEOF (.non_init))
                0x0000000000000000                __non_init_size__ = SIZEOF (.non_init)
                0x0000000020000b64                __non_init_load_end__ = __non_init_end__
                0x0000000000000001                . = ASSERT (((__non_init_start__ == __non_init_end__) || ((__non_init_end__ - __RAM_segment_start__) <= __RAM_segment_size__)), error: .non_init is too large to fit in RAM memory segment)
                0x0000000020000b64                __heap_load_start__ = ALIGN (__non_init_end__, 0x4)

.heap           0x0000000020000b64     0x2000
                0x0000000020000b64                __heap_start__ = .
 *(.heap .heap.*)
                0x0000000020002b64                . = ALIGN (MAX ((__heap_start__ + __HEAPSIZE__), .), 0x4)
 *fill*         0x0000000020000b64     0x2000 
                0x0000000020002b64                __heap_end__ = (__heap_start__ + SIZEOF (.heap))
                0x0000000000002000                __heap_size__ = SIZEOF (.heap)
                0x0000000020002b64                __heap_load_end__ = __heap_end__
                0x0000000000000001                . = ASSERT (((__heap_start__ == __heap_end__) || ((__heap_end__ - __RAM_segment_start__) <= __RAM_segment_size__)), error: .heap is too large to fit in RAM memory segment)
                0x000000002000e000                __stack_load_start__ = (__RAM_segment_start__ + (__RAM_segment_size__ - 0x2000))

.stack          0x000000002000e000     0x2000
                0x000000002000e000                __stack_start__ = .
                0x000000002000e000                __StackLimit = __stack_start__
 *(.stack .stack.*)
                0x0000000020010000                . = ALIGN (MAX ((__stack_start__ + __STACKSIZE__), .), 0x8)
 *fill*         0x000000002000e000     0x2000 
                0x0000000020010000                __stack_end__ = (__stack_start__ + SIZEOF (.stack))
                0x0000000000002000                __stack_size__ = SIZEOF (.stack)
                0x0000000020010000                __StackTop = __stack_end__
                0x0000000020010000                __stack_load_end__ = __stack_end__
                0x0000000000000001                . = ASSERT (((__stack_start__ == __stack_end__) || ((__stack_end__ - __RAM_segment_start__) <= __RAM_segment_size__)), error: .stack is too large to fit in RAM memory segment)
                0x0000000000000001                . = ASSERT ((__heap_end__ <= __stack_start__), error: section .heap overlaps absolute placed section .stack)
                0x0000000020010000                __stack_process_load_start__ = ALIGN (__stack_end__, 0x8)

.stack_process  0x0000000020010000        0x0
                0x0000000020010000                __stack_process_start__ = .
 *(.stack_process .stack_process.*)
                0x0000000020010000                . = ALIGN (MAX ((__stack_process_start__ + __STACKSIZE_PROCESS__), .), 0x8)
                0x0000000020010000                __stack_process_end__ = (__stack_process_start__ + SIZEOF (.stack_process))
                0x0000000000000000                __stack_process_size__ = SIZEOF (.stack_process)
                0x0000000020010000                __stack_process_load_end__ = __stack_process_end__
                0x0000000020010000                __RAM_segment_used_end__ = (ALIGN (__stack_end__, 0x8) + SIZEOF (.stack_process))
                0x0000000000010000                __RAM_segment_used_size__ = (__RAM_segment_used_end__ - __RAM_segment_start__)
                0x0000000000000001                . = ASSERT (((__stack_process_start__ == __stack_process_end__) || ((__stack_process_end__ - __RAM_segment_start__) <= __RAM_segment_size__)), error: .stack_process is too large to fit in RAM memory segment)
START GROUP
LOAD Output/Release/Obj/fatfs_pca10040/thumb_crt0.o
LOAD Output/Release/Obj/fatfs_pca10040/nrf_log_backend_rtt.o
LOAD Output/Release/Obj/fatfs_pca10040/nrf_log_backend_serial.o
LOAD Output/Release/Obj/fatfs_pca10040/nrf_log_backend_uart.o
LOAD Output/Release/Obj/fatfs_pca10040/nrf_log_default_backends.o
LOAD Output/Release/Obj/fatfs_pca10040/nrf_log_frontend.o
LOAD Output/Release/Obj/fatfs_pca10040/nrf_log_str_formatter.o
LOAD Output/Release/Obj/fatfs_pca10040/boards.o
LOAD Output/Release/Obj/fatfs_pca10040/app_error.o
LOAD Output/Release/Obj/fatfs_pca10040/app_error_handler_gcc.o
LOAD Output/Release/Obj/fatfs_pca10040/app_error_weak.o
LOAD Output/Release/Obj/fatfs_pca10040/app_fifo.o
LOAD Output/Release/Obj/fatfs_pca10040/app_sdcard.o
LOAD Output/Release/Obj/fatfs_pca10040/app_uart_fifo.o
LOAD Output/Release/Obj/fatfs_pca10040/app_util_platform.o
LOAD Output/Release/Obj/fatfs_pca10040/nrf_assert.o
LOAD Output/Release/Obj/fatfs_pca10040/nrf_atomic.o
LOAD Output/Release/Obj/fatfs_pca10040/nrf_balloc.o
LOAD Output/Release/Obj/fatfs_pca10040/nrf_block_dev_sdc.o
LOAD Output/Release/Obj/fatfs_pca10040/nrf_fprintf.o
LOAD Output/Release/Obj/fatfs_pca10040/nrf_fprintf_format.o
LOAD Output/Release/Obj/fatfs_pca10040/nrf_memobj.o
LOAD Output/Release/Obj/fatfs_pca10040/nrf_strerror.o
LOAD Output/Release/Obj/fatfs_pca10040/nrf_drv_spi.o
LOAD Output/Release/Obj/fatfs_pca10040/nrf_drv_uart.o
LOAD Output/Release/Obj/fatfs_pca10040/nrfx_prs.o
LOAD Output/Release/Obj/fatfs_pca10040/nrfx_spi.o
LOAD Output/Release/Obj/fatfs_pca10040/nrfx_spim.o
LOAD Output/Release/Obj/fatfs_pca10040/nrfx_uart.o
LOAD Output/Release/Obj/fatfs_pca10040/nrfx_uarte.o
LOAD Output/Release/Obj/fatfs_pca10040/main.o
LOAD Output/Release/Obj/fatfs_pca10040/SEGGER_RTT.o
LOAD Output/Release/Obj/fatfs_pca10040/SEGGER_RTT_Syscalls_SES.o
LOAD Output/Release/Obj/fatfs_pca10040/SEGGER_RTT_printf.o
LOAD Output/Release/Obj/fatfs_pca10040/diskio_blkdev.o
LOAD Output/Release/Obj/fatfs_pca10040/ff.o
LOAD Output/Release/Obj/fatfs_pca10040/ses_nRF_Startup.o
LOAD Output/Release/Obj/fatfs_pca10040/ses_nrf52_Vectors.o
LOAD Output/Release/Obj/fatfs_pca10040/system_nrf52.o
LOAD /Users/waewtasaw/Library/SEGGER/SEGGER Embedded Studio/v3/packages/libraries/libcxx/lib/libcxx_noexcept_v7em_fpv4_sp_d16_hard_t_le_eabi.a
LOAD /Applications/SEGGER Embedded Studio for ARM 5.68/lib/libm_v7em_fpv4_sp_d16_hard_t_le_eabi.a
LOAD /Applications/SEGGER Embedded Studio for ARM 5.68/lib/libc_v7em_fpv4_sp_d16_hard_t_le_eabi.a
LOAD /Applications/SEGGER Embedded Studio for ARM 5.68/lib/libdebugio_v7em_fpv4_sp_d16_hard_t_le_eabi.a
END GROUP
OUTPUT(Output/Release/Exe/fatfs_pca10040.elf elf32-littlearm)
LOAD linker stubs

.ARM.attributes
                0x0000000000000000       0x32
 .ARM.attributes
                0x0000000000000000       0x20 Output/Release/Obj/fatfs_pca10040/thumb_crt0.o
 .ARM.attributes
                0x0000000000000020       0x36 Output/Release/Obj/fatfs_pca10040/nrf_log_backend_serial.o
 .ARM.attributes
                0x0000000000000056       0x36 Output/Release/Obj/fatfs_pca10040/nrf_log_backend_uart.o
 .ARM.attributes
                0x000000000000008c       0x36 Output/Release/Obj/fatfs_pca10040/nrf_log_default_backends.o
 .ARM.attributes
                0x00000000000000c2       0x36 Output/Release/Obj/fatfs_pca10040/nrf_log_frontend.o
 .ARM.attributes
                0x00000000000000f8       0x36 Output/Release/Obj/fatfs_pca10040/nrf_log_str_formatter.o
 .ARM.attributes
                0x000000000000012e       0x36 Output/Release/Obj/fatfs_pca10040/boards.o
 .ARM.attributes
                0x0000000000000164       0x36 Output/Release/Obj/fatfs_pca10040/app_error.o
 .ARM.attributes
                0x000000000000019a       0x36 Output/Release/Obj/fatfs_pca10040/app_error_weak.o
 .ARM.attributes
                0x00000000000001d0       0x36 Output/Release/Obj/fatfs_pca10040/app_sdcard.o
 .ARM.attributes
                0x0000000000000206       0x36 Output/Release/Obj/fatfs_pca10040/app_util_platform.o
 .ARM.attributes
                0x000000000000023c       0x36 Output/Release/Obj/fatfs_pca10040/nrf_atomic.o
 .ARM.attributes
                0x0000000000000272       0x36 Output/Release/Obj/fatfs_pca10040/nrf_balloc.o
 .ARM.attributes
                0x00000000000002a8       0x36 Output/Release/Obj/fatfs_pca10040/nrf_block_dev_sdc.o
 .ARM.attributes
                0x00000000000002de       0x36 Output/Release/Obj/fatfs_pca10040/nrf_fprintf.o
 .ARM.attributes
                0x0000000000000314       0x36 Output/Release/Obj/fatfs_pca10040/nrf_fprintf_format.o
 .ARM.attributes
                0x000000000000034a       0x36 Output/Release/Obj/fatfs_pca10040/nrf_memobj.o
 .ARM.attributes
                0x0000000000000380       0x36 Output/Release/Obj/fatfs_pca10040/nrf_drv_spi.o
 .ARM.attributes
                0x00000000000003b6       0x36 Output/Release/Obj/fatfs_pca10040/nrf_drv_uart.o
 .ARM.attributes
                0x00000000000003ec       0x36 Output/Release/Obj/fatfs_pca10040/nrfx_prs.o
 .ARM.attributes
                0x0000000000000422       0x36 Output/Release/Obj/fatfs_pca10040/nrfx_spim.o
 .ARM.attributes
                0x0000000000000458       0x36 Output/Release/Obj/fatfs_pca10040/nrfx_uart.o
 .ARM.attributes
                0x000000000000048e       0x36 Output/Release/Obj/fatfs_pca10040/nrfx_uarte.o
 .ARM.attributes
                0x00000000000004c4       0x36 Output/Release/Obj/fatfs_pca10040/main.o
 .ARM.attributes
                0x00000000000004fa       0x36 Output/Release/Obj/fatfs_pca10040/diskio_blkdev.o
 .ARM.attributes
                0x0000000000000530       0x36 Output/Release/Obj/fatfs_pca10040/ff.o
 .ARM.attributes
                0x0000000000000566       0x20 Output/Release/Obj/fatfs_pca10040/ses_nRF_Startup.o
 .ARM.attributes
                0x0000000000000586       0x20 Output/Release/Obj/fatfs_pca10040/ses_nrf52_Vectors.o
 .ARM.attributes
                0x00000000000005a6       0x36 Output/Release/Obj/fatfs_pca10040/system_nrf52.o
 .ARM.attributes
                0x00000000000005dc       0x36 /Applications/SEGGER Embedded Studio for ARM 5.68/lib/libc_v7em_fpv4_sp_d16_hard_t_le_eabi.a(libc2.o)
 .ARM.attributes
                0x0000000000000612       0x20 /Applications/SEGGER Embedded Studio for ARM 5.68/lib/libc_v7em_fpv4_sp_d16_hard_t_le_eabi.a(libc2_asm.o)

.comment        0x0000000000000000       0x3f
 .comment       0x0000000000000000       0x3f Output/Release/Obj/fatfs_pca10040/nrf_log_backend_serial.o
                                         0x40 (size before relaxing)
 .comment       0x000000000000003f       0x40 Output/Release/Obj/fatfs_pca10040/nrf_log_backend_uart.o
 .comment       0x000000000000003f       0x40 Output/Release/Obj/fatfs_pca10040/nrf_log_default_backends.o
 .comment       0x000000000000003f       0x40 Output/Release/Obj/fatfs_pca10040/nrf_log_frontend.o
 .comment       0x000000000000003f       0x40 Output/Release/Obj/fatfs_pca10040/nrf_log_str_formatter.o
 .comment       0x000000000000003f       0x40 Output/Release/Obj/fatfs_pca10040/boards.o
 .comment       0x000000000000003f       0x40 Output/Release/Obj/fatfs_pca10040/app_error.o
 .comment       0x000000000000003f       0x40 Output/Release/Obj/fatfs_pca10040/app_error_weak.o
 .comment       0x000000000000003f       0x40 Output/Release/Obj/fatfs_pca10040/app_sdcard.o
 .comment       0x000000000000003f       0x40 Output/Release/Obj/fatfs_pca10040/app_util_platform.o
 .comment       0x000000000000003f       0x40 Output/Release/Obj/fatfs_pca10040/nrf_atomic.o
 .comment       0x000000000000003f       0x40 Output/Release/Obj/fatfs_pca10040/nrf_balloc.o
 .comment       0x000000000000003f       0x40 Output/Release/Obj/fatfs_pca10040/nrf_block_dev_sdc.o
 .comment       0x000000000000003f       0x40 Output/Release/Obj/fatfs_pca10040/nrf_fprintf.o
 .comment       0x000000000000003f       0x40 Output/Release/Obj/fatfs_pca10040/nrf_fprintf_format.o
 .comment       0x000000000000003f       0x40 Output/Release/Obj/fatfs_pca10040/nrf_memobj.o
 .comment       0x000000000000003f       0x40 Output/Release/Obj/fatfs_pca10040/nrf_drv_spi.o
 .comment       0x000000000000003f       0x40 Output/Release/Obj/fatfs_pca10040/nrf_drv_uart.o
 .comment       0x000000000000003f       0x40 Output/Release/Obj/fatfs_pca10040/nrfx_prs.o
 .comment       0x000000000000003f       0x40 Output/Release/Obj/fatfs_pca10040/nrfx_spim.o
 .comment       0x000000000000003f       0x40 Output/Release/Obj/fatfs_pca10040/nrfx_uart.o
 .comment       0x000000000000003f       0x40 Output/Release/Obj/fatfs_pca10040/nrfx_uarte.o
 .comment       0x000000000000003f       0x40 Output/Release/Obj/fatfs_pca10040/main.o
 .comment       0x000000000000003f       0x40 Output/Release/Obj/fatfs_pca10040/diskio_blkdev.o
 .comment       0x000000000000003f       0x40 Output/Release/Obj/fatfs_pca10040/ff.o
 .comment       0x000000000000003f       0x40 Output/Release/Obj/fatfs_pca10040/system_nrf52.o
 .comment       0x000000000000003f       0x40 /Applications/SEGGER Embedded Studio for ARM 5.68/lib/libc_v7em_fpv4_sp_d16_hard_t_le_eabi.a(libc2.o)

.debug_line     0x0000000000000000    0x1438e
 .debug_line    0x0000000000000000      0x214 Output/Release/Obj/fatfs_pca10040/thumb_crt0.o
 .debug_line    0x0000000000000214      0x798 Output/Release/Obj/fatfs_pca10040/nrf_log_backend_serial.o
 .debug_line    0x00000000000009ac      0x9fe Output/Release/Obj/fatfs_pca10040/nrf_log_backend_uart.o
 .debug_line    0x00000000000013aa      0x693 Output/Release/Obj/fatfs_pca10040/nrf_log_default_backends.o
 .debug_line    0x0000000000001a3d     0x1439 Output/Release/Obj/fatfs_pca10040/nrf_log_frontend.o
 .debug_line    0x0000000000002e76      0x88f Output/Release/Obj/fatfs_pca10040/nrf_log_str_formatter.o
 .debug_line    0x0000000000003705      0xb4d Output/Release/Obj/fatfs_pca10040/boards.o
 .debug_line    0x0000000000004252      0x432 Output/Release/Obj/fatfs_pca10040/app_error.o
 .debug_line    0x0000000000004684      0x79a Output/Release/Obj/fatfs_pca10040/app_error_weak.o
 .debug_line    0x0000000000004e1e     0x18ee Output/Release/Obj/fatfs_pca10040/app_sdcard.o
 .debug_line    0x000000000000670c      0x4b0 Output/Release/Obj/fatfs_pca10040/app_util_platform.o
 .debug_line    0x0000000000006bbc      0x725 Output/Release/Obj/fatfs_pca10040/nrf_atomic.o
 .debug_line    0x00000000000072e1      0x75b Output/Release/Obj/fatfs_pca10040/nrf_balloc.o
 .debug_line    0x0000000000007a3c      0x877 Output/Release/Obj/fatfs_pca10040/nrf_block_dev_sdc.o
 .debug_line    0x00000000000082b3      0x461 Output/Release/Obj/fatfs_pca10040/nrf_fprintf.o
 .debug_line    0x0000000000008714      0x8ba Output/Release/Obj/fatfs_pca10040/nrf_fprintf_format.o
 .debug_line    0x0000000000008fce      0x8d3 Output/Release/Obj/fatfs_pca10040/nrf_memobj.o
 .debug_line    0x00000000000098a1      0x6b8 Output/Release/Obj/fatfs_pca10040/nrf_drv_spi.o
 .debug_line    0x0000000000009f59      0x6ed Output/Release/Obj/fatfs_pca10040/nrf_drv_uart.o
 .debug_line    0x000000000000a646      0x7d0 Output/Release/Obj/fatfs_pca10040/nrfx_prs.o
 .debug_line    0x000000000000ae16     0x1366 Output/Release/Obj/fatfs_pca10040/nrfx_spim.o
 .debug_line    0x000000000000c17c     0x17f2 Output/Release/Obj/fatfs_pca10040/nrfx_uart.o
 .debug_line    0x000000000000d96e     0x15fb Output/Release/Obj/fatfs_pca10040/nrfx_uarte.o
 .debug_line    0x000000000000ef69      0xc72 Output/Release/Obj/fatfs_pca10040/main.o
 .debug_line    0x000000000000fbdb      0x98b Output/Release/Obj/fatfs_pca10040/diskio_blkdev.o
 .debug_line    0x0000000000010566     0x3646 Output/Release/Obj/fatfs_pca10040/ff.o
 .debug_line    0x0000000000013bac       0xac Output/Release/Obj/fatfs_pca10040/ses_nRF_Startup.o
 .debug_line    0x0000000000013c58       0xb5 Output/Release/Obj/fatfs_pca10040/ses_nrf52_Vectors.o
 .debug_line    0x0000000000013d0d      0x681 Output/Release/Obj/fatfs_pca10040/system_nrf52.o

.debug_info     0x0000000000000000    0x1da73
 .debug_info    0x0000000000000000       0x22 Output/Release/Obj/fatfs_pca10040/thumb_crt0.o
 .debug_info    0x0000000000000022      0x7b8 Output/Release/Obj/fatfs_pca10040/nrf_log_backend_serial.o
 .debug_info    0x00000000000007da     0x10eb Output/Release/Obj/fatfs_pca10040/nrf_log_backend_uart.o
 .debug_info    0x00000000000018c5      0x2a5 Output/Release/Obj/fatfs_pca10040/nrf_log_default_backends.o
 .debug_info    0x0000000000001b6a     0x2456 Output/Release/Obj/fatfs_pca10040/nrf_log_frontend.o
 .debug_info    0x0000000000003fc0      0x7a6 Output/Release/Obj/fatfs_pca10040/nrf_log_str_formatter.o
 .debug_info    0x0000000000004766      0xc0e Output/Release/Obj/fatfs_pca10040/boards.o
 .debug_info    0x0000000000005374      0x2b0 Output/Release/Obj/fatfs_pca10040/app_error.o
 .debug_info    0x0000000000005624      0x468 Output/Release/Obj/fatfs_pca10040/app_error_weak.o
 .debug_info    0x0000000000005a8c     0x2959 Output/Release/Obj/fatfs_pca10040/app_sdcard.o
 .debug_info    0x00000000000083e5      0x77d Output/Release/Obj/fatfs_pca10040/app_util_platform.o
 .debug_info    0x0000000000008b62      0x933 Output/Release/Obj/fatfs_pca10040/nrf_atomic.o
 .debug_info    0x0000000000009495      0x3e9 Output/Release/Obj/fatfs_pca10040/nrf_balloc.o
 .debug_info    0x000000000000987e      0xb8c Output/Release/Obj/fatfs_pca10040/nrf_block_dev_sdc.o
 .debug_info    0x000000000000a40a      0x233 Output/Release/Obj/fatfs_pca10040/nrf_fprintf.o
 .debug_info    0x000000000000a63d      0x70b Output/Release/Obj/fatfs_pca10040/nrf_fprintf_format.o
 .debug_info    0x000000000000ad48      0x95a Output/Release/Obj/fatfs_pca10040/nrf_memobj.o
 .debug_info    0x000000000000b6a2      0xdfe Output/Release/Obj/fatfs_pca10040/nrf_drv_spi.o
 .debug_info    0x000000000000c4a0     0x1167 Output/Release/Obj/fatfs_pca10040/nrf_drv_uart.o
 .debug_info    0x000000000000d607      0x7eb Output/Release/Obj/fatfs_pca10040/nrfx_prs.o
 .debug_info    0x000000000000ddf2     0x29d7 Output/Release/Obj/fatfs_pca10040/nrfx_spim.o
 .debug_info    0x00000000000107c9     0x3190 Output/Release/Obj/fatfs_pca10040/nrfx_uart.o
 .debug_info    0x0000000000013959     0x3081 Output/Release/Obj/fatfs_pca10040/nrfx_uarte.o
 .debug_info    0x00000000000169da      0xead Output/Release/Obj/fatfs_pca10040/main.o
 .debug_info    0x0000000000017887      0xaf7 Output/Release/Obj/fatfs_pca10040/diskio_blkdev.o
 .debug_info    0x000000000001837e     0x44d9 Output/Release/Obj/fatfs_pca10040/ff.o
 .debug_info    0x000000000001c857       0x23 Output/Release/Obj/fatfs_pca10040/ses_nRF_Startup.o
 .debug_info    0x000000000001c87a       0x23 Output/Release/Obj/fatfs_pca10040/ses_nrf52_Vectors.o
 .debug_info    0x000000000001c89d     0x11d6 Output/Release/Obj/fatfs_pca10040/system_nrf52.o

.debug_abbrev   0x0000000000000000     0x4ad9
 .debug_abbrev  0x0000000000000000       0x12 Output/Release/Obj/fatfs_pca10040/thumb_crt0.o
 .debug_abbrev  0x0000000000000012      0x214 Output/Release/Obj/fatfs_pca10040/nrf_log_backend_serial.o
 .debug_abbrev  0x0000000000000226      0x3a9 Output/Release/Obj/fatfs_pca10040/nrf_log_backend_uart.o
 .debug_abbrev  0x00000000000005cf      0x193 Output/Release/Obj/fatfs_pca10040/nrf_log_default_backends.o
 .debug_abbrev  0x0000000000000762      0x5fb Output/Release/Obj/fatfs_pca10040/nrf_log_frontend.o
 .debug_abbrev  0x0000000000000d5d      0x1f2 Output/Release/Obj/fatfs_pca10040/nrf_log_str_formatter.o
 .debug_abbrev  0x0000000000000f4f      0x2e9 Output/Release/Obj/fatfs_pca10040/boards.o
 .debug_abbrev  0x0000000000001238      0x13e Output/Release/Obj/fatfs_pca10040/app_error.o
 .debug_abbrev  0x0000000000001376      0x1eb Output/Release/Obj/fatfs_pca10040/app_error_weak.o
 .debug_abbrev  0x0000000000001561      0x549 Output/Release/Obj/fatfs_pca10040/app_sdcard.o
 .debug_abbrev  0x0000000000001aaa      0x22d Output/Release/Obj/fatfs_pca10040/app_util_platform.o
 .debug_abbrev  0x0000000000001cd7      0x199 Output/Release/Obj/fatfs_pca10040/nrf_atomic.o
 .debug_abbrev  0x0000000000001e70      0x1fc Output/Release/Obj/fatfs_pca10040/nrf_balloc.o
 .debug_abbrev  0x000000000000206c      0x299 Output/Release/Obj/fatfs_pca10040/nrf_block_dev_sdc.o
 .debug_abbrev  0x0000000000002305      0x146 Output/Release/Obj/fatfs_pca10040/nrf_fprintf.o
 .debug_abbrev  0x000000000000244b      0x2b1 Output/Release/Obj/fatfs_pca10040/nrf_fprintf_format.o
 .debug_abbrev  0x00000000000026fc      0x234 Output/Release/Obj/fatfs_pca10040/nrf_memobj.o
 .debug_abbrev  0x0000000000002930      0x258 Output/Release/Obj/fatfs_pca10040/nrf_drv_spi.o
 .debug_abbrev  0x0000000000002b88      0x21e Output/Release/Obj/fatfs_pca10040/nrf_drv_uart.o
 .debug_abbrev  0x0000000000002da6      0x298 Output/Release/Obj/fatfs_pca10040/nrfx_prs.o
 .debug_abbrev  0x000000000000303e      0x444 Output/Release/Obj/fatfs_pca10040/nrfx_spim.o
 .debug_abbrev  0x0000000000003482      0x56f Output/Release/Obj/fatfs_pca10040/nrfx_uart.o
 .debug_abbrev  0x00000000000039f1      0x527 Output/Release/Obj/fatfs_pca10040/nrfx_uarte.o
 .debug_abbrev  0x0000000000003f18      0x28e Output/Release/Obj/fatfs_pca10040/main.o
 .debug_abbrev  0x00000000000041a6      0x36f Output/Release/Obj/fatfs_pca10040/diskio_blkdev.o
 .debug_abbrev  0x0000000000004515      0x364 Output/Release/Obj/fatfs_pca10040/ff.o
 .debug_abbrev  0x0000000000004879       0x14 Output/Release/Obj/fatfs_pca10040/ses_nRF_Startup.o
 .debug_abbrev  0x000000000000488d       0x14 Output/Release/Obj/fatfs_pca10040/ses_nrf52_Vectors.o
 .debug_abbrev  0x00000000000048a1      0x238 Output/Release/Obj/fatfs_pca10040/system_nrf52.o

.debug_aranges  0x0000000000000000      0x9d8
 .debug_aranges
                0x0000000000000000       0x98 Output/Release/Obj/fatfs_pca10040/thumb_crt0.o
 .debug_aranges
                0x0000000000000098       0x20 Output/Release/Obj/fatfs_pca10040/nrf_log_backend_serial.o
 .debug_aranges
                0x00000000000000b8       0x50 Output/Release/Obj/fatfs_pca10040/nrf_log_backend_uart.o
 .debug_aranges
                0x0000000000000108       0x20 Output/Release/Obj/fatfs_pca10040/nrf_log_default_backends.o
 .debug_aranges
                0x0000000000000128       0xd0 Output/Release/Obj/fatfs_pca10040/nrf_log_frontend.o
 .debug_aranges
                0x00000000000001f8       0x40 Output/Release/Obj/fatfs_pca10040/nrf_log_str_formatter.o
 .debug_aranges
                0x0000000000000238       0x78 Output/Release/Obj/fatfs_pca10040/boards.o
 .debug_aranges
                0x00000000000002b0       0x28 Output/Release/Obj/fatfs_pca10040/app_error.o
 .debug_aranges
                0x00000000000002d8       0x20 Output/Release/Obj/fatfs_pca10040/app_error_weak.o
 .debug_aranges
                0x00000000000002f8       0x68 Output/Release/Obj/fatfs_pca10040/app_sdcard.o
 .debug_aranges
                0x0000000000000360       0x48 Output/Release/Obj/fatfs_pca10040/app_util_platform.o
 .debug_aranges
                0x00000000000003a8       0xb0 Output/Release/Obj/fatfs_pca10040/nrf_atomic.o
 .debug_aranges
                0x0000000000000458       0x30 Output/Release/Obj/fatfs_pca10040/nrf_balloc.o
 .debug_aranges
                0x0000000000000488       0x58 Output/Release/Obj/fatfs_pca10040/nrf_block_dev_sdc.o
 .debug_aranges
                0x00000000000004e0       0x28 Output/Release/Obj/fatfs_pca10040/nrf_fprintf.o
 .debug_aranges
                0x0000000000000508       0x30 Output/Release/Obj/fatfs_pca10040/nrf_fprintf_format.o
 .debug_aranges
                0x0000000000000538       0x50 Output/Release/Obj/fatfs_pca10040/nrf_memobj.o
 .debug_aranges
                0x0000000000000588       0x28 Output/Release/Obj/fatfs_pca10040/nrf_drv_spi.o
 .debug_aranges
                0x00000000000005b0       0x30 Output/Release/Obj/fatfs_pca10040/nrf_drv_uart.o
 .debug_aranges
                0x00000000000005e0       0x30 Output/Release/Obj/fatfs_pca10040/nrfx_prs.o
 .debug_aranges
                0x0000000000000610       0x50 Output/Release/Obj/fatfs_pca10040/nrfx_spim.o
 .debug_aranges
                0x0000000000000660       0xa0 Output/Release/Obj/fatfs_pca10040/nrfx_uart.o
 .debug_aranges
                0x0000000000000700       0x78 Output/Release/Obj/fatfs_pca10040/nrfx_uarte.o
 .debug_aranges
                0x0000000000000778       0x20 Output/Release/Obj/fatfs_pca10040/main.o
 .debug_aranges
                0x0000000000000798       0x60 Output/Release/Obj/fatfs_pca10040/diskio_blkdev.o
 .debug_aranges
                0x00000000000007f8      0x168 Output/Release/Obj/fatfs_pca10040/ff.o
 .debug_aranges
                0x0000000000000960       0x20 Output/Release/Obj/fatfs_pca10040/ses_nRF_Startup.o
 .debug_aranges
                0x0000000000000980       0x20 Output/Release/Obj/fatfs_pca10040/ses_nrf52_Vectors.o
 .debug_aranges
                0x00000000000009a0       0x38 Output/Release/Obj/fatfs_pca10040/system_nrf52.o

.debug_str      0x0000000000000000    0x75768
 .debug_str     0x0000000000000000       0xb0 Output/Release/Obj/fatfs_pca10040/thumb_crt0.o
 .debug_str     0x00000000000000b0    0x66532 Output/Release/Obj/fatfs_pca10040/nrf_log_backend_serial.o
                                      0x6722c (size before relaxing)
 .debug_str     0x00000000000665e2     0x3ec5 Output/Release/Obj/fatfs_pca10040/nrf_log_backend_uart.o
                                      0x6ab76 (size before relaxing)
 .debug_str     0x000000000006a4a7      0x14e Output/Release/Obj/fatfs_pca10040/nrf_log_default_backends.o
                                      0x66fb9 (size before relaxing)
 .debug_str     0x000000000006a5f5     0x139c Output/Release/Obj/fatfs_pca10040/nrf_log_frontend.o
                                      0x684c3 (size before relaxing)
 .debug_str     0x000000000006b991      0x2ff Output/Release/Obj/fatfs_pca10040/nrf_log_str_formatter.o
                                      0x672c6 (size before relaxing)
 .debug_str     0x000000000006bc90     0x1579 Output/Release/Obj/fatfs_pca10040/boards.o
                                      0x67a7d (size before relaxing)
 .debug_str     0x000000000006d209      0x111 Output/Release/Obj/fatfs_pca10040/app_error.o
                                      0x5ce40 (size before relaxing)
 .debug_str     0x000000000006d31a       0xec Output/Release/Obj/fatfs_pca10040/app_error_weak.o
                                      0x67635 (size before relaxing)
 .debug_str     0x000000000006d406     0x2581 Output/Release/Obj/fatfs_pca10040/app_sdcard.o
                                      0x68fba (size before relaxing)
 .debug_str     0x000000000006f987      0x3c4 Output/Release/Obj/fatfs_pca10040/app_util_platform.o
                                      0x5d63a (size before relaxing)
 .debug_str     0x000000000006fd4b      0x6d6 Output/Release/Obj/fatfs_pca10040/nrf_atomic.o
                                      0x63be6 (size before relaxing)
 .debug_str     0x0000000000070421      0x15c Output/Release/Obj/fatfs_pca10040/nrf_balloc.o
                                      0x6730e (size before relaxing)
 .debug_str     0x000000000007057d      0x7ae Output/Release/Obj/fatfs_pca10040/nrf_block_dev_sdc.o
                                      0x646bd (size before relaxing)
 .debug_str     0x0000000000070d2b      0x11f Output/Release/Obj/fatfs_pca10040/nrf_fprintf.o
                                      0x63777 (size before relaxing)
 .debug_str     0x0000000000070e4a      0x13a Output/Release/Obj/fatfs_pca10040/nrf_fprintf_format.o
                                      0x6387d (size before relaxing)
 .debug_str     0x0000000000070f84      0x1bc Output/Release/Obj/fatfs_pca10040/nrf_memobj.o
                                      0x65747 (size before relaxing)
 .debug_str     0x0000000000071140      0x28d Output/Release/Obj/fatfs_pca10040/nrf_drv_spi.o